Archive member included to satisfy reference by file (symbol)

D:/devkitPro/libgba/lib\libgba.a(interrupt.o)
                              main_project.o (irqInit)
D:/devkitPro/libgba/lib\libgba.a(console.o)
                              main_project.o (consoleDemoInit)
D:/devkitPro/libgba/lib\libgba.a(InterruptDispatcher.o)
                              D:/devkitPro/libgba/lib\libgba.a(interrupt.o) (IntrMain)
D:/devkitPro/libgba/lib\libgba.a(amiga.fnt.o)
                              D:/devkitPro/libgba/lib\libgba.a(console.o) (amiga_fnt_size)
D:/devkitPro/libgba/lib\libgba.a(CpuSet.o)
                              D:/devkitPro/libgba/lib\libgba.a(console.o) (CpuFastSet)
d:/devkitpro/devkitarm/bin/../lib/gcc/arm-none-eabi/9.1.0/../../../../arm-none-eabi/lib/thumb\libg.a(lib_a-init.o)
                              d:/devkitpro/devkitarm/bin/../lib/gcc/arm-none-eabi/9.1.0/../../../../arm-none-eabi/lib/thumb/gba_crt0.o (__libc_init_array)
d:/devkitpro/devkitarm/bin/../lib/gcc/arm-none-eabi/9.1.0/../../../../arm-none-eabi/lib/thumb\libg.a(lib_a-iprintf.o)
                              main_project.o (iprintf)
d:/devkitpro/devkitarm/bin/../lib/gcc/arm-none-eabi/9.1.0/../../../../arm-none-eabi/lib/thumb\libg.a(lib_a-printf.o)
                              main_project.o (printf)
d:/devkitpro/devkitarm/bin/../lib/gcc/arm-none-eabi/9.1.0/../../../../arm-none-eabi/lib/thumb\libg.a(lib_a-setvbuf.o)
                              D:/devkitPro/libgba/lib\libgba.a(console.o) (setvbuf)
d:/devkitpro/devkitarm/bin/../lib/gcc/arm-none-eabi/9.1.0/../../../../arm-none-eabi/lib/thumb\libg.a(lib_a-siscanf.o)
                              D:/devkitPro/libgba/lib\libgba.a(console.o) (siscanf)
d:/devkitpro/devkitarm/bin/../lib/gcc/arm-none-eabi/9.1.0/../../../../arm-none-eabi/lib/thumb\libg.a(lib_a-stdio.o)
                              d:/devkitpro/devkitarm/bin/../lib/gcc/arm-none-eabi/9.1.0/../../../../arm-none-eabi/lib/thumb\libg.a(lib_a-siscanf.o) (__seofread)
d:/devkitpro/devkitarm/bin/../lib/gcc/arm-none-eabi/9.1.0/../../../../arm-none-eabi/lib/thumb\libg.a(lib_a-strlen-stub.o)
                              d:/devkitpro/devkitarm/bin/../lib/gcc/arm-none-eabi/9.1.0/../../../../arm-none-eabi/lib/thumb\libg.a(lib_a-siscanf.o) (strlen)
d:/devkitpro/devkitarm/bin/../lib/gcc/arm-none-eabi/9.1.0/../../../../arm-none-eabi/lib/thumb\libg.a(lib_a-svfiscanf.o)
                              d:/devkitpro/devkitarm/bin/../lib/gcc/arm-none-eabi/9.1.0/../../../../arm-none-eabi/lib/thumb\libg.a(lib_a-siscanf.o) (__ssvfiscanf_r)
d:/devkitpro/devkitarm/bin/../lib/gcc/arm-none-eabi/9.1.0/../../../../arm-none-eabi/lib/thumb\libg.a(lib_a-ungetc.o)
                              d:/devkitpro/devkitarm/bin/../lib/gcc/arm-none-eabi/9.1.0/../../../../arm-none-eabi/lib/thumb\libg.a(lib_a-svfiscanf.o) (__submore)
d:/devkitpro/devkitarm/bin/../lib/gcc/arm-none-eabi/9.1.0/../../../../arm-none-eabi/lib/thumb\libg.a(lib_a-vfiprintf.o)
                              d:/devkitpro/devkitarm/bin/../lib/gcc/arm-none-eabi/9.1.0/../../../../arm-none-eabi/lib/thumb\libg.a(lib_a-iprintf.o) (_vfiprintf_r)
d:/devkitpro/devkitarm/bin/../lib/gcc/arm-none-eabi/9.1.0/../../../../arm-none-eabi/lib/thumb\libg.a(lib_a-vfprintf.o)
                              d:/devkitpro/devkitarm/bin/../lib/gcc/arm-none-eabi/9.1.0/../../../../arm-none-eabi/lib/thumb\libg.a(lib_a-printf.o) (_vfprintf_r)
d:/devkitpro/devkitarm/bin/../lib/gcc/arm-none-eabi/9.1.0/../../../../arm-none-eabi/lib/thumb\libg.a(lib_a-wcrtomb.o)
                              d:/devkitpro/devkitarm/bin/../lib/gcc/arm-none-eabi/9.1.0/../../../../arm-none-eabi/lib/thumb\libg.a(lib_a-vfiprintf.o) (_wcrtomb_r)
d:/devkitpro/devkitarm/bin/../lib/gcc/arm-none-eabi/9.1.0/../../../../arm-none-eabi/lib/thumb\libg.a(lib_a-wcsrtombs.o)
                              d:/devkitpro/devkitarm/bin/../lib/gcc/arm-none-eabi/9.1.0/../../../../arm-none-eabi/lib/thumb\libg.a(lib_a-vfiprintf.o) (_wcsrtombs_r)
d:/devkitpro/devkitarm/bin/../lib/gcc/arm-none-eabi/9.1.0/../../../../arm-none-eabi/lib/thumb\libg.a(lib_a-wsetup.o)
                              d:/devkitpro/devkitarm/bin/../lib/gcc/arm-none-eabi/9.1.0/../../../../arm-none-eabi/lib/thumb\libg.a(lib_a-vfiprintf.o) (__swsetup_r)
d:/devkitpro/devkitarm/bin/../lib/gcc/arm-none-eabi/9.1.0/../../../../arm-none-eabi/lib/thumb\libg.a(lib_a-ctype_.o)
                              d:/devkitpro/devkitarm/bin/../lib/gcc/arm-none-eabi/9.1.0/../../../../arm-none-eabi/lib/thumb\libg.a(lib_a-svfiscanf.o) (_ctype_)
d:/devkitpro/devkitarm/bin/../lib/gcc/arm-none-eabi/9.1.0/../../../../arm-none-eabi/lib/thumb\libg.a(lib_a-dtoa.o)
                              d:/devkitpro/devkitarm/bin/../lib/gcc/arm-none-eabi/9.1.0/../../../../arm-none-eabi/lib/thumb\libg.a(lib_a-vfprintf.o) (_dtoa_r)
d:/devkitpro/devkitarm/bin/../lib/gcc/arm-none-eabi/9.1.0/../../../../arm-none-eabi/lib/thumb\libg.a(lib_a-fflush.o)
[...]
Memory Configuration

Name             Origin             Length             Attributes
rom              0x0000000008000000 0x0000000002000000
iwram            0x0000000003000000 0x0000000000008000
ewram            0x0000000002000000 0x0000000000040000
*default*        0x0000000000000000 0xffffffffffffffff

Linker script and memory map

                0x0000000008000000                __text_start = ORIGIN (rom)
                0x0000000002040000                __eheap_end = (ORIGIN (ewram) + LENGTH (ewram))
                0x0000000003000000                __iwram_start = ORIGIN (iwram)
                0x0000000003008000                __iwram_top = (ORIGIN (iwram) + LENGTH (iwram))
                0x0000000003007fa0                __sp_irq = (__iwram_top - 0x60)
                0x0000000003007f00                __sp_usr = (__sp_irq - 0xa0)
                0x0000000003007ff8                __irq_flags = 0x3007ff8
                0x0000000008000000                . = __text_start

.crt0           0x0000000008000000      0x210
 *(.crt0)
 .crt0          0x0000000008000000      0x210 d:/devkitpro/devkitarm/bin/../lib/gcc/arm-none-eabi/9.1.0/../../../../arm-none-eabi/lib/thumb/gba_crt0.o
                0x0000000008000000                _start
                0x00000000080000c4                __boot_method
                0x00000000080000c5                __slave_number
                0x00000000080000e0                start_vector
                0x0000000008000210                . = ALIGN (0x4)

.init           0x0000000008000210        0xc
 *(SORT_NONE(.init))
 .init          0x0000000008000210        0x4 d:/devkitpro/devkitarm/bin/../lib/gcc/arm-none-eabi/9.1.0/thumb/crti.o
                0x0000000008000210                _init
 .init          0x0000000008000214        0x8 d:/devkitpro/devkitarm/bin/../lib/gcc/arm-none-eabi/9.1.0/thumb/crtn.o

.plt            0x000000000800021c        0x0
 *(.plt)
                0x000000000800021c                . = ALIGN (0x4)

.text           0x0000000008000220     0xc7d8
 *(EXCLUDE_FILE(*.iwram*) .text*)
 .text.deregister_tm_clones
                0x0000000008000220       0x2c d:/devkitpro/devkitarm/bin/../lib/gcc/arm-none-eabi/9.1.0/thumb/crtbegin.o
 .text.register_tm_clones
                0x000000000800024c       0x34 d:/devkitpro/devkitarm/bin/../lib/gcc/arm-none-eabi/9.1.0/thumb/crtbegin.o
 .text.__do_global_dtors_aux
                0x0000000008000280       0x30 d:/devkitpro/devkitarm/bin/../lib/gcc/arm-none-eabi/9.1.0/thumb/crtbegin.o
 .text.frame_dummy
                0x00000000080002b0       0x28 d:/devkitpro/devkitarm/bin/../lib/gcc/arm-none-eabi/9.1.0/thumb/crtbegin.o
 .text.startup  0x00000000080002d8       0x60 main_project.o
                0x00000000080002d8                main
 .text          0x0000000008000338       0x10 assembler.o
                0x0000000008000338                my_function
 .text          0x0000000008000348      0x3b8 D:/devkitPro/libgba/lib\libgba.a(interrupt.o)
                0x0000000008000348                dummy
                0x000000000800034c                InitInterrupt
                0x00000000080003a8                irqInit
                0x0000000008000404                SetInterrupt
                0x00000000080004e8                irqSet
                0x00000000080005cc                EnableInterrupt
                0x0000000008000618                irqEnable
                0x0000000008000668                DisableInterrupt
                0x00000000080006b4                irqDisable
 .text          0x0000000008000700      0x5ac D:/devkitPro/libgba/lib\libgba.a(console.o)
                0x0000000008000700                con_read
                0x0000000008000708                con_close
                0x0000000008000710                con_open
                0x0000000008000720                con_write
                0x0000000008000968                consoleCls
                0x0000000008000998                upcvt_4bit
                0x00000000080009ec                consoleInit
                0x0000000008000ae8                consoleDemoInit
                0x0000000008000be8                consolePrintChar
 .text          0x0000000008000cac        0x8 D:/devkitPro/libgba/lib\libgba.a(CpuSet.o)
                0x0000000008000cac                CpuSet
                0x0000000008000cb0                CpuFastSet
 .text.__libc_init_array
                0x0000000008000cb4       0x50 d:/devkitpro/devkitarm/bin/../lib/gcc/arm-none-eabi/9.1.0/../../../../arm-none-eabi/lib/thumb\libg.a(lib_a-init.o)
                0x0000000008000cb4                __libc_init_array
 .text.iprintf  0x0000000008000d04       0x24 d:/devkitpro/devkitarm/bin/../lib/gcc/arm-none-eabi/9.1.0/../../../../arm-none-eabi/lib/thumb\libg.a(lib_a-iprintf.o)
                0x0000000008000d04                iprintf
 .text.printf   0x0000000008000d28       0x24 d:/devkitpro/devkitarm/bin/../lib/gcc/arm-none-eabi/9.1.0/../../../../arm-none-eabi/lib/thumb\libg.a(lib_a-printf.o)
                0x0000000008000d28                printf
 .text.setvbuf  0x0000000008000d4c      0x1ac d:/devkitpro/devkitarm/bin/../lib/gcc/arm-none-eabi/9.1.0/../../../../arm-none-eabi/lib/thumb\libg.a(lib_a-setvbuf.o)
                0x0000000008000d4c                setvbuf
 .text.siscanf  0x0000000008000ef8       0x4c d:/devkitpro/devkitarm/bin/../lib/gcc/arm-none-eabi/9.1.0/../../../../arm-none-eabi/lib/thumb\libg.a(lib_a-siscanf.o)
                0x0000000008000ef8                siscanf
 .text.__sread  0x0000000008000f44       0x34 d:/devkitpro/devkitarm/bin/../lib/gcc/arm-none-eabi/9.1.0/../../../../arm-none-eabi/lib/thumb\libg.a(lib_a-stdio.o)
                0x0000000008000f44                __sread
 .text.__seofread
                0x0000000008000f78        0x4 d:/devkitpro/devkitarm/bin/../lib/gcc/arm-none-eabi/9.1.0/../../../../arm-none-eabi/lib/thumb\libg.a(lib_a-stdio.o)
                0x0000000008000f78                __seofread
 .text.__swrite
                0x0000000008000f7c       0x54 d:/devkitpro/devkitarm/bin/../lib/gcc/arm-none-eabi/9.1.0/../../../../arm-none-eabi/lib/thumb\libg.a(lib_a-stdio.o)
                0x0000000008000f7c                __swrite
 .text.__sseek  0x0000000008000fd0       0x40 d:/devkitpro/devkitarm/bin/../lib/gcc/arm-none-eabi/9.1.0/../../../../arm-none-eabi/lib/thumb\libg.a(lib_a-stdio.o)
                0x0000000008000fd0                __sseek
 .text.__sclose
                0x0000000008001010       0x10 d:/devkitpro/devkitarm/bin/../lib/gcc/arm-none-eabi/9.1.0/../../../../arm-none-eabi/lib/thumb\libg.a(lib_a-stdio.o)
                0x0000000008001010                __sclose
 .text.strlen   0x0000000008001020       0x60 d:/devkitpro/devkitarm/bin/../lib/gcc/arm-none-eabi/9.1.0/../../../../arm-none-eabi/lib/thumb\libg.a(lib_a-strlen-stub.o)
                0x0000000008001020                strlen
 .text.get_arg  0x0000000008001080       0x32 d:/devkitpro/devkitarm/bin/../lib/gcc/arm-none-eabi/9.1.0/../../../../arm-none-eabi/lib/thumb\libg.a(lib_a-svfiscanf.o)
 .text._sungetc_r
                0x00000000080010b2       0x7e d:/devkitpro/devkitarm/bin/../lib/gcc/arm-none-eabi/9.1.0/../../../../arm-none-eabi/lib/thumb\libg.a(lib_a-svfiscanf.o)
                0x00000000080010b2                _sungetc_r
 .text.__ssrefill_r
                0x0000000008001130       0x42 d:/devkitpro/devkitarm/bin/../lib/gcc/arm-none-eabi/9.1.0/../../../../arm-none-eabi/lib/thumb\libg.a(lib_a-svfiscanf.o)
                0x0000000008001130                __ssrefill_r
 .text._sfread_r
                0x0000000008001172       0x8a d:/devkitpro/devkitarm/bin/../lib/gcc/arm-none-eabi/9.1.0/../../../../arm-none-eabi/lib/thumb\libg.a(lib_a-svfiscanf.o)
                0x0000000008001172                _sfread_r
 .text.__ssvfiscanf_r
                0x00000000080011fc     0x1b54 d:/devkitpro/devkitarm/bin/../lib/gcc/arm-none-eabi/9.1.0/../../../../arm-none-eabi/lib/thumb\libg.a(lib_a-svfiscanf.o)
                0x00000000080011fc                __ssvfiscanf_r
 .text.__submore
                0x0000000008002d50       0x88 d:/devkitpro/devkitarm/bin/../lib/gcc/arm-none-eabi/9.1.0/../../../../arm-none-eabi/lib/thumb\libg.a(lib_a-ungetc.o)
                0x0000000008002d50                __submore
 .text.get_arg  0x0000000008002dd8      0x3d8 d:/devkitpro/devkitarm/bin/../lib/gcc/arm-none-eabi/9.1.0/../../../../arm-none-eabi/lib/thumb\libg.a(lib_a-vfiprintf.o)
 .text.__sprint_r
                0x00000000080031b0       0x20 d:/devkitpro/devkitarm/bin/../lib/gcc/arm-none-eabi/9.1.0/../../../../arm-none-eabi/lib/thumb\libg.a(lib_a-vfiprintf.o)
                0x00000000080031b0                __sprint_r
 .text._vfiprintf_r
                0x00000000080031d0     0x1804 d:/devkitpro/devkitarm/bin/../lib/gcc/arm-none-eabi/9.1.0/../../../../arm-none-eabi/lib/thumb\libg.a(lib_a-vfiprintf.o)
                0x00000000080031d0                _vfiprintf_r
 .text.__sbprintf
                0x00000000080049d4       0x8c d:/devkitpro/devkitarm/bin/../lib/gcc/arm-none-eabi/9.1.0/../../../../arm-none-eabi/lib/thumb\libg.a(lib_a-vfiprintf.o)
 .text.get_arg  0x0000000008004a60      0x3d8 d:/devkitpro/devkitarm/bin/../lib/gcc/arm-none-eabi/9.1.0/../../../../arm-none-eabi/lib/thumb\libg.a(lib_a-vfprintf.o)
 .text._vfprintf_r
                0x0000000008004e38     0x251c d:/devkitpro/devkitarm/bin/../lib/gcc/arm-none-eabi/9.1.0/../../../../arm-none-eabi/lib/thumb\libg.a(lib_a-vfprintf.o)
                0x0000000008004e38                _vfprintf_r
 .text.__sbprintf
                0x0000000008007354       0x8c d:/devkitpro/devkitarm/bin/../lib/gcc/arm-none-eabi/9.1.0/../../../../arm-none-eabi/lib/thumb\libg.a(lib_a-vfprintf.o)
 .text._wcrtomb_r
                0x00000000080073e0       0x5c d:/devkitpro/devkitarm/bin/../lib/gcc/arm-none-eabi/9.1.0/../../../../arm-none-eabi/lib/thumb\libg.a(lib_a-wcrtomb.o)
                0x00000000080073e0                _wcrtomb_r
 .text._wcsrtombs_r
                0x000000000800743c       0x1c d:/devkitpro/devkitarm/bin/../lib/gcc/arm-none-eabi/9.1.0/../../../../arm-none-eabi/lib/thumb\libg.a(lib_a-wcsrtombs.o)
                0x000000000800743c                _wcsrtombs_r
 .text.__swsetup_r
                0x0000000008007458       0xd8 d:/devkitpro/devkitarm/bin/../lib/gcc/arm-none-eabi/9.1.0/../../../../arm-none-eabi/lib/thumb\libg.a(lib_a-wsetup.o)
                0x0000000008007458                __swsetup_r
 .text.quorem   0x0000000008007530      0x14c d:/devkitpro/devkitarm/bin/../lib/gcc/arm-none-eabi/9.1.0/../../../../arm-none-eabi/lib/thumb\libg.a(lib_a-dtoa.o)
 .text._dtoa_r  0x000000000800767c      0xf70 d:/devkitpro/devkitarm/bin/../lib/gcc/arm-none-eabi/9.1.0/../../../../arm-none-eabi/lib/thumb\libg.a(lib_a-dtoa.o)
                0x000000000800767c                _dtoa_r
 .text.__sflush_r
                0x00000000080085ec      0x1c0 d:/devkitpro/devkitarm/bin/../lib/gcc/arm-none-eabi/9.1.0/../../../../arm-none-eabi/lib/thumb\libg.a(lib_a-fflush.o)
                0x00000000080085ec                __sflush_r
 .text._fflush_r
                0x00000000080087ac       0x70 d:/devkitpro/devkitarm/bin/../lib/gcc/arm-none-eabi/9.1.0/../../../../arm-none-eabi/lib/thumb\libg.a(lib_a-fflush.o)
                0x00000000080087ac                _fflush_r
 .text.std      0x000000000800881c       0x54 d:/devkitpro/devkitarm/bin/../lib/gcc/arm-none-eabi/9.1.0/../../../../arm-none-eabi/lib/thumb\libg.a(lib_a-findfp.o)
 .text._cleanup_r
                0x0000000008008870       0x14 d:/devkitpro/devkitarm/bin/../lib/gcc/arm-none-eabi/9.1.0/../../../../arm-none-eabi/lib/thumb\libg.a(lib_a-findfp.o)
                0x0000000008008870                _cleanup_r
 .text.__sinit  0x0000000008008884       0x64 d:/devkitpro/devkitarm/bin/../lib/gcc/arm-none-eabi/9.1.0/../../../../arm-none-eabi/lib/thumb\libg.a(lib_a-findfp.o)
                0x0000000008008884                __sinit
 .text.__sfp_lock_acquire
                0x00000000080088e8       0x14 d:/devkitpro/devkitarm/bin/../lib/gcc/arm-none-eabi/9.1.0/../../../../arm-none-eabi/lib/thumb\libg.a(lib_a-findfp.o)
                0x00000000080088e8                __sfp_lock_acquire
 .text.__sfp_lock_release
                0x00000000080088fc       0x14 d:/devkitpro/devkitarm/bin/../lib/gcc/arm-none-eabi/9.1.0/../../../../arm-none-eabi/lib/thumb\libg.a(lib_a-findfp.o)
                0x00000000080088fc                __sfp_lock_release
 .text._malloc_trim_r
                0x0000000008008910       0xa0 d:/devkitpro/devkitarm/bin/../lib/gcc/arm-none-eabi/9.1.0/../../../../arm-none-eabi/lib/thumb\libg.a(lib_a-freer.o)
                0x0000000008008910                _malloc_trim_r
 .text._free_r  0x00000000080089b0      0x1e0 d:/devkitpro/devkitarm/bin/../lib/gcc/arm-none-eabi/9.1.0/../../../../arm-none-eabi/lib/thumb\libg.a(lib_a-freer.o)
                0x00000000080089b0                _free_r
 .text.__sfvwrite_r
                0x0000000008008b90      0x348 d:/devkitpro/devkitarm/bin/../lib/gcc/arm-none-eabi/9.1.0/../../../../arm-none-eabi/lib/thumb\libg.a(lib_a-fvwrite.o)
                0x0000000008008b90                __sfvwrite_r
 .text._fwalk_reent
                0x0000000008008ed8       0x50 d:/devkitpro/devkitarm/bin/../lib/gcc/arm-none-eabi/9.1.0/../../../../arm-none-eabi/lib/thumb\libg.a(lib_a-fwalk.o)
                0x0000000008008ed8                _fwalk_reent
 .text.iswspace
                0x0000000008008f28       0x10 d:/devkitpro/devkitarm/bin/../lib/gcc/arm-none-eabi/9.1.0/../../../../arm-none-eabi/lib/thumb\libg.a(lib_a-iswspace.o)
                0x0000000008008f28                iswspace
 .text._localeconv_r
                0x0000000008008f38        0x8 d:/devkitpro/devkitarm/bin/../lib/gcc/arm-none-eabi/9.1.0/../../../../arm-none-eabi/lib/thumb\libg.a(lib_a-localeconv.o)
                0x0000000008008f38                _localeconv_r
 .text.__locale_mb_cur_max
                0x0000000008008f40       0x10 d:/devkitpro/devkitarm/bin/../lib/gcc/arm-none-eabi/9.1.0/../../../../arm-none-eabi/lib/thumb\libg.a(lib_a-locale.o)
                0x0000000008008f40                __locale_mb_cur_max
 .text.__swhatbuf_r
                0x0000000008008f50       0x64 d:/devkitpro/devkitarm/bin/../lib/gcc/arm-none-eabi/9.1.0/../../../../arm-none-eabi/lib/thumb\libg.a(lib_a-makebuf.o)
                0x0000000008008f50                __swhatbuf_r
 .text.__smakebuf_r
                0x0000000008008fb4       0x98 d:/devkitpro/devkitarm/bin/../lib/gcc/arm-none-eabi/9.1.0/../../../../arm-none-eabi/lib/thumb\libg.a(lib_a-makebuf.o)
                0x0000000008008fb4                __smakebuf_r
 .text.malloc   0x000000000800904c       0x14 d:/devkitpro/devkitarm/bin/../lib/gcc/arm-none-eabi/9.1.0/../../../../arm-none-eabi/lib/thumb\libg.a(lib_a-malloc.o)
                0x000000000800904c                malloc
 .text.free     0x0000000008009060       0x14 d:/devkitpro/devkitarm/bin/../lib/gcc/arm-none-eabi/9.1.0/../../../../arm-none-eabi/lib/thumb\libg.a(lib_a-malloc.o)
                0x0000000008009060                free
 .text._malloc_r
                0x0000000008009074      0x59c d:/devkitpro/devkitarm/bin/../lib/gcc/arm-none-eabi/9.1.0/../../../../arm-none-eabi/lib/thumb\libg.a(lib_a-mallocr.o)
                0x0000000008009074                _malloc_r
 .text._mbrtowc_r
                0x0000000008009610       0x60 d:/devkitpro/devkitarm/bin/../lib/gcc/arm-none-eabi/9.1.0/../../../../arm-none-eabi/lib/thumb\libg.a(lib_a-mbrtowc.o)
                0x0000000008009610                _mbrtowc_r
 .text.__utf8_mbtowc
                0x0000000008009670      0x280 d:/devkitpro/devkitarm/bin/../lib/gcc/arm-none-eabi/9.1.0/../../../../arm-none-eabi/lib/thumb\libg.a(lib_a-mbtowc_r.o)
                0x0000000008009670                __utf8_mbtowc
 .text.memchr   0x00000000080098f0       0x78 d:/devkitpro/devkitarm/bin/../lib/gcc/arm-none-eabi/9.1.0/../../../../arm-none-eabi/lib/thumb\libg.a(lib_a-memchr-stub.o)
                0x00000000080098f0                memchr
 .text.memcpy   0x0000000008009968       0xa8 d:/devkitpro/devkitarm/bin/../lib/gcc/arm-none-eabi/9.1.0/../../../../arm-none-eabi/lib/thumb\libg.a(lib_a-memcpy-stub.o)
                0x0000000008009968                memcpy
 .text.memmove  0x0000000008009a10       0xb0 d:/devkitpro/devkitarm/bin/../lib/gcc/arm-none-eabi/9.1.0/../../../../arm-none-eabi/lib/thumb\libg.a(lib_a-memmove.o)
                0x0000000008009a10                memmove
 .text.memset   0x0000000008009ac0       0xb0 d:/devkitpro/devkitarm/bin/../lib/gcc/arm-none-eabi/9.1.0/../../../../arm-none-eabi/lib/thumb\libg.a(lib_a-memset.o)
                0x0000000008009ac0                memset
 .text.__malloc_lock
                0x0000000008009b70       0x14 d:/devkitpro/devkitarm/bin/../lib/gcc/arm-none-eabi/9.1.0/../../../../arm-none-eabi/lib/thumb\libg.a(lib_a-mlock.o)
                0x0000000008009b70                __malloc_lock
 .text.__malloc_unlock
                0x0000000008009b84       0x14 d:/devkitpro/devkitarm/bin/../lib/gcc/arm-none-eabi/9.1.0/../../../../arm-none-eabi/lib/thumb\libg.a(lib_a-mlock.o)
                0x0000000008009b84                __malloc_unlock
 .text._Balloc  0x0000000008009b98       0x54 d:/devkitpro/devkitarm/bin/../lib/gcc/arm-none-eabi/9.1.0/../../../../arm-none-eabi/lib/thumb\libg.a(lib_a-mprec.o)
                0x0000000008009b98                _Balloc
 .text._Bfree   0x0000000008009bec       0x14 d:/devkitpro/devkitarm/bin/../lib/gcc/arm-none-eabi/9.1.0/../../../../arm-none-eabi/lib/thumb\libg.a(lib_a-mprec.o)
                0x0000000008009bec                _Bfree
 .text.__multadd
                0x0000000008009c00       0x88 d:/devkitpro/devkitarm/bin/../lib/gcc/arm-none-eabi/9.1.0/../../../../arm-none-eabi/lib/thumb\libg.a(lib_a-mprec.o)
                0x0000000008009c00                __multadd
 .text.__hi0bits
                0x0000000008009c88       0x38 d:/devkitpro/devkitarm/bin/../lib/gcc/arm-none-eabi/9.1.0/../../../../arm-none-eabi/lib/thumb\libg.a(lib_a-mprec.o)
                0x0000000008009c88                __hi0bits
 .text.__lo0bits
                0x0000000008009cc0       0x5c d:/devkitpro/devkitarm/bin/../lib/gcc/arm-none-eabi/9.1.0/../../../../arm-none-eabi/lib/thumb\libg.a(lib_a-mprec.o)
                0x0000000008009cc0                __lo0bits
 .text.__i2b    0x0000000008009d1c       0x18 d:/devkitpro/devkitarm/bin/../lib/gcc/arm-none-eabi/9.1.0/../../../../arm-none-eabi/lib/thumb\libg.a(lib_a-mprec.o)
                0x0000000008009d1c                __i2b
 .text.__multiply
                0x0000000008009d34      0x194 d:/devkitpro/devkitarm/bin/../lib/gcc/arm-none-eabi/9.1.0/../../../../arm-none-eabi/lib/thumb\libg.a(lib_a-mprec.o)
                0x0000000008009d34                __multiply
 .text.__pow5mult
                0x0000000008009ec8       0xc4 d:/devkitpro/devkitarm/bin/../lib/gcc/arm-none-eabi/9.1.0/../../../../arm-none-eabi/lib/thumb\libg.a(lib_a-mprec.o)
                0x0000000008009ec8                __pow5mult
 .text.__lshift
                0x0000000008009f8c       0xf0 d:/devkitpro/devkitarm/bin/../lib/gcc/arm-none-eabi/9.1.0/../../../../arm-none-eabi/lib/thumb\libg.a(lib_a-mprec.o)
                0x0000000008009f8c                __lshift
 .text.__mcmp   0x000000000800a07c       0x3c d:/devkitpro/devkitarm/bin/../lib/gcc/arm-none-eabi/9.1.0/../../../../arm-none-eabi/lib/thumb\libg.a(lib_a-mprec.o)
                0x000000000800a07c                __mcmp
 .text.__mdiff  0x000000000800a0b8      0x148 d:/devkitpro/devkitarm/bin/../lib/gcc/arm-none-eabi/9.1.0/../../../../arm-none-eabi/lib/thumb\libg.a(lib_a-mprec.o)
                0x000000000800a0b8                __mdiff
 .text.__d2b    0x000000000800a200       0xc0 d:/devkitpro/devkitarm/bin/../lib/gcc/arm-none-eabi/9.1.0/../../../../arm-none-eabi/lib/thumb\libg.a(lib_a-mprec.o)
                0x000000000800a200                __d2b
 .text.realloc  0x000000000800a2c0       0x18 d:/devkitpro/devkitarm/bin/../lib/gcc/arm-none-eabi/9.1.0/../../../../arm-none-eabi/lib/thumb\libg.a(lib_a-realloc.o)
                0x000000000800a2c0                realloc
 .text._realloc_r
                0x000000000800a2d8      0x38c d:/devkitpro/devkitarm/bin/../lib/gcc/arm-none-eabi/9.1.0/../../../../arm-none-eabi/lib/thumb\libg.a(lib_a-reallocr.o)
                0x000000000800a2d8                _realloc_r
 .text.__sccl   0x000000000800a664       0x90 d:/devkitpro/devkitarm/bin/../lib/gcc/arm-none-eabi/9.1.0/../../../../arm-none-eabi/lib/thumb\libg.a(lib_a-sccl.o)
                0x000000000800a664                __sccl
 .text.frexp    0x000000000800a6f4       0x68 d:/devkitpro/devkitarm/bin/../lib/gcc/arm-none-eabi/9.1.0/../../../../arm-none-eabi/lib/thumb\libg.a(lib_a-s_frexp.o)
                0x000000000800a6f4                frexp
 .text          0x000000000800a75c      0x224 d:/devkitpro/devkitarm/bin/../lib/gcc/arm-none-eabi/9.1.0/../../../../arm-none-eabi/lib/thumb\libg.a(lib_a-strcmp.o)
                0x000000000800a75c                strcmp
 .text.strncpy  0x000000000800a980       0x74 d:/devkitpro/devkitarm/bin/../lib/gcc/arm-none-eabi/9.1.0/../../../../arm-none-eabi/lib/thumb\libg.a(lib_a-strncpy.o)
                0x000000000800a980                strncpy
 .text._strtoll_l.isra.0
                0x000000000800a9f4      0x1ac d:/devkitpro/devkitarm/bin/../lib/gcc/arm-none-eabi/9.1.0/../../../../arm-none-eabi/lib/thumb\libg.a(lib_a-strtoll.o)
 .text._strtoll_r
                0x000000000800aba0        0xc d:/devkitpro/devkitarm/bin/../lib/gcc/arm-none-eabi/9.1.0/../../../../arm-none-eabi/lib/thumb\libg.a(lib_a-strtoll.o)
                0x000000000800aba0                _strtoll_r
 .text._strtol_l.isra.0
                0x000000000800abac      0x140 d:/devkitpro/devkitarm/bin/../lib/gcc/arm-none-eabi/9.1.0/../../../../arm-none-eabi/lib/thumb\libg.a(lib_a-strtol.o)
 .text._strtol_r
                0x000000000800acec        0xc d:/devkitpro/devkitarm/bin/../lib/gcc/arm-none-eabi/9.1.0/../../../../arm-none-eabi/lib/thumb\libg.a(lib_a-strtol.o)
                0x000000000800acec                _strtol_r
 .text._strtoull_l.isra.0
                0x000000000800acf8      0x1c8 d:/devkitpro/devkitarm/bin/../lib/gcc/arm-none-eabi/9.1.0/../../../../arm-none-eabi/lib/thumb\libg.a(lib_a-strtoull.o)
 .text._strtoull_r
                0x000000000800aec0        0xc d:/devkitpro/devkitarm/bin/../lib/gcc/arm-none-eabi/9.1.0/../../../../arm-none-eabi/lib/thumb\libg.a(lib_a-strtoull.o)
                0x000000000800aec0                _strtoull_r
 .text._strtoul_l.isra.0
                0x000000000800aecc      0x148 d:/devkitpro/devkitarm/bin/../lib/gcc/arm-none-eabi/9.1.0/../../../../arm-none-eabi/lib/thumb\libg.a(lib_a-strtoul.o)
 .text._strtoul_r
                0x000000000800b014        0xc d:/devkitpro/devkitarm/bin/../lib/gcc/arm-none-eabi/9.1.0/../../../../arm-none-eabi/lib/thumb\libg.a(lib_a-strtoul.o)
                0x000000000800b014                _strtoul_r
 .text._wcsnrtombs_l
                0x000000000800b020      0x138 d:/devkitpro/devkitarm/bin/../lib/gcc/arm-none-eabi/9.1.0/../../../../arm-none-eabi/lib/thumb\libg.a(lib_a-wcsnrtombs.o)
                0x000000000800b020                _wcsnrtombs_l
 .text._wcsnrtombs_r
                0x000000000800b158       0x30 d:/devkitpro/devkitarm/bin/../lib/gcc/arm-none-eabi/9.1.0/../../../../arm-none-eabi/lib/thumb\libg.a(lib_a-wcsnrtombs.o)
                0x000000000800b158                _wcsnrtombs_r
 .text.__utf8_wctomb
                0x000000000800b188       0xb4 d:/devkitpro/devkitarm/bin/../lib/gcc/arm-none-eabi/9.1.0/../../../../arm-none-eabi/lib/thumb\libg.a(lib_a-wctomb_r.o)
                0x000000000800b188                __utf8_wctomb
 .text._calloc_r
                0x000000000800b23c       0x60 d:/devkitpro/devkitarm/bin/../lib/gcc/arm-none-eabi/9.1.0/../../../../arm-none-eabi/lib/thumb\libg.a(lib_a-callocr.o)
                0x000000000800b23c                _calloc_r
 .text._fclose_r
                0x000000000800b29c       0xe8 d:/devkitpro/devkitarm/bin/../lib/gcc/arm-none-eabi/9.1.0/../../../../arm-none-eabi/lib/thumb\libg.a(lib_a-fclose.o)
                0x000000000800b29c                _fclose_r
 .text.iswspace_l
                0x000000000800b384       0x2c d:/devkitpro/devkitarm/bin/../lib/gcc/arm-none-eabi/9.1.0/../../../../arm-none-eabi/lib/thumb\libg.a(lib_a-iswspace_l.o)
                0x000000000800b384                iswspace_l
 .text.__jp2uc  0x000000000800b3b0      0x164 d:/devkitpro/devkitarm/bin/../lib/gcc/arm-none-eabi/9.1.0/../../../../arm-none-eabi/lib/thumb\libg.a(lib_a-jp2uc.o)
 .text._jp2uc_l
                0x000000000800b514       0x6c d:/devkitpro/devkitarm/bin/../lib/gcc/arm-none-eabi/9.1.0/../../../../arm-none-eabi/lib/thumb\libg.a(lib_a-jp2uc.o)
                0x000000000800b514                _jp2uc_l
 .text.category
                0x000000000800b580       0x58 d:/devkitpro/devkitarm/bin/../lib/gcc/arm-none-eabi/9.1.0/../../../../arm-none-eabi/lib/thumb\libg.a(lib_a-categories.o)
                0x000000000800b580                category
 .text.null_write
                0x000000000800b5d8        0x4 d:/devkitpro/devkitarm/bin/../lib/gcc/arm-none-eabi/9.1.0/../../../../arm-none-eabi/lib/thumb\libsysbase.a(iosupport.o)
 .text._fstat_r
                0x000000000800b5dc       0x4c d:/devkitpro/devkitarm/bin/../lib/gcc/arm-none-eabi/9.1.0/../../../../arm-none-eabi/lib/thumb\libsysbase.a(fstat.o)
                0x000000000800b5dc                _fstat_r
 .text._isatty_r
                0x000000000800b628        0x4 d:/devkitpro/devkitarm/bin/../lib/gcc/arm-none-eabi/9.1.0/../../../../arm-none-eabi/lib/thumb\libsysbase.a(isatty.o)
                0x000000000800b628                _isatty_r
 .text._lseek_r
                0x000000000800b62c       0x5c d:/devkitpro/devkitarm/bin/../lib/gcc/arm-none-eabi/9.1.0/../../../../arm-none-eabi/lib/thumb\libsysbase.a(lseek.o)
                0x000000000800b62c                _lseek_r
 .text._read_r  0x000000000800b688       0x50 d:/devkitpro/devkitarm/bin/../lib/gcc/arm-none-eabi/9.1.0/../../../../arm-none-eabi/lib/thumb\libsysbase.a(read.o)
                0x000000000800b688                _read_r
 .text._sbrk_r  0x000000000800b6d8       0x54 d:/devkitpro/devkitarm/bin/../lib/gcc/arm-none-eabi/9.1.0/../../../../arm-none-eabi/lib/thumb\libsysbase.a(sbrk.o)
                0x000000000800b6d8                _sbrk_r
 .text._write_r
                0x000000000800b72c       0x50 d:/devkitpro/devkitarm/bin/../lib/gcc/arm-none-eabi/9.1.0/../../../../arm-none-eabi/lib/thumb\libsysbase.a(write.o)
                0x000000000800b72c                _write_r
 .text.__flockfile
                0x000000000800b77c       0x10 d:/devkitpro/devkitarm/bin/../lib/gcc/arm-none-eabi/9.1.0/../../../../arm-none-eabi/lib/thumb\libsysbase.a(flock.o)
                0x000000000800b77c                __flockfile
 .text.__funlockfile
                0x000000000800b78c       0x10 d:/devkitpro/devkitarm/bin/../lib/gcc/arm-none-eabi/9.1.0/../../../../arm-none-eabi/lib/thumb\libsysbase.a(flock.o)
                0x000000000800b78c                __funlockfile
 .text.__libc_lock_acquire
                0x000000000800b79c       0x1c d:/devkitpro/devkitarm/bin/../lib/gcc/arm-none-eabi/9.1.0/../../../../arm-none-eabi/lib/thumb\libsysbase.a(syscall_support.o)
                0x000000000800b79c                __libc_lock_acquire
 .text.__libc_lock_release
                0x000000000800b7b8       0x1c d:/devkitpro/devkitarm/bin/../lib/gcc/arm-none-eabi/9.1.0/../../../../arm-none-eabi/lib/thumb\libsysbase.a(syscall_support.o)
                0x000000000800b7b8                __libc_lock_release
 .text.__libc_lock_init_recursive
                0x000000000800b7d4       0x1c d:/devkitpro/devkitarm/bin/../lib/gcc/arm-none-eabi/9.1.0/../../../../arm-none-eabi/lib/thumb\libsysbase.a(syscall_support.o)
                0x000000000800b7d4                __libc_lock_init_recursive
 .text.__libc_lock_acquire_recursive
                0x000000000800b7f0       0x1c d:/devkitpro/devkitarm/bin/../lib/gcc/arm-none-eabi/9.1.0/../../../../arm-none-eabi/lib/thumb\libsysbase.a(syscall_support.o)
                0x000000000800b7f0                __libc_lock_acquire_recursive
 .text.__libc_lock_release_recursive
                0x000000000800b80c       0x1c d:/devkitpro/devkitarm/bin/../lib/gcc/arm-none-eabi/9.1.0/../../../../arm-none-eabi/lib/thumb\libsysbase.a(syscall_support.o)
                0x000000000800b80c                __libc_lock_release_recursive
 .text.__libc_lock_close_recursive
                0x000000000800b828       0x1c d:/devkitpro/devkitarm/bin/../lib/gcc/arm-none-eabi/9.1.0/../../../../arm-none-eabi/lib/thumb\libsysbase.a(syscall_support.o)
                0x000000000800b828                __libc_lock_close_recursive
 .text.__get_handle
                0x000000000800b844       0x34 d:/devkitpro/devkitarm/bin/../lib/gcc/arm-none-eabi/9.1.0/../../../../arm-none-eabi/lib/thumb\libsysbase.a(handle_manager.o)
                0x000000000800b844                __get_handle
 .text._close_r
                0x000000000800b878       0xb8 d:/devkitpro/devkitarm/bin/../lib/gcc/arm-none-eabi/9.1.0/../../../../arm-none-eabi/lib/thumb\libsysbase.a(handle_manager.o)
                0x000000000800b878                _close_r
 .text.__getreent
                0x000000000800b930       0x28 d:/devkitpro/devkitarm/bin/../lib/gcc/arm-none-eabi/9.1.0/../../../../arm-none-eabi/lib/thumb\libsysbase.a(getreent.o)
                0x000000000800b930                __getreent
 .text          0x000000000800b958       0x14 d:/devkitpro/devkitarm/bin/../lib/gcc/arm-none-eabi/9.1.0/thumb\libgcc.a(_thumb1_case_uqi.o)
                0x000000000800b958                __gnu_thumb1_case_uqi
 .text          0x000000000800b96c       0x14 d:/devkitpro/devkitarm/bin/../lib/gcc/arm-none-eabi/9.1.0/thumb\libgcc.a(_thumb1_case_uhi.o)
                0x000000000800b96c                __gnu_thumb1_case_uhi
 .text          0x000000000800b980      0x11c d:/devkitpro/devkitarm/bin/../lib/gcc/arm-none-eabi/9.1.0/thumb\libgcc.a(_udivsi3.o)
                0x000000000800b980                __aeabi_uidiv
                0x000000000800b980                __udivsi3
                0x000000000800ba7c                __aeabi_uidivmod
 .text          0x000000000800ba9c      0x150 d:/devkitpro/devkitarm/bin/../lib/gcc/arm-none-eabi/9.1.0/thumb\libgcc.a(_divsi3.o)
                0x000000000800ba9c                __divsi3
                0x000000000800ba9c                __aeabi_idiv
                0x000000000800bbcc                __aeabi_idivmod
 .text          0x000000000800bbec        0x4 d:/devkitpro/devkitarm/bin/../lib/gcc/arm-none-eabi/9.1.0/thumb\libgcc.a(_dvmd_tls.o)
                0x000000000800bbec                __aeabi_idiv0
                0x000000000800bbec                __aeabi_ldiv0
 .text          0x000000000800bbf0      0x424 d:/devkitpro/devkitarm/bin/../lib/gcc/arm-none-eabi/9.1.0/thumb\libgcc.a(_arm_addsubdf3.o)
                0x000000000800bbf0                __aeabi_drsub
                0x000000000800bbf8                __aeabi_dsub
                0x000000000800bbf8                __subdf3
                0x000000000800bbfc                __aeabi_dadd
                0x000000000800bbfc                __adddf3
                0x000000000800bf0c                __floatunsidf
                0x000000000800bf0c                __aeabi_ui2d
                0x000000000800bf30                __floatsidf
                0x000000000800bf30                __aeabi_i2d
                0x000000000800bf58                __aeabi_f2d
                0x000000000800bf58                __extendsfdf2
                0x000000000800bfa0                __floatundidf
                0x000000000800bfa0                __aeabi_ul2d
                0x000000000800bfb4                __floatdidf
                0x000000000800bfb4                __aeabi_l2d
 .text          0x000000000800c014      0x49c d:/devkitpro/devkitarm/bin/../lib/gcc/arm-none-eabi/9.1.0/thumb\libgcc.a(_arm_muldivdf3.o)
                0x000000000800c014                __aeabi_dmul
                0x000000000800c014                __muldf3
                0x000000000800c2a4                __divdf3
                0x000000000800c2a4                __aeabi_ddiv
 .text          0x000000000800c4b0      0x144 d:/devkitpro/devkitarm/bin/../lib/gcc/arm-none-eabi/9.1.0/thumb\libgcc.a(_arm_cmpdf2.o)
                0x000000000800c4b0                __gtdf2
                0x000000000800c4b0                __gedf2
                0x000000000800c4b8                __ltdf2
                0x000000000800c4b8                __ledf2
                0x000000000800c4c0                __nedf2
                0x000000000800c4c0                __eqdf2
                0x000000000800c4c0                __cmpdf2
                0x000000000800c548                __aeabi_cdrcmple
                0x000000000800c564                __aeabi_cdcmpeq
                0x000000000800c564                __aeabi_cdcmple
                0x000000000800c57c                __aeabi_dcmpeq
                0x000000000800c594                __aeabi_dcmplt
                0x000000000800c5ac                __aeabi_dcmple
                0x000000000800c5c4                __aeabi_dcmpge
                0x000000000800c5dc                __aeabi_dcmpgt
 .text          0x000000000800c5f4       0x38 d:/devkitpro/devkitarm/bin/../lib/gcc/arm-none-eabi/9.1.0/thumb\libgcc.a(_arm_unorddf2.o)
                0x000000000800c5f4                __unorddf2
                0x000000000800c5f4                __aeabi_dcmpun
 .text          0x000000000800c62c       0x5c d:/devkitpro/devkitarm/bin/../lib/gcc/arm-none-eabi/9.1.0/thumb\libgcc.a(_arm_fixdfsi.o)
                0x000000000800c62c                __aeabi_d2iz
                0x000000000800c62c                __fixdfsi
 .text          0x000000000800c688       0x3c d:/devkitpro/devkitarm/bin/../lib/gcc/arm-none-eabi/9.1.0/thumb\libgcc.a(_aeabi_uldivmod.o)
                0x000000000800c688                __aeabi_uldivmod
 .text.__muldi3
                0x000000000800c6c4       0x54 d:/devkitpro/devkitarm/bin/../lib/gcc/arm-none-eabi/9.1.0/thumb\libgcc.a(_muldi3.o)
                0x000000000800c6c4                __muldi3
                0x000000000800c6c4                __aeabi_lmul
 .text.__udivmoddi4
                0x000000000800c718      0x19c d:/devkitpro/devkitarm/bin/../lib/gcc/arm-none-eabi/9.1.0/thumb\libgcc.a(_udivmoddi4.o)
                0x000000000800c718                __udivmoddi4
 .text          0x000000000800c8b4       0x28 d:/devkitpro/devkitarm/bin/../lib/gcc/arm-none-eabi/9.1.0/thumb\libgcc.a(_clzdi2.o)
                0x000000000800c8b4                __clzdi2
 .text          0x000000000800c8dc       0x48 d:/devkitpro/devkitarm/bin/../lib/gcc/arm-none-eabi/9.1.0/thumb\libgcc.a(_clzsi2.o)
                0x000000000800c8dc                __clzsi2
 *fill*         0x000000000800c924        0x4 ff
 .text.__stub   0x000000000800c928       0xc4 linker stubs
 *(.gnu.linkonce.t.*)
 *(.text.*personality*)
 *(.gnu.warning)
 *(.glue_7t)
 .glue_7t       0x000000000800c9f8        0x0 linker stubs
 *(.glue_7)
 .glue_7        0x000000000800c9f8        0x0 linker stubs
 *(.vfp11_veneer)
 .vfp11_veneer  0x000000000800c9f8        0x0 linker stubs
                0x000000000800c9f8                . = ALIGN (0x4)
                0x000000000800c9f8                __text_end = .

.v4_bx          0x000000000800c9f8        0x0
 .v4_bx         0x000000000800c9f8        0x0 linker stubs

.iplt           0x000000000800c9f8        0x0
 .iplt          0x000000000800c9f8        0x0 d:/devkitpro/devkitarm/bin/../lib/gcc/arm-none-eabi/9.1.0/../../../../arm-none-eabi/lib/thumb/gba_crt0.o

.fini           0x000000000800c9f8        0xc
 *(.fini)
 .fini          0x000000000800c9f8        0x4 d:/devkitpro/devkitarm/bin/../lib/gcc/arm-none-eabi/9.1.0/thumb/crti.o
                0x000000000800c9f8                _fini
 .fini          0x000000000800c9fc        0x8 d:/devkitpro/devkitarm/bin/../lib/gcc/arm-none-eabi/9.1.0/thumb/crtn.o
                0x000000000800ca04                . = ALIGN (0x4)

.rodata         0x000000000800ca08     0x750c
 *(.rodata)
 .rodata        0x000000000800ca08      0x1b4 D:/devkitPro/libgba/lib\libgba.a(console.o)
                0x000000000800cadc                dotab_stdout
                0x000000000800cb4c                dotab_stderr
 .rodata        0x000000000800cbbc      0x804 D:/devkitPro/libgba/lib\libgba.a(amiga.fnt.o)
                0x000000000800cbbc                amiga_fnt
                0x000000000800d3bc                amiga_fnt_size
                0x000000000800d3bc                amiga_fnt_end
 *all.rodata*(*)
 *(.roda)
 *(.rodata.*)
 .rodata.str1.4
                0x000000000800d3c0       0x39 main_project.o
 *fill*         0x000000000800d3f9        0x3 ff
 .rodata.str1.4
                0x000000000800d3fc       0x2c D:/devkitPro/libgba/lib\libgba.a(console.o)
 .rodata.basefix.6959
                0x000000000800d428       0x22 d:/devkitpro/devkitarm/bin/../lib/gcc/arm-none-eabi/9.1.0/../../../../arm-none-eabi/lib/thumb\libg.a(lib_a-svfiscanf.o)
 .rodata._vfiprintf_r.str1.1
                0x000000000800d44a       0x29 d:/devkitpro/devkitarm/bin/../lib/gcc/arm-none-eabi/9.1.0/../../../../arm-none-eabi/lib/thumb\libg.a(lib_a-vfiprintf.o)
 *fill*         0x000000000800d473        0x1 ff
 .rodata.blanks.7396
                0x000000000800d474       0x10 d:/devkitpro/devkitarm/bin/../lib/gcc/arm-none-eabi/9.1.0/../../../../arm-none-eabi/lib/thumb\libg.a(lib_a-vfiprintf.o)
 .rodata.zeroes.7397
                0x000000000800d484       0x10 d:/devkitpro/devkitarm/bin/../lib/gcc/arm-none-eabi/9.1.0/../../../../arm-none-eabi/lib/thumb\libg.a(lib_a-vfiprintf.o)
 .rodata._vfprintf_r.str1.1
                0x000000000800d494       0x12 d:/devkitpro/devkitarm/bin/../lib/gcc/arm-none-eabi/9.1.0/../../../../arm-none-eabi/lib/thumb\libg.a(lib_a-vfprintf.o)
                                         0x3b (size before relaxing)
 *fill*         0x000000000800d4a6        0x2 ff
 .rodata.blanks.7428
                0x000000000800d4a8       0x10 d:/devkitpro/devkitarm/bin/../lib/gcc/arm-none-eabi/9.1.0/../../../../arm-none-eabi/lib/thumb\libg.a(lib_a-vfprintf.o)
 .rodata.zeroes.7429
                0x000000000800d4b8       0x10 d:/devkitpro/devkitarm/bin/../lib/gcc/arm-none-eabi/9.1.0/../../../../arm-none-eabi/lib/thumb\libg.a(lib_a-vfprintf.o)
 .rodata._ctype_
                0x000000000800d4c8      0x101 d:/devkitpro/devkitarm/bin/../lib/gcc/arm-none-eabi/9.1.0/../../../../arm-none-eabi/lib/thumb\libg.a(lib_a-ctype_.o)
                0x000000000800d4c8                _ctype_
 *fill*         0x000000000800d5c9        0x3 ff
 .rodata._dtoa_r.str1.4
                0x000000000800d5cc       0x12 d:/devkitpro/devkitarm/bin/../lib/gcc/arm-none-eabi/9.1.0/../../../../arm-none-eabi/lib/thumb\libg.a(lib_a-dtoa.o)
 *fill*         0x000000000800d5de        0x2 ff
 .rodata.str1.4
                0x000000000800d5e0       0x48 d:/devkitpro/devkitarm/bin/../lib/gcc/arm-none-eabi/9.1.0/../../../../arm-none-eabi/lib/thumb\libg.a(lib_a-locale.o)
                                         0x4c (size before relaxing)
 .rodata._mbrtowc_r.str1.4
                0x000000000800d628        0x1 d:/devkitpro/devkitarm/bin/../lib/gcc/arm-none-eabi/9.1.0/../../../../arm-none-eabi/lib/thumb\libg.a(lib_a-mbrtowc.o)
 .rodata.__mprec_bigtens
                0x000000000800d628       0x28 d:/devkitpro/devkitarm/bin/../lib/gcc/arm-none-eabi/9.1.0/../../../../arm-none-eabi/lib/thumb\libg.a(lib_a-mprec.o)
                0x000000000800d628                __mprec_bigtens
 .rodata.__mprec_tens
                0x000000000800d650       0xc8 d:/devkitpro/devkitarm/bin/../lib/gcc/arm-none-eabi/9.1.0/../../../../arm-none-eabi/lib/thumb\libg.a(lib_a-mprec.o)
                0x000000000800d650                __mprec_tens
 .rodata.p05.6147
                0x000000000800d718        0xc d:/devkitpro/devkitarm/bin/../lib/gcc/arm-none-eabi/9.1.0/../../../../arm-none-eabi/lib/thumb\libg.a(lib_a-mprec.o)
 .rodata.__action_table
                0x000000000800d724       0x6c d:/devkitpro/devkitarm/bin/../lib/gcc/arm-none-eabi/9.1.0/../../../../arm-none-eabi/lib/thumb\libg.a(lib_a-svfiprintf.o)
                0x000000000800d724                __action_table
 .rodata.__chclass
                0x000000000800d790      0x100 d:/devkitpro/devkitarm/bin/../lib/gcc/arm-none-eabi/9.1.0/../../../../arm-none-eabi/lib/thumb\libg.a(lib_a-svfiprintf.o)
                0x000000000800d790                __chclass
 .rodata.__state_table
                0x000000000800d890       0x6c d:/devkitpro/devkitarm/bin/../lib/gcc/arm-none-eabi/9.1.0/../../../../arm-none-eabi/lib/thumb\libg.a(lib_a-svfiprintf.o)
                0x000000000800d890                __state_table
 .rodata.__jp2uc
                0x000000000800d8fc       0x20 d:/devkitpro/devkitarm/bin/../lib/gcc/arm-none-eabi/9.1.0/../../../../arm-none-eabi/lib/thumb\libg.a(lib_a-jp2uc.o)
 .rodata._jp2uc_l.str1.4
                0x000000000800d91c       0x12 d:/devkitpro/devkitarm/bin/../lib/gcc/arm-none-eabi/9.1.0/../../../../arm-none-eabi/lib/thumb\libg.a(lib_a-jp2uc.o)
 *fill*         0x000000000800d92e        0x2 ff
 .rodata.a1     0x000000000800d930       0xbc d:/devkitpro/devkitarm/bin/../lib/gcc/arm-none-eabi/9.1.0/../../../../arm-none-eabi/lib/thumb\libg.a(lib_a-jp2uc.o)
 .rodata.a2     0x000000000800d9ec       0xbc d:/devkitpro/devkitarm/bin/../lib/gcc/arm-none-eabi/9.1.0/../../../../arm-none-eabi/lib/thumb\libg.a(lib_a-jp2uc.o)
 .rodata.a3     0x000000000800daa8       0x5b d:/devkitpro/devkitarm/bin/../lib/gcc/arm-none-eabi/9.1.0/../../../../arm-none-eabi/lib/thumb\libg.a(lib_a-jp2uc.o)
 *fill*         0x000000000800db03        0x1 ff
 .rodata.a6     0x000000000800db04       0x70 d:/devkitpro/devkitarm/bin/../lib/gcc/arm-none-eabi/9.1.0/../../../../arm-none-eabi/lib/thumb\libg.a(lib_a-jp2uc.o)
 .rodata.a7     0x000000000800db74       0xa2 d:/devkitpro/devkitarm/bin/../lib/gcc/arm-none-eabi/9.1.0/../../../../arm-none-eabi/lib/thumb\libg.a(lib_a-jp2uc.o)
 *fill*         0x000000000800dc16        0x2 ff
 .rodata.a8     0x000000000800dc18       0x40 d:/devkitpro/devkitarm/bin/../lib/gcc/arm-none-eabi/9.1.0/../../../../arm-none-eabi/lib/thumb\libg.a(lib_a-jp2uc.o)
 .rodata.b02cf  0x000000000800dc58     0x172a d:/devkitpro/devkitarm/bin/../lib/gcc/arm-none-eabi/9.1.0/../../../../arm-none-eabi/lib/thumb\libg.a(lib_a-jp2uc.o)
 *fill*         0x000000000800f382        0x2 ff
 .rodata.d02f4  0x000000000800f384     0x1a7c d:/devkitpro/devkitarm/bin/../lib/gcc/arm-none-eabi/9.1.0/../../../../arm-none-eabi/lib/thumb\libg.a(lib_a-jp2uc.o)
 .rodata.categories
                0x0000000008010e00     0x309c d:/devkitpro/devkitarm/bin/../lib/gcc/arm-none-eabi/9.1.0/../../../../arm-none-eabi/lib/thumb\libg.a(lib_a-categories.o)
 .rodata.AddDevice.str1.4
                0x0000000008013e9c        0x8 d:/devkitpro/devkitarm/bin/../lib/gcc/arm-none-eabi/9.1.0/../../../../arm-none-eabi/lib/thumb\libsysbase.a(iosupport.o)
 .rodata.dotab_stdnull
                0x0000000008013ea4       0x70 d:/devkitpro/devkitarm/bin/../lib/gcc/arm-none-eabi/9.1.0/../../../../arm-none-eabi/lib/thumb\libsysbase.a(iosupport.o)
                0x0000000008013ea4                dotab_stdnull
 *(.gnu.linkonce.r*)
                0x0000000008013f14                . = ALIGN (0x4)

.ARM.extab
 *(.ARM.extab* .gnu.linkonce.armextab.*)
                0x0000000008013f14                __exidx_start = .

.ARM.exidx
 *(.ARM.exidx* .gnu.linkonce.armexidx.*)
                0x0000000008013f14                __exidx_end = .

.ctors          0x0000000008013f14        0x0
 *crtbegin.o(.ctors)
 *(EXCLUDE_FILE(*crtend.o) .ctors)
 *(SORT_BY_NAME(.ctors.*))
 *(.ctors)
                0x0000000008013f14                . = ALIGN (0x4)

.dtors          0x0000000008013f14        0x0
 *crtbegin.o(.dtors)
 *(EXCLUDE_FILE(*crtend.o) .dtors)
 *(SORT_BY_NAME(.dtors.*))
 *(.dtors)
                0x0000000008013f14                . = ALIGN (0x4)

.eh_frame       0x0000000008013f14        0x4
 *(.eh_frame)
 .eh_frame      0x0000000008013f14        0x0 d:/devkitpro/devkitarm/bin/../lib/gcc/arm-none-eabi/9.1.0/thumb/crtbegin.o
 .eh_frame      0x0000000008013f14        0x4 d:/devkitpro/devkitarm/bin/../lib/gcc/arm-none-eabi/9.1.0/thumb/crtend.o
                0x0000000008013f18                . = ALIGN (0x4)

.gcc_except_table
                0x0000000008013f18        0x0
 *(.gcc_except_table)
                0x0000000008013f18                . = ALIGN (0x4)
                0x0000000008013f18                __iwram_lma = .

.iwram          0x0000000003000000       0xb8 load address 0x0000000008013f18
                0x0000000003000000                __iwram_start__ = ABSOLUTE (.)
 *(.iwram)
 .iwram         0x0000000003000000       0xb8 D:/devkitPro/libgba/lib\libgba.a(InterruptDispatcher.o)
                0x0000000003000000                IntrMain
 *iwram.*(.text*)
                0x00000000030000b8                . = ALIGN (0x4)
                0x00000000030000b8                __iwram_end__ = ABSOLUTE (.)
                0x0000000008013fd0                __data_lma = (__iwram_lma + SIZEOF (.iwram))

.rel.dyn        0x00000000030000b8        0x0 load address 0x0000000008013fd0
 .rel.iplt      0x00000000030000b8        0x0 d:/devkitpro/devkitarm/bin/../lib/gcc/arm-none-eabi/9.1.0/../../../../arm-none-eabi/lib/thumb/gba_crt0.o

.bss            0x00000000030000b8      0x138
                0x00000000030000b8                __bss_start = ABSOLUTE (.)
                0x00000000030000b8                __bss_start__ = ABSOLUTE (.)
 *(.dynbss)
 *(.gnu.linkonce.b*)
 *(.bss*)
 .bss.completed.9071
                0x00000000030000b8        0x1 d:/devkitpro/devkitarm/bin/../lib/gcc/arm-none-eabi/9.1.0/thumb/crtbegin.o
 *fill*         0x00000000030000b9        0x3 
 .bss.object.9076
                0x00000000030000bc       0x18 d:/devkitpro/devkitarm/bin/../lib/gcc/arm-none-eabi/9.1.0/thumb/crtbegin.o
 .bss           0x00000000030000d4       0x1c D:/devkitPro/libgba/lib\libgba.a(console.o)
 .bss.__malloc_current_mallinfo
                0x00000000030000f0       0x28 d:/devkitpro/devkitarm/bin/../lib/gcc/arm-none-eabi/9.1.0/../../../../arm-none-eabi/lib/thumb\libg.a(lib_a-mallocr.o)
                0x00000000030000f0                __malloc_current_mallinfo
 .bss.__malloc_max_sbrked_mem
                0x0000000003000118        0x4 d:/devkitpro/devkitarm/bin/../lib/gcc/arm-none-eabi/9.1.0/../../../../arm-none-eabi/lib/thumb\libg.a(lib_a-mallocr.o)
                0x0000000003000118                __malloc_max_sbrked_mem
 .bss.__malloc_max_total_mem
                0x000000000300011c        0x4 d:/devkitpro/devkitarm/bin/../lib/gcc/arm-none-eabi/9.1.0/../../../../arm-none-eabi/lib/thumb\libg.a(lib_a-mallocr.o)
                0x000000000300011c                __malloc_max_total_mem
 .bss.__malloc_top_pad
                0x0000000003000120        0x4 d:/devkitpro/devkitarm/bin/../lib/gcc/arm-none-eabi/9.1.0/../../../../arm-none-eabi/lib/thumb\libg.a(lib_a-mallocr.o)
                0x0000000003000120                __malloc_top_pad
 .bss.heap_start.6057
                0x0000000003000124        0x4 d:/devkitpro/devkitarm/bin/../lib/gcc/arm-none-eabi/9.1.0/../../../../arm-none-eabi/lib/thumb\libsysbase.a(sbrk.o)
 .bss.fake_heap_end
                0x0000000003000128        0x4 d:/devkitpro/devkitarm/bin/../lib/gcc/arm-none-eabi/9.1.0/../../../../arm-none-eabi/lib/thumb\libsysbase.a(malloc_vars.o)
                0x0000000003000128                fake_heap_end
 .bss.fake_heap_start
                0x000000000300012c        0x4 d:/devkitpro/devkitarm/bin/../lib/gcc/arm-none-eabi/9.1.0/../../../../arm-none-eabi/lib/thumb\libsysbase.a(malloc_vars.o)
                0x000000000300012c                fake_heap_start
 .bss.__syscalls
                0x0000000003000130       0x48 d:/devkitpro/devkitarm/bin/../lib/gcc/arm-none-eabi/9.1.0/../../../../arm-none-eabi/lib/thumb\libsysbase.a(syscall_support.o)
                0x0000000003000130                __syscalls
 *(COMMON)
 COMMON         0x0000000003000178       0x78 D:/devkitPro/libgba/lib\libgba.a(interrupt.o)
                0x0000000003000178                IntrTable
                0x00000000030001f0                . = ALIGN (0x4)
                0x00000000030001f0                __bss_end__ = ABSOLUTE (.)

.data           0x00000000030001f0     0x1abc load address 0x0000000008013fd0
                0x00000000030001f0                __data_start__ = ABSOLUTE (.)
 *(.data)
 *(.data.*)
 .data.__sfp_recursive_mutex
                0x00000000030001f0        0xc d:/devkitpro/devkitarm/bin/../lib/gcc/arm-none-eabi/9.1.0/../../../../arm-none-eabi/lib/thumb\libg.a(lib_a-findfp.o)
 .data.__sinit_recursive_mutex
                0x00000000030001fc        0xc d:/devkitpro/devkitarm/bin/../lib/gcc/arm-none-eabi/9.1.0/../../../../arm-none-eabi/lib/thumb\libg.a(lib_a-findfp.o)
 .data._impure_ptr
                0x0000000003000208        0x4 d:/devkitpro/devkitarm/bin/../lib/gcc/arm-none-eabi/9.1.0/../../../../arm-none-eabi/lib/thumb\libg.a(lib_a-impure.o)
                0x0000000003000208                _impure_ptr
 *fill*         0x000000000300020c        0x4 ff
 .data.impure_data
                0x0000000003000210      0x460 d:/devkitpro/devkitarm/bin/../lib/gcc/arm-none-eabi/9.1.0/../../../../arm-none-eabi/lib/thumb\libg.a(lib_a-impure.o)
 .data.__global_locale
                0x0000000003000670      0x16c d:/devkitpro/devkitarm/bin/../lib/gcc/arm-none-eabi/9.1.0/../../../../arm-none-eabi/lib/thumb\libg.a(lib_a-locale.o)
                0x0000000003000670                __global_locale
 .data.__malloc_av_
                0x00000000030007dc      0x408 d:/devkitpro/devkitarm/bin/../lib/gcc/arm-none-eabi/9.1.0/../../../../arm-none-eabi/lib/thumb\libg.a(lib_a-mallocr.o)
                0x00000000030007dc                __malloc_av_
 .data.__malloc_sbrk_base
                0x0000000003000be4        0x4 d:/devkitpro/devkitarm/bin/../lib/gcc/arm-none-eabi/9.1.0/../../../../arm-none-eabi/lib/thumb\libg.a(lib_a-mallocr.o)
                0x0000000003000be4                __malloc_sbrk_base
 .data.__malloc_trim_threshold
                0x0000000003000be8        0x4 d:/devkitpro/devkitarm/bin/../lib/gcc/arm-none-eabi/9.1.0/../../../../arm-none-eabi/lib/thumb\libg.a(lib_a-mallocr.o)
                0x0000000003000be8                __malloc_trim_threshold
 .data.__malloc_recursive_mutex
                0x0000000003000bec        0xc d:/devkitpro/devkitarm/bin/../lib/gcc/arm-none-eabi/9.1.0/../../../../arm-none-eabi/lib/thumb\libg.a(lib_a-mlock.o)
 .data.devoptab_list
                0x0000000003000bf8       0x8c d:/devkitpro/devkitarm/bin/../lib/gcc/arm-none-eabi/9.1.0/../../../../arm-none-eabi/lib/thumb\libsysbase.a(iosupport.o)
                0x0000000003000bf8                devoptab_list
 .data.__hndl_lock
                0x0000000003000c84        0x4 d:/devkitpro/devkitarm/bin/../lib/gcc/arm-none-eabi/9.1.0/../../../../arm-none-eabi/lib/thumb\libsysbase.a(handle_manager.o)
 .data.__stderr_handle
                0x0000000003000c88        0xc d:/devkitpro/devkitarm/bin/../lib/gcc/arm-none-eabi/9.1.0/../../../../arm-none-eabi/lib/thumb\libsysbase.a(handle_manager.o)
 .data.__stdin_handle
                0x0000000003000c94        0xc d:/devkitpro/devkitarm/bin/../lib/gcc/arm-none-eabi/9.1.0/../../../../arm-none-eabi/lib/thumb\libsysbase.a(handle_manager.o)
 .data.__stdout_handle
                0x0000000003000ca0        0xc d:/devkitpro/devkitarm/bin/../lib/gcc/arm-none-eabi/9.1.0/../../../../arm-none-eabi/lib/thumb\libsysbase.a(handle_manager.o)
 .data.handles  0x0000000003000cac     0x1000 d:/devkitpro/devkitarm/bin/../lib/gcc/arm-none-eabi/9.1.0/../../../../arm-none-eabi/lib/thumb\libsysbase.a(handle_manager.o)
 *(.gnu.linkonce.d*)
                0x0000000003001cac                . = ALIGN (0x4)
                0x0000000008015a8c                __preinit_lma = (__data_lma + SIZEOF (.data))

.igot.plt       0x0000000003001cac        0x0 load address 0x0000000008015a8c
 .igot.plt      0x0000000003001cac        0x0 d:/devkitpro/devkitarm/bin/../lib/gcc/arm-none-eabi/9.1.0/../../../../arm-none-eabi/lib/thumb/gba_crt0.o

.tm_clone_table
                0x0000000003001cac        0x0 load address 0x0000000008015a8c
 .tm_clone_table
                0x0000000003001cac        0x0 d:/devkitpro/devkitarm/bin/../lib/gcc/arm-none-eabi/9.1.0/thumb/crtbegin.o
 .tm_clone_table
                0x0000000003001cac        0x0 d:/devkitpro/devkitarm/bin/../lib/gcc/arm-none-eabi/9.1.0/thumb/crtend.o

.preinit_array  0x0000000003001cac        0x0 load address 0x0000000008015a8c
                0x0000000003001cac                __preinit_array_start = ABSOLUTE (.)
 *(.preinit_array)
                0x0000000003001cac                __preinit_array_end = ABSOLUTE (.)
                0x0000000008015a8c                __init_lma = (__preinit_lma + SIZEOF (.preinit_array))

.init_array     0x0000000003001cac        0x4 load address 0x0000000008015a8c
                0x0000000003001cac                __init_array_start = ABSOLUTE (.)
 *(SORT_BY_NAME(.init_array.*))
 *(.init_array)
 .init_array    0x0000000003001cac        0x4 d:/devkitpro/devkitarm/bin/../lib/gcc/arm-none-eabi/9.1.0/thumb/crtbegin.o
                0x0000000003001cb0                __init_array_end = ABSOLUTE (.)
                0x0000000008015a90                __fini_lma = (__init_lma + SIZEOF (.init_array))

.fini_array     0x0000000003001cb0        0x4 load address 0x0000000008015a90
                0x0000000003001cb0                __fini_array_start = ABSOLUTE (.)
 *(SORT_BY_NAME(.fini_array.*))
 *(.fini_array)
 .fini_array    0x0000000003001cb0        0x4 d:/devkitpro/devkitarm/bin/../lib/gcc/arm-none-eabi/9.1.0/thumb/crtbegin.o
                0x0000000003001cb4                __fini_array_end = ABSOLUTE (.)
                0x0000000008015a94                __jcr_lma = (__fini_lma + SIZEOF (.fini_array))

.jcr            0x0000000003001cb4        0x0 load address 0x0000000008015a94
 *(.jcr)
                0x0000000003001cb4                __data_end__ = ABSOLUTE (.)
                0x0000000008015a94                __iwram_overlay_lma = (__jcr_lma + SIZEOF (.jcr))
                0x0000000003001cb4                __iwram_overlay_start = .

.iwram0         0x0000000003001cb4        0x0 load address 0x0000000008015a94
 *(.iwram0)
                0x0000000003001cb4                . = ALIGN (0x4)
                0x0000000008015a94                PROVIDE (__load_start_iwram0 = LOADADDR (.iwram0))
                0x0000000008015a94                PROVIDE (__load_stop_iwram0 = (LOADADDR (.iwram0) + SIZEOF (.iwram0)))

.iwram1         0x0000000003001cb4        0x0
 *(.iwram1)
                0x0000000003001cb4                . = ALIGN (0x4)
                [!provide]                        PROVIDE (__load_start_iwram1 = LOADADDR (.iwram1))
                [!provide]                        PROVIDE (__load_stop_iwram1 = (LOADADDR (.iwram1) + SIZEOF (.iwram1)))

.iwram2         0x0000000003001cb4        0x0
 *(.iwram2)
                0x0000000003001cb4                . = ALIGN (0x4)
                [!provide]                        PROVIDE (__load_start_iwram2 = LOADADDR (.iwram2))
                [!provide]                        PROVIDE (__load_stop_iwram2 = (LOADADDR (.iwram2) + SIZEOF (.iwram2)))

.iwram3         0x0000000003001cb4        0x0
 *(.iwram3)
                0x0000000003001cb4                . = ALIGN (0x4)
                [!provide]                        PROVIDE (__load_start_iwram3 = LOADADDR (.iwram3))
                [!provide]                        PROVIDE (__load_stop_iwram3 = (LOADADDR (.iwram3) + SIZEOF (.iwram3)))

.iwram4         0x0000000003001cb4        0x0
 *(.iwram4)
                0x0000000003001cb4                . = ALIGN (0x4)
                [!provide]                        PROVIDE (__load_start_iwram4 = LOADADDR (.iwram4))
                [!provide]                        PROVIDE (__load_stop_iwram4 = (LOADADDR (.iwram4) + SIZEOF (.iwram4)))

.iwram5         0x0000000003001cb4        0x0
 *(.iwram5)
                0x0000000003001cb4                . = ALIGN (0x4)
                [!provide]                        PROVIDE (__load_start_iwram5 = LOADADDR (.iwram5))
                [!provide]                        PROVIDE (__load_stop_iwram5 = (LOADADDR (.iwram5) + SIZEOF (.iwram5)))

.iwram6         0x0000000003001cb4        0x0
 *(.iwram6)
                0x0000000003001cb4                . = ALIGN (0x4)
                [!provide]                        PROVIDE (__load_start_iwram6 = LOADADDR (.iwram6))
                [!provide]                        PROVIDE (__load_stop_iwram6 = (LOADADDR (.iwram6) + SIZEOF (.iwram6)))

.iwram7         0x0000000003001cb4        0x0
 *(.iwram7)
                0x0000000003001cb4                . = ALIGN (0x4)
                [!provide]                        PROVIDE (__load_start_iwram7 = LOADADDR (.iwram7))
                [!provide]                        PROVIDE (__load_stop_iwram7 = (LOADADDR (.iwram7) + SIZEOF (.iwram7)))

.iwram8         0x0000000003001cb4        0x0
 *(.iwram8)
                0x0000000003001cb4                . = ALIGN (0x4)
                [!provide]                        PROVIDE (__load_start_iwram8 = LOADADDR (.iwram8))
                [!provide]                        PROVIDE (__load_stop_iwram8 = (LOADADDR (.iwram8) + SIZEOF (.iwram8)))

.iwram9         0x0000000003001cb4        0x0
 *(.iwram9)
                0x0000000003001cb4                . = ALIGN (0x4)
                [!provide]                        PROVIDE (__load_start_iwram9 = LOADADDR (.iwram9))
                [!provide]                        PROVIDE (__load_stop_iwram9 = (LOADADDR (.iwram9) + SIZEOF (.iwram9)))
                0x0000000003001cb4                __iwram_overlay_end = .
                0x0000000008015a94                __ewram_lma = (__iwram_overlay_lma + (__iwram_overlay_end - __iwram_overlay_start))
                0x0000000003001cb4                __iheap_start = .
                0x0000000002000000                __ewram_start = ORIGIN (ewram)

.ewram          0x0000000002000000        0x0 load address 0x0000000008015a94
 *(.ewram)
                0x0000000002000000                . = ALIGN (0x4)
                0x0000000002000000                __ewram_end = ABSOLUTE (.)
                0x0000000008015a94                __pad_lma = (__ewram_lma + SIZEOF (.ewram))

.sbss           0x0000000002000000        0x0
                0x0000000002000000                __sbss_start__ = ABSOLUTE (.)
 *(.sbss)
                0x0000000002000000                . = ALIGN (0x4)
                0x0000000002000000                __sbss_end__ = ABSOLUTE (.)
                0x0000000002000000                __end__ = ABSOLUTE (.)
                0x0000000002000000                __eheap_start = ABSOLUTE (.)

.pad            0x0000000002000000        0x8 load address 0x0000000008015a94
                0x0000000002000000        0x4 LONG 0x52416b64
                0x0000000002000004        0x4 LONG 0x4d
                0x0000000002000008                . = ALIGN (0x4)
                0x0000000008015a9c                __rom_end__ = (__pad_lma + SIZEOF (.pad))

.stab
 *(.stab)

.stabstr
 *(.stabstr)

.stab.excl
 *(.stab.excl)

.stab.exclstr
 *(.stab.exclstr)

.stab.index
 *(.stab.index)

.stab.indexstr
 *(.stab.indexstr)

.comment        0x0000000000000000       0x44
 *(.comment)
 .comment       0x0000000000000000       0x22 d:/devkitpro/devkitarm/bin/../lib/gcc/arm-none-eabi/9.1.0/thumb/crtbegin.o
                                         0x23 (size before relaxing)
 .comment       0x0000000000000022       0x23 main_project.o
 .comment       0x0000000000000022       0x22 D:/devkitPro/libgba/lib\libgba.a(interrupt.o)
                                         0x23 (size before relaxing)
 .comment       0x0000000000000044       0x23 D:/devkitPro/libgba/lib\libgba.a(console.o)
 .comment       0x0000000000000044       0x23 D:/devkitPro/libgba/lib\libgba.a(CpuSet.o)
 .comment       0x0000000000000044       0x23 d:/devkitpro/devkitarm/bin/../lib/gcc/arm-none-eabi/9.1.0/../../../../arm-none-eabi/lib/thumb\libg.a(lib_a-init.o)
 .comment       0x0000000000000044       0x23 d:/devkitpro/devkitarm/bin/../lib/gcc/arm-none-eabi/9.1.0/../../../../arm-none-eabi/lib/thumb\libg.a(lib_a-iprintf.o)
 .comment       0x0000000000000044       0x23 d:/devkitpro/devkitarm/bin/../lib/gcc/arm-none-eabi/9.1.0/../../../../arm-none-eabi/lib/thumb\libg.a(lib_a-printf.o)
 .comment       0x0000000000000044       0x23 d:/devkitpro/devkitarm/bin/../lib/gcc/arm-none-eabi/9.1.0/../../../../arm-none-eabi/lib/thumb\libg.a(lib_a-setvbuf.o)
 .comment       0x0000000000000044       0x23 d:/devkitpro/devkitarm/bin/../lib/gcc/arm-none-eabi/9.1.0/../../../../arm-none-eabi/lib/thumb\libg.a(lib_a-siscanf.o)
 .comment       0x0000000000000044       0x23 d:/devkitpro/devkitarm/bin/../lib/gcc/arm-none-eabi/9.1.0/../../../../arm-none-eabi/lib/thumb\libg.a(lib_a-stdio.o)
 .comment       0x0000000000000044       0x23 d:/devkitpro/devkitarm/bin/../lib/gcc/arm-none-eabi/9.1.0/../../../../arm-none-eabi/lib/thumb\libg.a(lib_a-strlen-stub.o)
 .comment       0x0000000000000044       0x23 d:/devkitpro/devkitarm/bin/../lib/gcc/arm-none-eabi/9.1.0/../../../../arm-none-eabi/lib/thumb\libg.a(lib_a-svfiscanf.o)
 .comment       0x0000000000000044       0x23 d:/devkitpro/devkitarm/bin/../lib/gcc/arm-none-eabi/9.1.0/../../../../arm-none-eabi/lib/thumb\libg.a(lib_a-ungetc.o)
 .comment       0x0000000000000044       0x23 d:/devkitpro/devkitarm/bin/../lib/gcc/arm-none-eabi/9.1.0/../../../../arm-none-eabi/lib/thumb\libg.a(lib_a-vfiprintf.o)
 .comment       0x0000000000000044       0x23 d:/devkitpro/devkitarm/bin/../lib/gcc/arm-none-eabi/9.1.0/../../../../arm-none-eabi/lib/thumb\libg.a(lib_a-vfprintf.o)
 .comment       0x0000000000000044       0x23 d:/devkitpro/devkitarm/bin/../lib/gcc/arm-none-eabi/9.1.0/../../../../arm-none-eabi/lib/thumb\libg.a(lib_a-wcrtomb.o)
 .comment       0x0000000000000044       0x23 d:/devkitpro/devkitarm/bin/../lib/gcc/arm-none-eabi/9.1.0/../../../../arm-none-eabi/lib/thumb\libg.a(lib_a-wcsrtombs.o)
 .comment       0x0000000000000044       0x23 d:/devkitpro/devkitarm/bin/../lib/gcc/arm-none-eabi/9.1.0/../../../../arm-none-eabi/lib/thumb\libg.a(lib_a-wsetup.o)
 .comment       0x0000000000000044       0x23 d:/devkitpro/devkitarm/bin/../lib/gcc/arm-none-eabi/9.1.0/../../../../arm-none-eabi/lib/thumb\libg.a(lib_a-ctype_.o)
 .comment       0x0000000000000044       0x23 d:/devkitpro/devkitarm/bin/../lib/gcc/arm-none-eabi/9.1.0/../../../../arm-none-eabi/lib/thumb\libg.a(lib_a-dtoa.o)
 .comment       0x0000000000000044       0x23 d:/devkitpro/devkitarm/bin/../lib/gcc/arm-none-eabi/9.1.0/../../../../arm-none-eabi/lib/thumb\libg.a(lib_a-fflush.o)
 .comment       0x0000000000000044       0x23 d:/devkitpro/devkitarm/bin/../lib/gcc/arm-none-eabi/9.1.0/../../../../arm-none-eabi/lib/thumb\libg.a(lib_a-findfp.o)
 .comment       0x0000000000000044       0x23 d:/devkitpro/devkitarm/bin/../lib/gcc/arm-none-eabi/9.1.0/../../../../arm-none-eabi/lib/thumb\libg.a(lib_a-freer.o)
 .comment       0x0000000000000044       0x23 d:/devkitpro/devkitarm/bin/../lib/gcc/arm-none-eabi/9.1.0/../../../../arm-none-eabi/lib/thumb\libg.a(lib_a-fvwrite.o)
 .comment       0x0000000000000044       0x23 d:/devkitpro/devkitarm/bin/../lib/gcc/arm-none-eabi/9.1.0/../../../../arm-none-eabi/lib/thumb\libg.a(lib_a-fwalk.o)
 .comment       0x0000000000000044       0x23 d:/devkitpro/devkitarm/bin/../lib/gcc/arm-none-eabi/9.1.0/../../../../arm-none-eabi/lib/thumb\libg.a(lib_a-impure.o)
 .comment       0x0000000000000044       0x23 d:/devkitpro/devkitarm/bin/../lib/gcc/arm-none-eabi/9.1.0/../../../../arm-none-eabi/lib/thumb\libg.a(lib_a-iswspace.o)
 .comment       0x0000000000000044       0x23 d:/devkitpro/devkitarm/bin/../lib/gcc/arm-none-eabi/9.1.0/../../../../arm-none-eabi/lib/thumb\libg.a(lib_a-localeconv.o)
 .comment       0x0000000000000044       0x23 d:/devkitpro/devkitarm/bin/../lib/gcc/arm-none-eabi/9.1.0/../../../../arm-none-eabi/lib/thumb\libg.a(lib_a-locale.o)
 .comment       0x0000000000000044       0x23 d:/devkitpro/devkitarm/bin/../lib/gcc/arm-none-eabi/9.1.0/../../../../arm-none-eabi/lib/thumb\libg.a(lib_a-makebuf.o)
 .comment       0x0000000000000044       0x23 d:/devkitpro/devkitarm/bin/../lib/gcc/arm-none-eabi/9.1.0/../../../../arm-none-eabi/lib/thumb\libg.a(lib_a-malloc.o)
 .comment       0x0000000000000044       0x23 d:/devkitpro/devkitarm/bin/../lib/gcc/arm-none-eabi/9.1.0/../../../../arm-none-eabi/lib/thumb\libg.a(lib_a-mallocr.o)
 .comment       0x0000000000000044       0x23 d:/devkitpro/devkitarm/bin/../lib/gcc/arm-none-eabi/9.1.0/../../../../arm-none-eabi/lib/thumb\libg.a(lib_a-mbrtowc.o)
 .comment       0x0000000000000044       0x23 d:/devkitpro/devkitarm/bin/../lib/gcc/arm-none-eabi/9.1.0/../../../../arm-none-eabi/lib/thumb\libg.a(lib_a-mbtowc_r.o)
 .comment       0x0000000000000044       0x23 d:/devkitpro/devkitarm/bin/../lib/gcc/arm-none-eabi/9.1.0/../../../../arm-none-eabi/lib/thumb\libg.a(lib_a-memchr-stub.o)
 .comment       0x0000000000000044       0x23 d:/devkitpro/devkitarm/bin/../lib/gcc/arm-none-eabi/9.1.0/../../../../arm-none-eabi/lib/thumb\libg.a(lib_a-memcpy-stub.o)
 .comment       0x0000000000000044       0x23 d:/devkitpro/devkitarm/bin/../lib/gcc/arm-none-eabi/9.1.0/../../../../arm-none-eabi/lib/thumb\libg.a(lib_a-memmove.o)
 .comment       0x0000000000000044       0x23 d:/devkitpro/devkitarm/bin/../lib/gcc/arm-none-eabi/9.1.0/../../../../arm-none-eabi/lib/thumb\libg.a(lib_a-memset.o)
 .comment       0x0000000000000044       0x23 d:/devkitpro/devkitarm/bin/../lib/gcc/arm-none-eabi/9.1.0/../../../../arm-none-eabi/lib/thumb\libg.a(lib_a-mlock.o)
 .comment       0x0000000000000044       0x23 d:/devkitpro/devkitarm/bin/../lib/gcc/arm-none-eabi/9.1.0/../../../../arm-none-eabi/lib/thumb\libg.a(lib_a-mprec.o)
 .comment       0x0000000000000044       0x23 d:/devkitpro/devkitarm/bin/../lib/gcc/arm-none-eabi/9.1.0/../../../../arm-none-eabi/lib/thumb\libg.a(lib_a-realloc.o)
 .comment       0x0000000000000044       0x23 d:/devkitpro/devkitarm/bin/../lib/gcc/arm-none-eabi/9.1.0/../../../../arm-none-eabi/lib/thumb\libg.a(lib_a-reallocr.o)
 .comment       0x0000000000000044       0x23 d:/devkitpro/devkitarm/bin/../lib/gcc/arm-none-eabi/9.1.0/../../../../arm-none-eabi/lib/thumb\libg.a(lib_a-sccl.o)
 .comment       0x0000000000000044       0x23 d:/devkitpro/devkitarm/bin/../lib/gcc/arm-none-eabi/9.1.0/../../../../arm-none-eabi/lib/thumb\libg.a(lib_a-s_frexp.o)
 .comment       0x0000000000000044       0x23 d:/devkitpro/devkitarm/bin/../lib/gcc/arm-none-eabi/9.1.0/../../../../arm-none-eabi/lib/thumb\libg.a(lib_a-strncpy.o)
 .comment       0x0000000000000044       0x23 d:/devkitpro/devkitarm/bin/../lib/gcc/arm-none-eabi/9.1.0/../../../../arm-none-eabi/lib/thumb\libg.a(lib_a-strtoll.o)
 .comment       0x0000000000000044       0x23 d:/devkitpro/devkitarm/bin/../lib/gcc/arm-none-eabi/9.1.0/../../../../arm-none-eabi/lib/thumb\libg.a(lib_a-strtol.o)
 .comment       0x0000000000000044       0x23 d:/devkitpro/devkitarm/bin/../lib/gcc/arm-none-eabi/9.1.0/../../../../arm-none-eabi/lib/thumb\libg.a(lib_a-strtoull.o)
 .comment       0x0000000000000044       0x23 d:/devkitpro/devkitarm/bin/../lib/gcc/arm-none-eabi/9.1.0/../../../../arm-none-eabi/lib/thumb\libg.a(lib_a-strtoul.o)
 .comment       0x0000000000000044       0x23 d:/devkitpro/devkitarm/bin/../lib/gcc/arm-none-eabi/9.1.0/../../../../arm-none-eabi/lib/thumb\libg.a(lib_a-svfiprintf.o)
 .comment       0x0000000000000044       0x23 d:/devkitpro/devkitarm/bin/../lib/gcc/arm-none-eabi/9.1.0/../../../../arm-none-eabi/lib/thumb\libg.a(lib_a-wcsnrtombs.o)
 .comment       0x0000000000000044       0x23 d:/devkitpro/devkitarm/bin/../lib/gcc/arm-none-eabi/9.1.0/../../../../arm-none-eabi/lib/thumb\libg.a(lib_a-wctomb_r.o)
 .comment       0x0000000000000044       0x23 d:/devkitpro/devkitarm/bin/../lib/gcc/arm-none-eabi/9.1.0/../../../../arm-none-eabi/lib/thumb\libg.a(lib_a-callocr.o)
 .comment       0x0000000000000044       0x23 d:/devkitpro/devkitarm/bin/../lib/gcc/arm-none-eabi/9.1.0/../../../../arm-none-eabi/lib/thumb\libg.a(lib_a-fclose.o)
 .comment       0x0000000000000044       0x23 d:/devkitpro/devkitarm/bin/../lib/gcc/arm-none-eabi/9.1.0/../../../../arm-none-eabi/lib/thumb\libg.a(lib_a-iswspace_l.o)
 .comment       0x0000000000000044       0x23 d:/devkitpro/devkitarm/bin/../lib/gcc/arm-none-eabi/9.1.0/../../../../arm-none-eabi/lib/thumb\libg.a(lib_a-jp2uc.o)
 .comment       0x0000000000000044       0x23 d:/devkitpro/devkitarm/bin/../lib/gcc/arm-none-eabi/9.1.0/../../../../arm-none-eabi/lib/thumb\libg.a(lib_a-categories.o)
 .comment       0x0000000000000044       0x23 d:/devkitpro/devkitarm/bin/../lib/gcc/arm-none-eabi/9.1.0/../../../../arm-none-eabi/lib/thumb\libsysbase.a(iosupport.o)
 .comment       0x0000000000000044       0x23 d:/devkitpro/devkitarm/bin/../lib/gcc/arm-none-eabi/9.1.0/../../../../arm-none-eabi/lib/thumb\libsysbase.a(fstat.o)
 .comment       0x0000000000000044       0x23 d:/devkitpro/devkitarm/bin/../lib/gcc/arm-none-eabi/9.1.0/../../../../arm-none-eabi/lib/thumb\libsysbase.a(isatty.o)
 .comment       0x0000000000000044       0x23 d:/devkitpro/devkitarm/bin/../lib/gcc/arm-none-eabi/9.1.0/../../../../arm-none-eabi/lib/thumb\libsysbase.a(lseek.o)
 .comment       0x0000000000000044       0x23 d:/devkitpro/devkitarm/bin/../lib/gcc/arm-none-eabi/9.1.0/../../../../arm-none-eabi/lib/thumb\libsysbase.a(read.o)
 .comment       0x0000000000000044       0x23 d:/devkitpro/devkitarm/bin/../lib/gcc/arm-none-eabi/9.1.0/../../../../arm-none-eabi/lib/thumb\libsysbase.a(sbrk.o)
 .comment       0x0000000000000044       0x23 d:/devkitpro/devkitarm/bin/../lib/gcc/arm-none-eabi/9.1.0/../../../../arm-none-eabi/lib/thumb\libsysbase.a(write.o)
 .comment       0x0000000000000044       0x23 d:/devkitpro/devkitarm/bin/../lib/gcc/arm-none-eabi/9.1.0/../../../../arm-none-eabi/lib/thumb\libsysbase.a(malloc_vars.o)
 .comment       0x0000000000000044       0x23 d:/devkitpro/devkitarm/bin/../lib/gcc/arm-none-eabi/9.1.0/../../../../arm-none-eabi/lib/thumb\libsysbase.a(flock.o)
 .comment       0x0000000000000044       0x23 d:/devkitpro/devkitarm/bin/../lib/gcc/arm-none-eabi/9.1.0/../../../../arm-none-eabi/lib/thumb\libsysbase.a(syscall_support.o)
 .comment       0x0000000000000044       0x23 d:/devkitpro/devkitarm/bin/../lib/gcc/arm-none-eabi/9.1.0/../../../../arm-none-eabi/lib/thumb\libsysbase.a(handle_manager.o)
 .comment       0x0000000000000044       0x23 d:/devkitpro/devkitarm/bin/../lib/gcc/arm-none-eabi/9.1.0/../../../../arm-none-eabi/lib/thumb\libsysbase.a(getreent.o)
 .comment       0x0000000000000044       0x23 d:/devkitpro/devkitarm/bin/../lib/gcc/arm-none-eabi/9.1.0/thumb\libgcc.a(_muldi3.o)
 .comment       0x0000000000000044       0x23 d:/devkitpro/devkitarm/bin/../lib/gcc/arm-none-eabi/9.1.0/thumb\libgcc.a(_udivmoddi4.o)
 .comment       0x0000000000000044       0x23 d:/devkitpro/devkitarm/bin/../lib/gcc/arm-none-eabi/9.1.0/thumb/crtend.o

.debug
 *(.debug)

.line
 *(.line)

.debug_srcinfo
 *(.debug_srcinfo)

.debug_sfnames
 *(.debug_sfnames)

.debug_aranges  0x0000000000000000       0xa0
 *(.debug_aranges)
 .debug_aranges
                0x0000000000000000       0x20 main_project.o
 .debug_aranges
                0x0000000000000020       0x20 D:/devkitPro/libgba/lib\libgba.a(interrupt.o)
 .debug_aranges
                0x0000000000000040       0x20 D:/devkitPro/libgba/lib\libgba.a(console.o)
 .debug_aranges
                0x0000000000000060       0x20 D:/devkitPro/libgba/lib\libgba.a(InterruptDispatcher.o)
 .debug_aranges
                0x0000000000000080       0x20 D:/devkitPro/libgba/lib\libgba.a(CpuSet.o)

.debug_pubnames
 *(.debug_pubnames)

.debug_info     0x0000000000000000     0x3212
 *(.debug_info)
 .debug_info    0x0000000000000000      0xb99 main_project.o
 .debug_info    0x0000000000000b99      0x41b D:/devkitPro/libgba/lib\libgba.a(interrupt.o)
 .debug_info    0x0000000000000fb4     0x20fd D:/devkitPro/libgba/lib\libgba.a(console.o)
 .debug_info    0x00000000000030b1       0x26 D:/devkitPro/libgba/lib\libgba.a(InterruptDispatcher.o)
 .debug_info    0x00000000000030d7      0x13b D:/devkitPro/libgba/lib\libgba.a(CpuSet.o)

.debug_abbrev   0x0000000000000000      0xa3e
 *(.debug_abbrev)
 .debug_abbrev  0x0000000000000000      0x2aa main_project.o
 .debug_abbrev  0x00000000000002aa      0x1ee D:/devkitPro/libgba/lib\libgba.a(interrupt.o)
 .debug_abbrev  0x0000000000000498      0x4eb D:/devkitPro/libgba/lib\libgba.a(console.o)
 .debug_abbrev  0x0000000000000983       0x14 D:/devkitPro/libgba/lib\libgba.a(InterruptDispatcher.o)
 .debug_abbrev  0x0000000000000997       0xa7 D:/devkitPro/libgba/lib\libgba.a(CpuSet.o)

.debug_line     0x0000000000000000     0x1494
 *(.debug_line)
 .debug_line    0x0000000000000000      0x25e main_project.o
 .debug_line    0x000000000000025e      0x5ae D:/devkitPro/libgba/lib\libgba.a(interrupt.o)
 .debug_line    0x000000000000080c      0xa72 D:/devkitPro/libgba/lib\libgba.a(console.o)
 .debug_line    0x000000000000127e       0xb2 D:/devkitPro/libgba/lib\libgba.a(InterruptDispatcher.o)
 .debug_line    0x0000000000001330      0x164 D:/devkitPro/libgba/lib\libgba.a(CpuSet.o)

.debug_frame    0x0000000000000000      0x210
 *(.debug_frame)
 .debug_frame   0x0000000000000000       0x30 main_project.o
 .debug_frame   0x0000000000000030       0xb0 D:/devkitPro/libgba/lib\libgba.a(interrupt.o)
 .debug_frame   0x00000000000000e0      0x100 D:/devkitPro/libgba/lib\libgba.a(console.o)
 .debug_frame   0x00000000000001e0       0x30 D:/devkitPro/libgba/lib\libgba.a(CpuSet.o)

.debug_str      0x0000000000000000     0x1031
 *(.debug_str)
 .debug_str     0x0000000000000000      0x62f main_project.o
                                        0x6d8 (size before relaxing)
 .debug_str     0x000000000000062f      0x192 D:/devkitPro/libgba/lib\libgba.a(interrupt.o)
                                        0x310 (size before relaxing)
 .debug_str     0x00000000000007c1      0x7b6 D:/devkitPro/libgba/lib\libgba.a(console.o)
                                        0xe18 (size before relaxing)
 .debug_str     0x0000000000000f77       0x60 D:/devkitPro/libgba/lib\libgba.a(InterruptDispatcher.o)
                                         0xa0 (size before relaxing)
 .debug_str     0x0000000000000fd7       0x5a D:/devkitPro/libgba/lib\libgba.a(CpuSet.o)
                                        0x18e (size before relaxing)

.debug_loc      0x0000000000000000     0x191c
 *(.debug_loc)
 .debug_loc     0x0000000000000000      0x446 D:/devkitPro/libgba/lib\libgba.a(interrupt.o)
 .debug_loc     0x0000000000000446     0x13f8 D:/devkitPro/libgba/lib\libgba.a(console.o)
 .debug_loc     0x000000000000183e       0xde D:/devkitPro/libgba/lib\libgba.a(CpuSet.o)

.debug_macinfo
 *(.debug_macinfo)

.debug_weaknames
 *(.debug_weaknames)

.debug_funcnames
 *(.debug_funcnames)

.debug_typenames
 *(.debug_typenames)

.debug_varnames
 *(.debug_varnames)

.stack          0x0000000000080000        0x0
                0x0000000000080000                _stack = .
 *(.stack)

.note.gnu.arm.ident
 *(.note.gnu.arm.ident)

.ARM.attributes
                0x0000000000000000       0x2c
 *(.ARM.attributes)
 .ARM.attributes
                0x0000000000000000       0x20 d:/devkitpro/devkitarm/bin/../lib/gcc/arm-none-eabi/9.1.0/../../../../arm-none-eabi/lib/thumb/gba_crt0.o
 .ARM.attributes
                0x0000000000000020       0x1c d:/devkitpro/devkitarm/bin/../lib/gcc/arm-none-eabi/9.1.0/thumb/crti.o
 .ARM.attributes
                0x000000000000003c       0x2a d:/devkitpro/devkitarm/bin/../lib/gcc/arm-none-eabi/9.1.0/thumb/crtbegin.o
 .ARM.attributes
                0x0000000000000066       0x26 main_project.o
 .ARM.attributes
                0x000000000000008c       0x1a assembler.o
 .ARM.attributes
                0x00000000000000a6       0x1a assember2.o
 .ARM.attributes
                0x00000000000000c0       0x2a D:/devkitPro/libgba/lib\libgba.a(interrupt.o)
 .ARM.attributes
                0x00000000000000ea       0x2a D:/devkitPro/libgba/lib\libgba.a(console.o)
 .ARM.attributes
                0x0000000000000114       0x1a D:/devkitPro/libgba/lib\libgba.a(InterruptDispatcher.o)
 .ARM.attributes
                0x000000000000012e       0x14 D:/devkitPro/libgba/lib\libgba.a(amiga.fnt.o)
 .ARM.attributes
                0x0000000000000142       0x2a D:/devkitPro/libgba/lib\libgba.a(CpuSet.o)
 .ARM.attributes
                0x000000000000016c       0x2a d:/devkitpro/devkitarm/bin/../lib/gcc/arm-none-eabi/9.1.0/../../../../arm-none-eabi/lib/thumb\libg.a(lib_a-init.o)
 .ARM.attributes
                0x0000000000000196       0x2a d:/devkitpro/devkitarm/bin/../lib/gcc/arm-none-eabi/9.1.0/../../../../arm-none-eabi/lib/thumb\libg.a(lib_a-iprintf.o)
 .ARM.attributes
                0x00000000000001c0       0x2a d:/devkitpro/devkitarm/bin/../lib/gcc/arm-none-eabi/9.1.0/../../../../arm-none-eabi/lib/thumb\libg.a(lib_a-printf.o)
 .ARM.attributes
                0x00000000000001ea       0x2a d:/devkitpro/devkitarm/bin/../lib/gcc/arm-none-eabi/9.1.0/../../../../arm-none-eabi/lib/thumb\libg.a(lib_a-setvbuf.o)
 .ARM.attributes
                0x0000000000000214       0x2a d:/devkitpro/devkitarm/bin/../lib/gcc/arm-none-eabi/9.1.0/../../../../arm-none-eabi/lib/thumb\libg.a(lib_a-siscanf.o)
 .ARM.attributes
                0x000000000000023e       0x2a d:/devkitpro/devkitarm/bin/../lib/gcc/arm-none-eabi/9.1.0/../../../../arm-none-eabi/lib/thumb\libg.a(lib_a-stdio.o)
 .ARM.attributes
                0x0000000000000268       0x2a d:/devkitpro/devkitarm/bin/../lib/gcc/arm-none-eabi/9.1.0/../../../../arm-none-eabi/lib/thumb\libg.a(lib_a-strlen-stub.o)
 .ARM.attributes
                0x0000000000000292       0x2a d:/devkitpro/devkitarm/bin/../lib/gcc/arm-none-eabi/9.1.0/../../../../arm-none-eabi/lib/thumb\libg.a(lib_a-svfiscanf.o)
 .ARM.attributes
                0x00000000000002bc       0x2a d:/devkitpro/devkitarm/bin/../lib/gcc/arm-none-eabi/9.1.0/../../../../arm-none-eabi/lib/thumb\libg.a(lib_a-ungetc.o)
 .ARM.attributes
                0x00000000000002e6       0x2a d:/devkitpro/devkitarm/bin/../lib/gcc/arm-none-eabi/9.1.0/../../../../arm-none-eabi/lib/thumb\libg.a(lib_a-vfiprintf.o)
 .ARM.attributes
                0x0000000000000310       0x2a d:/devkitpro/devkitarm/bin/../lib/gcc/arm-none-eabi/9.1.0/../../../../arm-none-eabi/lib/thumb\libg.a(lib_a-vfprintf.o)
 .ARM.attributes
                0x000000000000033a       0x2a d:/devkitpro/devkitarm/bin/../lib/gcc/arm-none-eabi/9.1.0/../../../../arm-none-eabi/lib/thumb\libg.a(lib_a-wcrtomb.o)
 .ARM.attributes
                0x0000000000000364       0x2a d:/devkitpro/devkitarm/bin/../lib/gcc/arm-none-eabi/9.1.0/../../../../arm-none-eabi/lib/thumb\libg.a(lib_a-wcsrtombs.o)
 .ARM.attributes
                0x000000000000038e       0x2a d:/devkitpro/devkitarm/bin/../lib/gcc/arm-none-eabi/9.1.0/../../../../arm-none-eabi/lib/thumb\libg.a(lib_a-wsetup.o)
 .ARM.attributes
                0x00000000000003b8       0x2a d:/devkitpro/devkitarm/bin/../lib/gcc/arm-none-eabi/9.1.0/../../../../arm-none-eabi/lib/thumb\libg.a(lib_a-ctype_.o)
 .ARM.attributes
                0x00000000000003e2       0x2a d:/devkitpro/devkitarm/bin/../lib/gcc/arm-none-eabi/9.1.0/../../../../arm-none-eabi/lib/thumb\libg.a(lib_a-dtoa.o)
 .ARM.attributes
                0x000000000000040c       0x2a d:/devkitpro/devkitarm/bin/../lib/gcc/arm-none-eabi/9.1.0/../../../../arm-none-eabi/lib/thumb\libg.a(lib_a-fflush.o)
 .ARM.attributes
                0x0000000000000436       0x2a d:/devkitpro/devkitarm/bin/../lib/gcc/arm-none-eabi/9.1.0/../../../../arm-none-eabi/lib/thumb\libg.a(lib_a-findfp.o)
 .ARM.attributes
                0x0000000000000460       0x2a d:/devkitpro/devkitarm/bin/../lib/gcc/arm-none-eabi/9.1.0/../../../../arm-none-eabi/lib/thumb\libg.a(lib_a-freer.o)
 .ARM.attributes
                0x000000000000048a       0x2a d:/devkitpro/devkitarm/bin/../lib/gcc/arm-none-eabi/9.1.0/../../../../arm-none-eabi/lib/thumb\libg.a(lib_a-fvwrite.o)
 .ARM.attributes
                0x00000000000004b4       0x2a d:/devkitpro/devkitarm/bin/../lib/gcc/arm-none-eabi/9.1.0/../../../../arm-none-eabi/lib/thumb\libg.a(lib_a-fwalk.o)
 .ARM.attributes
                0x00000000000004de       0x30 d:/devkitpro/devkitarm/bin/../lib/gcc/arm-none-eabi/9.1.0/../../../../arm-none-eabi/lib/thumb\libg.a(lib_a-impure.o)
 .ARM.attributes
                0x000000000000050e       0x2a d:/devkitpro/devkitarm/bin/../lib/gcc/arm-none-eabi/9.1.0/../../../../arm-none-eabi/lib/thumb\libg.a(lib_a-iswspace.o)
 .ARM.attributes
                0x0000000000000538       0x2a d:/devkitpro/devkitarm/bin/../lib/gcc/arm-none-eabi/9.1.0/../../../../arm-none-eabi/lib/thumb\libg.a(lib_a-localeconv.o)
 .ARM.attributes
                0x0000000000000562       0x2a d:/devkitpro/devkitarm/bin/../lib/gcc/arm-none-eabi/9.1.0/../../../../arm-none-eabi/lib/thumb\libg.a(lib_a-locale.o)
 .ARM.attributes
                0x000000000000058c       0x2a d:/devkitpro/devkitarm/bin/../lib/gcc/arm-none-eabi/9.1.0/../../../../arm-none-eabi/lib/thumb\libg.a(lib_a-makebuf.o)
 .ARM.attributes
                0x00000000000005b6       0x2a d:/devkitpro/devkitarm/bin/../lib/gcc/arm-none-eabi/9.1.0/../../../../arm-none-eabi/lib/thumb\libg.a(lib_a-malloc.o)
 .ARM.attributes
                0x00000000000005e0       0x2a d:/devkitpro/devkitarm/bin/../lib/gcc/arm-none-eabi/9.1.0/../../../../arm-none-eabi/lib/thumb\libg.a(lib_a-mallocr.o)
 .ARM.attributes
                0x000000000000060a       0x2a d:/devkitpro/devkitarm/bin/../lib/gcc/arm-none-eabi/9.1.0/../../../../arm-none-eabi/lib/thumb\libg.a(lib_a-mbrtowc.o)
 .ARM.attributes
                0x0000000000000634       0x2a d:/devkitpro/devkitarm/bin/../lib/gcc/arm-none-eabi/9.1.0/../../../../arm-none-eabi/lib/thumb\libg.a(lib_a-mbtowc_r.o)
 .ARM.attributes
                0x000000000000065e       0x2a d:/devkitpro/devkitarm/bin/../lib/gcc/arm-none-eabi/9.1.0/../../../../arm-none-eabi/lib/thumb\libg.a(lib_a-memchr-stub.o)
 .ARM.attributes
                0x0000000000000688       0x2a d:/devkitpro/devkitarm/bin/../lib/gcc/arm-none-eabi/9.1.0/../../../../arm-none-eabi/lib/thumb\libg.a(lib_a-memcpy-stub.o)
 .ARM.attributes
                0x00000000000006b2       0x2a d:/devkitpro/devkitarm/bin/../lib/gcc/arm-none-eabi/9.1.0/../../../../arm-none-eabi/lib/thumb\libg.a(lib_a-memmove.o)
 .ARM.attributes
                0x00000000000006dc       0x2a d:/devkitpro/devkitarm/bin/../lib/gcc/arm-none-eabi/9.1.0/../../../../arm-none-eabi/lib/thumb\libg.a(lib_a-memset.o)
 .ARM.attributes
                0x0000000000000706       0x2a d:/devkitpro/devkitarm/bin/../lib/gcc/arm-none-eabi/9.1.0/../../../../arm-none-eabi/lib/thumb\libg.a(lib_a-mlock.o)
 .ARM.attributes
                0x0000000000000730       0x2a d:/devkitpro/devkitarm/bin/../lib/gcc/arm-none-eabi/9.1.0/../../../../arm-none-eabi/lib/thumb\libg.a(lib_a-mprec.o)
 .ARM.attributes
                0x000000000000075a       0x2a d:/devkitpro/devkitarm/bin/../lib/gcc/arm-none-eabi/9.1.0/../../../../arm-none-eabi/lib/thumb\libg.a(lib_a-realloc.o)
 .ARM.attributes
                0x0000000000000784       0x2a d:/devkitpro/devkitarm/bin/../lib/gcc/arm-none-eabi/9.1.0/../../../../arm-none-eabi/lib/thumb\libg.a(lib_a-reallocr.o)
 .ARM.attributes
                0x00000000000007ae       0x2a d:/devkitpro/devkitarm/bin/../lib/gcc/arm-none-eabi/9.1.0/../../../../arm-none-eabi/lib/thumb\libg.a(lib_a-sccl.o)
 .ARM.attributes
                0x00000000000007d8       0x2a d:/devkitpro/devkitarm/bin/../lib/gcc/arm-none-eabi/9.1.0/../../../../arm-none-eabi/lib/thumb\libg.a(lib_a-s_frexp.o)
 .ARM.attributes
                0x0000000000000802       0x2a d:/devkitpro/devkitarm/bin/../lib/gcc/arm-none-eabi/9.1.0/../../../../arm-none-eabi/lib/thumb\libg.a(lib_a-strcasecmp.o)
 .ARM.attributes
                0x000000000000082c       0x2a d:/devkitpro/devkitarm/bin/../lib/gcc/arm-none-eabi/9.1.0/../../../../arm-none-eabi/lib/thumb\libg.a(lib_a-strcat.o)
 .ARM.attributes
                0x0000000000000856       0x2a d:/devkitpro/devkitarm/bin/../lib/gcc/arm-none-eabi/9.1.0/../../../../arm-none-eabi/lib/thumb\libg.a(lib_a-strchr.o)
 .ARM.attributes
                0x0000000000000880       0x1a d:/devkitpro/devkitarm/bin/../lib/gcc/arm-none-eabi/9.1.0/../../../../arm-none-eabi/lib/thumb\libg.a(lib_a-strcmp.o)
 .ARM.attributes
                0x000000000000089a       0x2a d:/devkitpro/devkitarm/bin/../lib/gcc/arm-none-eabi/9.1.0/../../../../arm-none-eabi/lib/thumb\libg.a(lib_a-strcpy.o)
 .ARM.attributes
                0x00000000000008c4       0x2a d:/devkitpro/devkitarm/bin/../lib/gcc/arm-none-eabi/9.1.0/../../../../arm-none-eabi/lib/thumb\libg.a(lib_a-strlcpy.o)
 .ARM.attributes
                0x00000000000008ee       0x2a d:/devkitpro/devkitarm/bin/../lib/gcc/arm-none-eabi/9.1.0/../../../../arm-none-eabi/lib/thumb\libg.a(lib_a-strncasecmp.o)
 .ARM.attributes
                0x0000000000000918       0x2a d:/devkitpro/devkitarm/bin/../lib/gcc/arm-none-eabi/9.1.0/../../../../arm-none-eabi/lib/thumb\libg.a(lib_a-strncmp.o)
 .ARM.attributes
                0x0000000000000942       0x2a d:/devkitpro/devkitarm/bin/../lib/gcc/arm-none-eabi/9.1.0/../../../../arm-none-eabi/lib/thumb\libg.a(lib_a-strncpy.o)
 .ARM.attributes
                0x000000000000096c       0x2a d:/devkitpro/devkitarm/bin/../lib/gcc/arm-none-eabi/9.1.0/../../../../arm-none-eabi/lib/thumb\libg.a(lib_a-strtoll.o)
 .ARM.attributes
                0x0000000000000996       0x2a d:/devkitpro/devkitarm/bin/../lib/gcc/arm-none-eabi/9.1.0/../../../../arm-none-eabi/lib/thumb\libg.a(lib_a-strtol.o)
 .ARM.attributes
                0x00000000000009c0       0x2a d:/devkitpro/devkitarm/bin/../lib/gcc/arm-none-eabi/9.1.0/../../../../arm-none-eabi/lib/thumb\libg.a(lib_a-strtoull.o)
 .ARM.attributes
                0x00000000000009ea       0x2a d:/devkitpro/devkitarm/bin/../lib/gcc/arm-none-eabi/9.1.0/../../../../arm-none-eabi/lib/thumb\libg.a(lib_a-strtoul.o)
 .ARM.attributes
                0x0000000000000a14       0x2a d:/devkitpro/devkitarm/bin/../lib/gcc/arm-none-eabi/9.1.0/../../../../arm-none-eabi/lib/thumb\libg.a(lib_a-svfiprintf.o)
 .ARM.attributes
                0x0000000000000a3e       0x2a d:/devkitpro/devkitarm/bin/../lib/gcc/arm-none-eabi/9.1.0/../../../../arm-none-eabi/lib/thumb\libg.a(lib_a-wcsnrtombs.o)
 .ARM.attributes
                0x0000000000000a68       0x2a d:/devkitpro/devkitarm/bin/../lib/gcc/arm-none-eabi/9.1.0/../../../../arm-none-eabi/lib/thumb\libg.a(lib_a-wctomb_r.o)
 .ARM.attributes
                0x0000000000000a92       0x2a d:/devkitpro/devkitarm/bin/../lib/gcc/arm-none-eabi/9.1.0/../../../../arm-none-eabi/lib/thumb\libg.a(lib_a-callocr.o)
 .ARM.attributes
                0x0000000000000abc       0x2a d:/devkitpro/devkitarm/bin/../lib/gcc/arm-none-eabi/9.1.0/../../../../arm-none-eabi/lib/thumb\libg.a(lib_a-fclose.o)
 .ARM.attributes
                0x0000000000000ae6       0x2a d:/devkitpro/devkitarm/bin/../lib/gcc/arm-none-eabi/9.1.0/../../../../arm-none-eabi/lib/thumb\libg.a(lib_a-getenv_r.o)
 .ARM.attributes
                0x0000000000000b10       0x2a d:/devkitpro/devkitarm/bin/../lib/gcc/arm-none-eabi/9.1.0/../../../../arm-none-eabi/lib/thumb\libg.a(lib_a-iswspace_l.o)
 .ARM.attributes
                0x0000000000000b3a       0x2a d:/devkitpro/devkitarm/bin/../lib/gcc/arm-none-eabi/9.1.0/../../../../arm-none-eabi/lib/thumb\libg.a(lib_a-jp2uc.o)
 .ARM.attributes
                0x0000000000000b64       0x2a d:/devkitpro/devkitarm/bin/../lib/gcc/arm-none-eabi/9.1.0/../../../../arm-none-eabi/lib/thumb\libg.a(lib_a-categories.o)
 .ARM.attributes
                0x0000000000000b8e       0x30 d:/devkitpro/devkitarm/bin/../lib/gcc/arm-none-eabi/9.1.0/../../../../arm-none-eabi/lib/thumb\libg.a(lib_a-environ.o)
 .ARM.attributes
                0x0000000000000bbe       0x2a d:/devkitpro/devkitarm/bin/../lib/gcc/arm-none-eabi/9.1.0/../../../../arm-none-eabi/lib/thumb\libg.a(lib_a-envlock.o)
 .ARM.attributes
                0x0000000000000be8       0x2a d:/devkitpro/devkitarm/bin/../lib/gcc/arm-none-eabi/9.1.0/../../../../arm-none-eabi/lib/thumb\libsysbase.a(iosupport.o)
 .ARM.attributes
                0x0000000000000c12       0x2a d:/devkitpro/devkitarm/bin/../lib/gcc/arm-none-eabi/9.1.0/../../../../arm-none-eabi/lib/thumb\libsysbase.a(fstat.o)
 .ARM.attributes
                0x0000000000000c3c       0x2a d:/devkitpro/devkitarm/bin/../lib/gcc/arm-none-eabi/9.1.0/../../../../arm-none-eabi/lib/thumb\libsysbase.a(isatty.o)
 .ARM.attributes
                0x0000000000000c66       0x2a d:/devkitpro/devkitarm/bin/../lib/gcc/arm-none-eabi/9.1.0/../../../../arm-none-eabi/lib/thumb\libsysbase.a(lseek.o)
 .ARM.attributes
                0x0000000000000c90       0x2a d:/devkitpro/devkitarm/bin/../lib/gcc/arm-none-eabi/9.1.0/../../../../arm-none-eabi/lib/thumb\libsysbase.a(read.o)
 .ARM.attributes
                0x0000000000000cba       0x2a d:/devkitpro/devkitarm/bin/../lib/gcc/arm-none-eabi/9.1.0/../../../../arm-none-eabi/lib/thumb\libsysbase.a(sbrk.o)
 .ARM.attributes
                0x0000000000000ce4       0x2a d:/devkitpro/devkitarm/bin/../lib/gcc/arm-none-eabi/9.1.0/../../../../arm-none-eabi/lib/thumb\libsysbase.a(write.o)
 .ARM.attributes
                0x0000000000000d0e       0x30 d:/devkitpro/devkitarm/bin/../lib/gcc/arm-none-eabi/9.1.0/../../../../arm-none-eabi/lib/thumb\libsysbase.a(malloc_vars.o)
 .ARM.attributes
                0x0000000000000d3e       0x2a d:/devkitpro/devkitarm/bin/../lib/gcc/arm-none-eabi/9.1.0/../../../../arm-none-eabi/lib/thumb\libsysbase.a(flock.o)
 .ARM.attributes
                0x0000000000000d68       0x2a d:/devkitpro/devkitarm/bin/../lib/gcc/arm-none-eabi/9.1.0/../../../../arm-none-eabi/lib/thumb\libsysbase.a(syscall_support.o)
 .ARM.attributes
                0x0000000000000d92       0x2a d:/devkitpro/devkitarm/bin/../lib/gcc/arm-none-eabi/9.1.0/../../../../arm-none-eabi/lib/thumb\libsysbase.a(handle_manager.o)
 .ARM.attributes
                0x0000000000000dbc       0x2a d:/devkitpro/devkitarm/bin/../lib/gcc/arm-none-eabi/9.1.0/../../../../arm-none-eabi/lib/thumb\libsysbase.a(getreent.o)
 .ARM.attributes
                0x0000000000000de6       0x1c d:/devkitpro/devkitarm/bin/../lib/gcc/arm-none-eabi/9.1.0/thumb\libgcc.a(_thumb1_case_uqi.o)
 .ARM.attributes
                0x0000000000000e02       0x1c d:/devkitpro/devkitarm/bin/../lib/gcc/arm-none-eabi/9.1.0/thumb\libgcc.a(_thumb1_case_uhi.o)
 .ARM.attributes
                0x0000000000000e1e       0x1c d:/devkitpro/devkitarm/bin/../lib/gcc/arm-none-eabi/9.1.0/thumb\libgcc.a(_arm_muldf3.o)
 .ARM.attributes
                0x0000000000000e3a       0x1c d:/devkitpro/devkitarm/bin/../lib/gcc/arm-none-eabi/9.1.0/thumb\libgcc.a(_udivsi3.o)
 .ARM.attributes
                0x0000000000000e56       0x1c d:/devkitpro/devkitarm/bin/../lib/gcc/arm-none-eabi/9.1.0/thumb\libgcc.a(_divsi3.o)
 .ARM.attributes
                0x0000000000000e72       0x1c d:/devkitpro/devkitarm/bin/../lib/gcc/arm-none-eabi/9.1.0/thumb\libgcc.a(_dvmd_tls.o)
 .ARM.attributes
                0x0000000000000e8e       0x1c d:/devkitpro/devkitarm/bin/../lib/gcc/arm-none-eabi/9.1.0/thumb\libgcc.a(_arm_addsubdf3.o)
 .ARM.attributes
                0x0000000000000eaa       0x1c d:/devkitpro/devkitarm/bin/../lib/gcc/arm-none-eabi/9.1.0/thumb\libgcc.a(_arm_muldivdf3.o)
 .ARM.attributes
                0x0000000000000ec6       0x1c d:/devkitpro/devkitarm/bin/../lib/gcc/arm-none-eabi/9.1.0/thumb\libgcc.a(_arm_cmpdf2.o)
 .ARM.attributes
                0x0000000000000ee2       0x1c d:/devkitpro/devkitarm/bin/../lib/gcc/arm-none-eabi/9.1.0/thumb\libgcc.a(_arm_unorddf2.o)
 .ARM.attributes
                0x0000000000000efe       0x1c d:/devkitpro/devkitarm/bin/../lib/gcc/arm-none-eabi/9.1.0/thumb\libgcc.a(_arm_fixdfsi.o)
 .ARM.attributes
                0x0000000000000f1a       0x1c d:/devkitpro/devkitarm/bin/../lib/gcc/arm-none-eabi/9.1.0/thumb\libgcc.a(_aeabi_uldivmod.o)
 .ARM.attributes
                0x0000000000000f36       0x2a d:/devkitpro/devkitarm/bin/../lib/gcc/arm-none-eabi/9.1.0/thumb\libgcc.a(_muldi3.o)
 .ARM.attributes
                0x0000000000000f60       0x2a d:/devkitpro/devkitarm/bin/../lib/gcc/arm-none-eabi/9.1.0/thumb\libgcc.a(_udivmoddi4.o)
 .ARM.attributes
                0x0000000000000f8a       0x1c d:/devkitpro/devkitarm/bin/../lib/gcc/arm-none-eabi/9.1.0/thumb\libgcc.a(_clzdi2.o)
 .ARM.attributes
                0x0000000000000fa6       0x1c d:/devkitpro/devkitarm/bin/../lib/gcc/arm-none-eabi/9.1.0/thumb\libgcc.a(_clzsi2.o)
 .ARM.attributes
                0x0000000000000fc2       0x2a d:/devkitpro/devkitarm/bin/../lib/gcc/arm-none-eabi/9.1.0/../../../../arm-none-eabi/lib/thumb\libg.a(lib_a-errno.o)
 .ARM.attributes
                0x0000000000000fec       0x30 d:/devkitpro/devkitarm/bin/../lib/gcc/arm-none-eabi/9.1.0/thumb/crtend.o
 .ARM.attributes
                0x000000000000101c       0x1c d:/devkitpro/devkitarm/bin/../lib/gcc/arm-none-eabi/9.1.0/thumb/crtn.o

/DISCARD/
 *(.note.GNU-stack)
LOAD d:/devkitpro/devkitarm/bin/../lib/gcc/arm-none-eabi/9.1.0/../../../../arm-none-eabi/lib/thumb/gba_crt0.o
LOAD d:/devkitpro/devkitarm/bin/../lib/gcc/arm-none-eabi/9.1.0/thumb/crti.o
LOAD d:/devkitpro/devkitarm/bin/../lib/gcc/arm-none-eabi/9.1.0/thumb/crtbegin.o
LOAD main_project.o
LOAD assembler.o
LOAD assember2.o
LOAD D:/devkitPro/libgba/lib\libgba.a
START GROUP
LOAD d:/devkitpro/devkitarm/bin/../lib/gcc/arm-none-eabi/9.1.0/thumb\libgcc.a
LOAD d:/devkitpro/devkitarm/bin/../lib/gcc/arm-none-eabi/9.1.0/../../../../arm-none-eabi/lib/thumb\libg.a
LOAD d:/devkitpro/devkitarm/bin/../lib/gcc/arm-none-eabi/9.1.0/../../../../arm-none-eabi/lib/thumb\libc.a
LOAD d:/devkitpro/devkitarm/bin/../lib/gcc/arm-none-eabi/9.1.0/../../../../arm-none-eabi/lib/thumb\libsysbase.a
END GROUP
LOAD d:/devkitpro/devkitarm/bin/../lib/gcc/arm-none-eabi/9.1.0/thumb/crtend.o
LOAD d:/devkitpro/devkitarm/bin/../lib/gcc/arm-none-eabi/9.1.0/thumb/crtn.o
OUTPUT(D:/843814/GBA_Development/main_project/main_project.elf elf32-littlearm)

.debug_ranges   0x0000000000000000      0x190
 .debug_ranges  0x0000000000000000       0x10 main_project.o
 .debug_ranges  0x0000000000000010       0x70 D:/devkitPro/libgba/lib\libgba.a(interrupt.o)
 .debug_ranges  0x0000000000000080      0x100 D:/devkitPro/libgba/lib\libgba.a(console.o)