Archive member included to satisfy reference by file (symbol)

C:/devkitPro/libgba/lib\libgba.a(interrupt.o)
                              tile_design.o (irqInit)
C:/devkitPro/libgba/lib\libgba.a(console.o)
                              tile_design.o (consoleDemoInit)
C:/devkitPro/libgba/lib\libgba.a(input.o)
                              tile_design.o (scanKeys)
C:/devkitPro/libgba/lib\libgba.a(InterruptDispatcher.o)
                              C:/devkitPro/libgba/lib\libgba.a(interrupt.o) (IntrMain)
C:/devkitPro/libgba/lib\libgba.a(amiga.fnt.o)
                              C:/devkitPro/libgba/lib\libgba.a(console.o) (amiga_fnt_size)
C:/devkitPro/libgba/lib\libgba.a(CpuSet.o)
                              C:/devkitPro/libgba/lib\libgba.a(console.o) (CpuFastSet)
c:/devkitpro/devkitarm/bin/../lib/gcc/arm-none-eabi/9.1.0/../../../../arm-none-eabi/lib/thumb\libg.a(lib_a-init.o)
                              c:/devkitpro/devkitarm/bin/../lib/gcc/arm-none-eabi/9.1.0/../../../../arm-none-eabi/lib/thumb/gba_crt0.o (__libc_init_array)
c:/devkitpro/devkitarm/bin/../lib/gcc/arm-none-eabi/9.1.0/../../../../arm-none-eabi/lib/thumb\libg.a(lib_a-iprintf.o)
                              tile_design.o (iprintf)
c:/devkitpro/devkitarm/bin/../lib/gcc/arm-none-eabi/9.1.0/../../../../arm-none-eabi/lib/thumb\libg.a(lib_a-setvbuf.o)
                              C:/devkitPro/libgba/lib\libgba.a(console.o) (setvbuf)
c:/devkitpro/devkitarm/bin/../lib/gcc/arm-none-eabi/9.1.0/../../../../arm-none-eabi/lib/thumb\libg.a(lib_a-siscanf.o)
                              C:/devkitPro/libgba/lib\libgba.a(console.o) (siscanf)
c:/devkitpro/devkitarm/bin/../lib/gcc/arm-none-eabi/9.1.0/../../../../arm-none-eabi/lib/thumb\libg.a(lib_a-stdio.o)
                              c:/devkitpro/devkitarm/bin/../lib/gcc/arm-none-eabi/9.1.0/../../../../arm-none-eabi/lib/thumb\libg.a(lib_a-siscanf.o) (__seofread)
c:/devkitpro/devkitarm/bin/../lib/gcc/arm-none-eabi/9.1.0/../../../../arm-none-eabi/lib/thumb\libg.a(lib_a-strlen-stub.o)
                              c:/devkitpro/devkitarm/bin/../lib/gcc/arm-none-eabi/9.1.0/../../../../arm-none-eabi/lib/thumb\libg.a(lib_a-siscanf.o) (strlen)
c:/devkitpro/devkitarm/bin/../lib/gcc/arm-none-eabi/9.1.0/../../../../arm-none-eabi/lib/thumb\libg.a(lib_a-svfiscanf.o)
                              c:/devkitpro/devkitarm/bin/../lib/gcc/arm-none-eabi/9.1.0/../../../../arm-none-eabi/lib/thumb\libg.a(lib_a-siscanf.o) (__ssvfiscanf_r)
c:/devkitpro/devkitarm/bin/../lib/gcc/arm-none-eabi/9.1.0/../../../../arm-none-eabi/lib/thumb\libg.a(lib_a-ungetc.o)
                              c:/devkitpro/devkitarm/bin/../lib/gcc/arm-none-eabi/9.1.0/../../../../arm-none-eabi/lib/thumb\libg.a(lib_a-svfiscanf.o) (__submore)
c:/devkitpro/devkitarm/bin/../lib/gcc/arm-none-eabi/9.1.0/../../../../arm-none-eabi/lib/thumb\libg.a(lib_a-vfiprintf.o)
                              c:/devkitpro/devkitarm/bin/../lib/gcc/arm-none-eabi/9.1.0/../../../../arm-none-eabi/lib/thumb\libg.a(lib_a-iprintf.o) (_vfiprintf_r)
c:/devkitpro/devkitarm/bin/../lib/gcc/arm-none-eabi/9.1.0/../../../../arm-none-eabi/lib/thumb\libg.a(lib_a-wcrtomb.o)
                              c:/devkitpro/devkitarm/bin/../lib/gcc/arm-none-eabi/9.1.0/../../../../arm-none-eabi/lib/thumb\libg.a(lib_a-vfiprintf.o) (_wcrtomb_r)
c:/devkitpro/devkitarm/bin/../lib/gcc/arm-none-eabi/9.1.0/../../../../arm-none-eabi/lib/thumb\libg.a(lib_a-wcsrtombs.o)
                              c:/devkitpro/devkitarm/bin/../lib/gcc/arm-none-eabi/9.1.0/../../../../arm-none-eabi/lib/thumb\libg.a(lib_a-vfiprintf.o) (_wcsrtombs_r)
c:/devkitpro/devkitarm/bin/../lib/gcc/arm-none-eabi/9.1.0/../../../../arm-none-eabi/lib/thumb\libg.a(lib_a-wsetup.o)
                              c:/devkitpro/devkitarm/bin/../lib/gcc/arm-none-eabi/9.1.0/../../../../arm-none-eabi/lib/thumb\libg.a(lib_a-vfiprintf.o) (__swsetup_r)
c:/devkitpro/devkitarm/bin/../lib/gcc/arm-none-eabi/9.1.0/../../../../arm-none-eabi/lib/thumb\libg.a(lib_a-ctype_.o)
                              c:/devkitpro/devkitarm/bin/../lib/gcc/arm-none-eabi/9.1.0/../../../../arm-none-eabi/lib/thumb\libg.a(lib_a-svfiscanf.o) (_ctype_)
c:/devkitpro/devkitarm/bin/../lib/gcc/arm-none-eabi/9.1.0/../../../../arm-none-eabi/lib/thumb\libg.a(lib_a-fflush.o)
                              c:/devkitpro/devkitarm/bin/../lib/gcc/arm-none-eabi/9.1.0/../../../../arm-none-eabi/lib/thumb\libg.a(lib_a-setvbuf.o) (_fflush_r)
c:/devkitpro/devkitarm/bin/../lib/gcc/arm-none-eabi/9.1.0/../../../../arm-none-eabi/lib/thumb\libg.a(lib_a-findfp.o)
                              c:/devkitpro/devkitarm/bin/../lib/gcc/arm-none-eabi/9.1.0/../../../../arm-none-eabi/lib/thumb\libg.a(lib_a-setvbuf.o) (__sinit)
c:/devkitpro/devkitarm/bin/../lib/gcc/arm-none-eabi/9.1.0/../../../../arm-none-eabi/lib/thumb\libg.a(lib_a-freer.o)
                              c:/devkitpro/devkitarm/bin/../lib/gcc/arm-none-eabi/9.1.0/../../../../arm-none-eabi/lib/thumb\libg.a(lib_a-setvbuf.o) (_free_r)
[...]
Memory Configuration

Name             Origin             Length             Attributes
rom              0x0000000008000000 0x0000000002000000
iwram            0x0000000003000000 0x0000000000008000
ewram            0x0000000002000000 0x0000000000040000
*default*        0x0000000000000000 0xffffffffffffffff

Linker script and memory map

                0x0000000008000000                __text_start = ORIGIN (rom)
                0x0000000002040000                __eheap_end = (ORIGIN (ewram) + LENGTH (ewram))
                0x0000000003000000                __iwram_start = ORIGIN (iwram)
                0x0000000003008000                __iwram_top = (ORIGIN (iwram) + LENGTH (iwram))
                0x0000000003007fa0                __sp_irq = (__iwram_top - 0x60)
                0x0000000003007f00                __sp_usr = (__sp_irq - 0xa0)
                0x0000000003007ff8                __irq_flags = 0x3007ff8
                0x0000000008000000                . = __text_start

.crt0           0x0000000008000000      0x210
 *(.crt0)
 .crt0          0x0000000008000000      0x210 c:/devkitpro/devkitarm/bin/../lib/gcc/arm-none-eabi/9.1.0/../../../../arm-none-eabi/lib/thumb/gba_crt0.o
                0x0000000008000000                _start
                0x00000000080000c4                __boot_method
                0x00000000080000c5                __slave_number
                0x00000000080000e0                start_vector
                0x0000000008000210                . = ALIGN (0x4)

.init           0x0000000008000210        0xc
 *(SORT_NONE(.init))
 .init          0x0000000008000210        0x4 c:/devkitpro/devkitarm/bin/../lib/gcc/arm-none-eabi/9.1.0/thumb/crti.o
                0x0000000008000210                _init
 .init          0x0000000008000214        0x8 c:/devkitpro/devkitarm/bin/../lib/gcc/arm-none-eabi/9.1.0/thumb/crtn.o

.plt            0x000000000800021c        0x0
 *(.plt)
                0x000000000800021c                . = ALIGN (0x4)

.text           0x0000000008000220     0x7bc0
 *(EXCLUDE_FILE(*.iwram*) .text*)
 .text.deregister_tm_clones
                0x0000000008000220       0x2c c:/devkitpro/devkitarm/bin/../lib/gcc/arm-none-eabi/9.1.0/thumb/crtbegin.o
 .text.register_tm_clones
                0x000000000800024c       0x34 c:/devkitpro/devkitarm/bin/../lib/gcc/arm-none-eabi/9.1.0/thumb/crtbegin.o
 .text.__do_global_dtors_aux
                0x0000000008000280       0x30 c:/devkitpro/devkitarm/bin/../lib/gcc/arm-none-eabi/9.1.0/thumb/crtbegin.o
 .text.frame_dummy
                0x00000000080002b0       0x28 c:/devkitpro/devkitarm/bin/../lib/gcc/arm-none-eabi/9.1.0/thumb/crtbegin.o
 .text.startup  0x00000000080002d8       0xf8 tile_design.o
                0x00000000080002d8                main
 .text          0x00000000080003d0      0x3b8 C:/devkitPro/libgba/lib\libgba.a(interrupt.o)
                0x00000000080003d0                dummy
                0x00000000080003d4                InitInterrupt
                0x0000000008000430                irqInit
                0x000000000800048c                SetInterrupt
                0x0000000008000570                irqSet
                0x0000000008000654                EnableInterrupt
                0x00000000080006a0                irqEnable
                0x00000000080006f0                DisableInterrupt
                0x000000000800073c                irqDisable
 .text          0x0000000008000788      0x5ac C:/devkitPro/libgba/lib\libgba.a(console.o)
                0x0000000008000788                con_read
                0x0000000008000790                con_close
                0x0000000008000798                con_open
                0x00000000080007a8                con_write
                0x00000000080009f0                consoleCls
                0x0000000008000a20                upcvt_4bit
                0x0000000008000a74                consoleInit
                0x0000000008000b70                consoleDemoInit
                0x0000000008000c70                consolePrintChar
 .text          0x0000000008000d34       0xbc C:/devkitPro/libgba/lib\libgba.a(input.o)
                0x0000000008000d34                setRepeat
                0x0000000008000d40                scanKeys
                0x0000000008000db4                keysDownRepeat
                0x0000000008000dc4                keysDown
                0x0000000008000dd4                keysUp
                0x0000000008000de4                keysHeld
 .text          0x0000000008000df0        0x8 C:/devkitPro/libgba/lib\libgba.a(CpuSet.o)
                0x0000000008000df0                CpuSet
                0x0000000008000df4                CpuFastSet
 .text.__libc_init_array
                0x0000000008000df8       0x50 c:/devkitpro/devkitarm/bin/../lib/gcc/arm-none-eabi/9.1.0/../../../../arm-none-eabi/lib/thumb\libg.a(lib_a-init.o)
                0x0000000008000df8                __libc_init_array
 .text.iprintf  0x0000000008000e48       0x24 c:/devkitpro/devkitarm/bin/../lib/gcc/arm-none-eabi/9.1.0/../../../../arm-none-eabi/lib/thumb\libg.a(lib_a-iprintf.o)
                0x0000000008000e48                iprintf
 .text.setvbuf  0x0000000008000e6c      0x1ac c:/devkitpro/devkitarm/bin/../lib/gcc/arm-none-eabi/9.1.0/../../../../arm-none-eabi/lib/thumb\libg.a(lib_a-setvbuf.o)
                0x0000000008000e6c                setvbuf
 .text.siscanf  0x0000000008001018       0x4c c:/devkitpro/devkitarm/bin/../lib/gcc/arm-none-eabi/9.1.0/../../../../arm-none-eabi/lib/thumb\libg.a(lib_a-siscanf.o)
                0x0000000008001018                siscanf
 .text.__sread  0x0000000008001064       0x34 c:/devkitpro/devkitarm/bin/../lib/gcc/arm-none-eabi/9.1.0/../../../../arm-none-eabi/lib/thumb\libg.a(lib_a-stdio.o)
                0x0000000008001064                __sread
 .text.__seofread
                0x0000000008001098        0x4 c:/devkitpro/devkitarm/bin/../lib/gcc/arm-none-eabi/9.1.0/../../../../arm-none-eabi/lib/thumb\libg.a(lib_a-stdio.o)
                0x0000000008001098                __seofread
 .text.__swrite
                0x000000000800109c       0x54 c:/devkitpro/devkitarm/bin/../lib/gcc/arm-none-eabi/9.1.0/../../../../arm-none-eabi/lib/thumb\libg.a(lib_a-stdio.o)
                0x000000000800109c                __swrite
 .text.__sseek  0x00000000080010f0       0x40 c:/devkitpro/devkitarm/bin/../lib/gcc/arm-none-eabi/9.1.0/../../../../arm-none-eabi/lib/thumb\libg.a(lib_a-stdio.o)
                0x00000000080010f0                __sseek
 .text.__sclose
                0x0000000008001130       0x10 c:/devkitpro/devkitarm/bin/../lib/gcc/arm-none-eabi/9.1.0/../../../../arm-none-eabi/lib/thumb\libg.a(lib_a-stdio.o)
                0x0000000008001130                __sclose
 .text.strlen   0x0000000008001140       0x60 c:/devkitpro/devkitarm/bin/../lib/gcc/arm-none-eabi/9.1.0/../../../../arm-none-eabi/lib/thumb\libg.a(lib_a-strlen-stub.o)
                0x0000000008001140                strlen
 .text.get_arg  0x00000000080011a0       0x32 c:/devkitpro/devkitarm/bin/../lib/gcc/arm-none-eabi/9.1.0/../../../../arm-none-eabi/lib/thumb\libg.a(lib_a-svfiscanf.o)
 .text._sungetc_r
                0x00000000080011d2       0x7e c:/devkitpro/devkitarm/bin/../lib/gcc/arm-none-eabi/9.1.0/../../../../arm-none-eabi/lib/thumb\libg.a(lib_a-svfiscanf.o)
                0x00000000080011d2                _sungetc_r
 .text.__ssrefill_r
                0x0000000008001250       0x42 c:/devkitpro/devkitarm/bin/../lib/gcc/arm-none-eabi/9.1.0/../../../../arm-none-eabi/lib/thumb\libg.a(lib_a-svfiscanf.o)
                0x0000000008001250                __ssrefill_r
 .text._sfread_r
                0x0000000008001292       0x8a c:/devkitpro/devkitarm/bin/../lib/gcc/arm-none-eabi/9.1.0/../../../../arm-none-eabi/lib/thumb\libg.a(lib_a-svfiscanf.o)
                0x0000000008001292                _sfread_r
 .text.__ssvfiscanf_r
                0x000000000800131c     0x1b54 c:/devkitpro/devkitarm/bin/../lib/gcc/arm-none-eabi/9.1.0/../../../../arm-none-eabi/lib/thumb\libg.a(lib_a-svfiscanf.o)
                0x000000000800131c                __ssvfiscanf_r
 .text.__submore
                0x0000000008002e70       0x88 c:/devkitpro/devkitarm/bin/../lib/gcc/arm-none-eabi/9.1.0/../../../../arm-none-eabi/lib/thumb\libg.a(lib_a-ungetc.o)
                0x0000000008002e70                __submore
 .text.get_arg  0x0000000008002ef8      0x3d8 c:/devkitpro/devkitarm/bin/../lib/gcc/arm-none-eabi/9.1.0/../../../../arm-none-eabi/lib/thumb\libg.a(lib_a-vfiprintf.o)
 .text.__sprint_r
                0x00000000080032d0       0x20 c:/devkitpro/devkitarm/bin/../lib/gcc/arm-none-eabi/9.1.0/../../../../arm-none-eabi/lib/thumb\libg.a(lib_a-vfiprintf.o)
                0x00000000080032d0                __sprint_r
 .text._vfiprintf_r
                0x00000000080032f0     0x1804 c:/devkitpro/devkitarm/bin/../lib/gcc/arm-none-eabi/9.1.0/../../../../arm-none-eabi/lib/thumb\libg.a(lib_a-vfiprintf.o)
                0x00000000080032f0                _vfiprintf_r
 .text.__sbprintf
                0x0000000008004af4       0x8c c:/devkitpro/devkitarm/bin/../lib/gcc/arm-none-eabi/9.1.0/../../../../arm-none-eabi/lib/thumb\libg.a(lib_a-vfiprintf.o)
 .text._wcrtomb_r
                0x0000000008004b80       0x5c c:/devkitpro/devkitarm/bin/../lib/gcc/arm-none-eabi/9.1.0/../../../../arm-none-eabi/lib/thumb\libg.a(lib_a-wcrtomb.o)
                0x0000000008004b80                _wcrtomb_r
 .text._wcsrtombs_r
                0x0000000008004bdc       0x1c c:/devkitpro/devkitarm/bin/../lib/gcc/arm-none-eabi/9.1.0/../../../../arm-none-eabi/lib/thumb\libg.a(lib_a-wcsrtombs.o)
                0x0000000008004bdc                _wcsrtombs_r
 .text.__swsetup_r
                0x0000000008004bf8       0xd8 c:/devkitpro/devkitarm/bin/../lib/gcc/arm-none-eabi/9.1.0/../../../../arm-none-eabi/lib/thumb\libg.a(lib_a-wsetup.o)
                0x0000000008004bf8                __swsetup_r
 .text.__sflush_r
                0x0000000008004cd0      0x1c0 c:/devkitpro/devkitarm/bin/../lib/gcc/arm-none-eabi/9.1.0/../../../../arm-none-eabi/lib/thumb\libg.a(lib_a-fflush.o)
                0x0000000008004cd0                __sflush_r
 .text._fflush_r
                0x0000000008004e90       0x70 c:/devkitpro/devkitarm/bin/../lib/gcc/arm-none-eabi/9.1.0/../../../../arm-none-eabi/lib/thumb\libg.a(lib_a-fflush.o)
                0x0000000008004e90                _fflush_r
 .text.std      0x0000000008004f00       0x54 c:/devkitpro/devkitarm/bin/../lib/gcc/arm-none-eabi/9.1.0/../../../../arm-none-eabi/lib/thumb\libg.a(lib_a-findfp.o)
 .text._cleanup_r
                0x0000000008004f54       0x14 c:/devkitpro/devkitarm/bin/../lib/gcc/arm-none-eabi/9.1.0/../../../../arm-none-eabi/lib/thumb\libg.a(lib_a-findfp.o)
                0x0000000008004f54                _cleanup_r
 .text.__sinit  0x0000000008004f68       0x64 c:/devkitpro/devkitarm/bin/../lib/gcc/arm-none-eabi/9.1.0/../../../../arm-none-eabi/lib/thumb\libg.a(lib_a-findfp.o)
                0x0000000008004f68                __sinit
 .text.__sfp_lock_acquire
                0x0000000008004fcc       0x14 c:/devkitpro/devkitarm/bin/../lib/gcc/arm-none-eabi/9.1.0/../../../../arm-none-eabi/lib/thumb\libg.a(lib_a-findfp.o)
                0x0000000008004fcc                __sfp_lock_acquire
 .text.__sfp_lock_release
                0x0000000008004fe0       0x14 c:/devkitpro/devkitarm/bin/../lib/gcc/arm-none-eabi/9.1.0/../../../../arm-none-eabi/lib/thumb\libg.a(lib_a-findfp.o)
                0x0000000008004fe0                __sfp_lock_release
 .text._malloc_trim_r
                0x0000000008004ff4       0xa0 c:/devkitpro/devkitarm/bin/../lib/gcc/arm-none-eabi/9.1.0/../../../../arm-none-eabi/lib/thumb\libg.a(lib_a-freer.o)
                0x0000000008004ff4                _malloc_trim_r
 .text._free_r  0x0000000008005094      0x1e0 c:/devkitpro/devkitarm/bin/../lib/gcc/arm-none-eabi/9.1.0/../../../../arm-none-eabi/lib/thumb\libg.a(lib_a-freer.o)
                0x0000000008005094                _free_r
 .text.__sfvwrite_r
                0x0000000008005274      0x348 c:/devkitpro/devkitarm/bin/../lib/gcc/arm-none-eabi/9.1.0/../../../../arm-none-eabi/lib/thumb\libg.a(lib_a-fvwrite.o)
                0x0000000008005274                __sfvwrite_r
 .text._fwalk_reent
                0x00000000080055bc       0x50 c:/devkitpro/devkitarm/bin/../lib/gcc/arm-none-eabi/9.1.0/../../../../arm-none-eabi/lib/thumb\libg.a(lib_a-fwalk.o)
                0x00000000080055bc                _fwalk_reent
 .text.iswspace
                0x000000000800560c       0x10 c:/devkitpro/devkitarm/bin/../lib/gcc/arm-none-eabi/9.1.0/../../../../arm-none-eabi/lib/thumb\libg.a(lib_a-iswspace.o)
                0x000000000800560c                iswspace
 .text._localeconv_r
                0x000000000800561c        0x8 c:/devkitpro/devkitarm/bin/../lib/gcc/arm-none-eabi/9.1.0/../../../../arm-none-eabi/lib/thumb\libg.a(lib_a-localeconv.o)
                0x000000000800561c                _localeconv_r
 .text.__locale_mb_cur_max
                0x0000000008005624       0x10 c:/devkitpro/devkitarm/bin/../lib/gcc/arm-none-eabi/9.1.0/../../../../arm-none-eabi/lib/thumb\libg.a(lib_a-locale.o)
                0x0000000008005624                __locale_mb_cur_max
 .text.__swhatbuf_r
                0x0000000008005634       0x64 c:/devkitpro/devkitarm/bin/../lib/gcc/arm-none-eabi/9.1.0/../../../../arm-none-eabi/lib/thumb\libg.a(lib_a-makebuf.o)
                0x0000000008005634                __swhatbuf_r
 .text.__smakebuf_r
                0x0000000008005698       0x98 c:/devkitpro/devkitarm/bin/../lib/gcc/arm-none-eabi/9.1.0/../../../../arm-none-eabi/lib/thumb\libg.a(lib_a-makebuf.o)
                0x0000000008005698                __smakebuf_r
 .text.malloc   0x0000000008005730       0x14 c:/devkitpro/devkitarm/bin/../lib/gcc/arm-none-eabi/9.1.0/../../../../arm-none-eabi/lib/thumb\libg.a(lib_a-malloc.o)
                0x0000000008005730                malloc
 .text.free     0x0000000008005744       0x14 c:/devkitpro/devkitarm/bin/../lib/gcc/arm-none-eabi/9.1.0/../../../../arm-none-eabi/lib/thumb\libg.a(lib_a-malloc.o)
                0x0000000008005744                free
 .text._malloc_r
                0x0000000008005758      0x59c c:/devkitpro/devkitarm/bin/../lib/gcc/arm-none-eabi/9.1.0/../../../../arm-none-eabi/lib/thumb\libg.a(lib_a-mallocr.o)
                0x0000000008005758                _malloc_r
 .text._mbrtowc_r
                0x0000000008005cf4       0x60 c:/devkitpro/devkitarm/bin/../lib/gcc/arm-none-eabi/9.1.0/../../../../arm-none-eabi/lib/thumb\libg.a(lib_a-mbrtowc.o)
                0x0000000008005cf4                _mbrtowc_r
 .text.__utf8_mbtowc
                0x0000000008005d54      0x280 c:/devkitpro/devkitarm/bin/../lib/gcc/arm-none-eabi/9.1.0/../../../../arm-none-eabi/lib/thumb\libg.a(lib_a-mbtowc_r.o)
                0x0000000008005d54                __utf8_mbtowc
 .text.memchr   0x0000000008005fd4       0x78 c:/devkitpro/devkitarm/bin/../lib/gcc/arm-none-eabi/9.1.0/../../../../arm-none-eabi/lib/thumb\libg.a(lib_a-memchr-stub.o)
                0x0000000008005fd4                memchr
 .text.memcpy   0x000000000800604c       0xa8 c:/devkitpro/devkitarm/bin/../lib/gcc/arm-none-eabi/9.1.0/../../../../arm-none-eabi/lib/thumb\libg.a(lib_a-memcpy-stub.o)
                0x000000000800604c                memcpy
 .text.memmove  0x00000000080060f4       0xb0 c:/devkitpro/devkitarm/bin/../lib/gcc/arm-none-eabi/9.1.0/../../../../arm-none-eabi/lib/thumb\libg.a(lib_a-memmove.o)
                0x00000000080060f4                memmove
 .text.memset   0x00000000080061a4       0xb0 c:/devkitpro/devkitarm/bin/../lib/gcc/arm-none-eabi/9.1.0/../../../../arm-none-eabi/lib/thumb\libg.a(lib_a-memset.o)
                0x00000000080061a4                memset
 .text.__malloc_lock
                0x0000000008006254       0x14 c:/devkitpro/devkitarm/bin/../lib/gcc/arm-none-eabi/9.1.0/../../../../arm-none-eabi/lib/thumb\libg.a(lib_a-mlock.o)
                0x0000000008006254                __malloc_lock
 .text.__malloc_unlock
                0x0000000008006268       0x14 c:/devkitpro/devkitarm/bin/../lib/gcc/arm-none-eabi/9.1.0/../../../../arm-none-eabi/lib/thumb\libg.a(lib_a-mlock.o)
                0x0000000008006268                __malloc_unlock
 .text.realloc  0x000000000800627c       0x18 c:/devkitpro/devkitarm/bin/../lib/gcc/arm-none-eabi/9.1.0/../../../../arm-none-eabi/lib/thumb\libg.a(lib_a-realloc.o)
                0x000000000800627c                realloc
 .text._realloc_r
                0x0000000008006294      0x38c c:/devkitpro/devkitarm/bin/../lib/gcc/arm-none-eabi/9.1.0/../../../../arm-none-eabi/lib/thumb\libg.a(lib_a-reallocr.o)
                0x0000000008006294                _realloc_r
 .text.__sccl   0x0000000008006620       0x90 c:/devkitpro/devkitarm/bin/../lib/gcc/arm-none-eabi/9.1.0/../../../../arm-none-eabi/lib/thumb\libg.a(lib_a-sccl.o)
                0x0000000008006620                __sccl
 .text          0x00000000080066b0      0x224 c:/devkitpro/devkitarm/bin/../lib/gcc/arm-none-eabi/9.1.0/../../../../arm-none-eabi/lib/thumb\libg.a(lib_a-strcmp.o)
                0x00000000080066b0                strcmp
 .text.strncpy  0x00000000080068d4       0x74 c:/devkitpro/devkitarm/bin/../lib/gcc/arm-none-eabi/9.1.0/../../../../arm-none-eabi/lib/thumb\libg.a(lib_a-strncpy.o)
                0x00000000080068d4                strncpy
 .text._strtoll_l.isra.0
                0x0000000008006948      0x1ac c:/devkitpro/devkitarm/bin/../lib/gcc/arm-none-eabi/9.1.0/../../../../arm-none-eabi/lib/thumb\libg.a(lib_a-strtoll.o)
 .text._strtoll_r
                0x0000000008006af4        0xc c:/devkitpro/devkitarm/bin/../lib/gcc/arm-none-eabi/9.1.0/../../../../arm-none-eabi/lib/thumb\libg.a(lib_a-strtoll.o)
                0x0000000008006af4                _strtoll_r
 .text._strtol_l.isra.0
                0x0000000008006b00      0x140 c:/devkitpro/devkitarm/bin/../lib/gcc/arm-none-eabi/9.1.0/../../../../arm-none-eabi/lib/thumb\libg.a(lib_a-strtol.o)
 .text._strtol_r
                0x0000000008006c40        0xc c:/devkitpro/devkitarm/bin/../lib/gcc/arm-none-eabi/9.1.0/../../../../arm-none-eabi/lib/thumb\libg.a(lib_a-strtol.o)
                0x0000000008006c40                _strtol_r
 .text._strtoull_l.isra.0
                0x0000000008006c4c      0x1c8 c:/devkitpro/devkitarm/bin/../lib/gcc/arm-none-eabi/9.1.0/../../../../arm-none-eabi/lib/thumb\libg.a(lib_a-strtoull.o)
 .text._strtoull_r
                0x0000000008006e14        0xc c:/devkitpro/devkitarm/bin/../lib/gcc/arm-none-eabi/9.1.0/../../../../arm-none-eabi/lib/thumb\libg.a(lib_a-strtoull.o)
                0x0000000008006e14                _strtoull_r
 .text._strtoul_l.isra.0
                0x0000000008006e20      0x148 c:/devkitpro/devkitarm/bin/../lib/gcc/arm-none-eabi/9.1.0/../../../../arm-none-eabi/lib/thumb\libg.a(lib_a-strtoul.o)
 .text._strtoul_r
                0x0000000008006f68        0xc c:/devkitpro/devkitarm/bin/../lib/gcc/arm-none-eabi/9.1.0/../../../../arm-none-eabi/lib/thumb\libg.a(lib_a-strtoul.o)
                0x0000000008006f68                _strtoul_r
 .text._wcsnrtombs_l
                0x0000000008006f74      0x138 c:/devkitpro/devkitarm/bin/../lib/gcc/arm-none-eabi/9.1.0/../../../../arm-none-eabi/lib/thumb\libg.a(lib_a-wcsnrtombs.o)
                0x0000000008006f74                _wcsnrtombs_l
 .text._wcsnrtombs_r
                0x00000000080070ac       0x30 c:/devkitpro/devkitarm/bin/../lib/gcc/arm-none-eabi/9.1.0/../../../../arm-none-eabi/lib/thumb\libg.a(lib_a-wcsnrtombs.o)
                0x00000000080070ac                _wcsnrtombs_r
 .text.__utf8_wctomb
                0x00000000080070dc       0xb4 c:/devkitpro/devkitarm/bin/../lib/gcc/arm-none-eabi/9.1.0/../../../../arm-none-eabi/lib/thumb\libg.a(lib_a-wctomb_r.o)
                0x00000000080070dc                __utf8_wctomb
 .text._fclose_r
                0x0000000008007190       0xe8 c:/devkitpro/devkitarm/bin/../lib/gcc/arm-none-eabi/9.1.0/../../../../arm-none-eabi/lib/thumb\libg.a(lib_a-fclose.o)
                0x0000000008007190                _fclose_r
 .text.iswspace_l
                0x0000000008007278       0x2c c:/devkitpro/devkitarm/bin/../lib/gcc/arm-none-eabi/9.1.0/../../../../arm-none-eabi/lib/thumb\libg.a(lib_a-iswspace_l.o)
                0x0000000008007278                iswspace_l
 .text.__jp2uc  0x00000000080072a4      0x164 c:/devkitpro/devkitarm/bin/../lib/gcc/arm-none-eabi/9.1.0/../../../../arm-none-eabi/lib/thumb\libg.a(lib_a-jp2uc.o)
 .text._jp2uc_l
                0x0000000008007408       0x6c c:/devkitpro/devkitarm/bin/../lib/gcc/arm-none-eabi/9.1.0/../../../../arm-none-eabi/lib/thumb\libg.a(lib_a-jp2uc.o)
                0x0000000008007408                _jp2uc_l
 .text.category
                0x0000000008007474       0x58 c:/devkitpro/devkitarm/bin/../lib/gcc/arm-none-eabi/9.1.0/../../../../arm-none-eabi/lib/thumb\libg.a(lib_a-categories.o)
                0x0000000008007474                category
 .text.null_write
                0x00000000080074cc        0x4 c:/devkitpro/devkitarm/bin/../lib/gcc/arm-none-eabi/9.1.0/../../../../arm-none-eabi/lib/thumb\libsysbase.a(iosupport.o)
 .text._fstat_r
                0x00000000080074d0       0x4c c:/devkitpro/devkitarm/bin/../lib/gcc/arm-none-eabi/9.1.0/../../../../arm-none-eabi/lib/thumb\libsysbase.a(fstat.o)
                0x00000000080074d0                _fstat_r
 .text._isatty_r
                0x000000000800751c        0x4 c:/devkitpro/devkitarm/bin/../lib/gcc/arm-none-eabi/9.1.0/../../../../arm-none-eabi/lib/thumb\libsysbase.a(isatty.o)
                0x000000000800751c                _isatty_r
 .text._lseek_r
                0x0000000008007520       0x5c c:/devkitpro/devkitarm/bin/../lib/gcc/arm-none-eabi/9.1.0/../../../../arm-none-eabi/lib/thumb\libsysbase.a(lseek.o)
                0x0000000008007520                _lseek_r
 .text._read_r  0x000000000800757c       0x50 c:/devkitpro/devkitarm/bin/../lib/gcc/arm-none-eabi/9.1.0/../../../../arm-none-eabi/lib/thumb\libsysbase.a(read.o)
                0x000000000800757c                _read_r
 .text._sbrk_r  0x00000000080075cc       0x54 c:/devkitpro/devkitarm/bin/../lib/gcc/arm-none-eabi/9.1.0/../../../../arm-none-eabi/lib/thumb\libsysbase.a(sbrk.o)
                0x00000000080075cc                _sbrk_r
 .text._write_r
                0x0000000008007620       0x50 c:/devkitpro/devkitarm/bin/../lib/gcc/arm-none-eabi/9.1.0/../../../../arm-none-eabi/lib/thumb\libsysbase.a(write.o)
                0x0000000008007620                _write_r
 .text.__flockfile
                0x0000000008007670       0x10 c:/devkitpro/devkitarm/bin/../lib/gcc/arm-none-eabi/9.1.0/../../../../arm-none-eabi/lib/thumb\libsysbase.a(flock.o)
                0x0000000008007670                __flockfile
 .text.__funlockfile
                0x0000000008007680       0x10 c:/devkitpro/devkitarm/bin/../lib/gcc/arm-none-eabi/9.1.0/../../../../arm-none-eabi/lib/thumb\libsysbase.a(flock.o)
                0x0000000008007680                __funlockfile
 .text.__libc_lock_acquire
                0x0000000008007690       0x1c c:/devkitpro/devkitarm/bin/../lib/gcc/arm-none-eabi/9.1.0/../../../../arm-none-eabi/lib/thumb\libsysbase.a(syscall_support.o)
                0x0000000008007690                __libc_lock_acquire
 .text.__libc_lock_release
                0x00000000080076ac       0x1c c:/devkitpro/devkitarm/bin/../lib/gcc/arm-none-eabi/9.1.0/../../../../arm-none-eabi/lib/thumb\libsysbase.a(syscall_support.o)
                0x00000000080076ac                __libc_lock_release
 .text.__libc_lock_init_recursive
                0x00000000080076c8       0x1c c:/devkitpro/devkitarm/bin/../lib/gcc/arm-none-eabi/9.1.0/../../../../arm-none-eabi/lib/thumb\libsysbase.a(syscall_support.o)
                0x00000000080076c8                __libc_lock_init_recursive
 .text.__libc_lock_acquire_recursive
                0x00000000080076e4       0x1c c:/devkitpro/devkitarm/bin/../lib/gcc/arm-none-eabi/9.1.0/../../../../arm-none-eabi/lib/thumb\libsysbase.a(syscall_support.o)
                0x00000000080076e4                __libc_lock_acquire_recursive
 .text.__libc_lock_release_recursive
                0x0000000008007700       0x1c c:/devkitpro/devkitarm/bin/../lib/gcc/arm-none-eabi/9.1.0/../../../../arm-none-eabi/lib/thumb\libsysbase.a(syscall_support.o)
                0x0000000008007700                __libc_lock_release_recursive
 .text.__libc_lock_close_recursive
                0x000000000800771c       0x1c c:/devkitpro/devkitarm/bin/../lib/gcc/arm-none-eabi/9.1.0/../../../../arm-none-eabi/lib/thumb\libsysbase.a(syscall_support.o)
                0x000000000800771c                __libc_lock_close_recursive
 .text.__get_handle
                0x0000000008007738       0x34 c:/devkitpro/devkitarm/bin/../lib/gcc/arm-none-eabi/9.1.0/../../../../arm-none-eabi/lib/thumb\libsysbase.a(handle_manager.o)
                0x0000000008007738                __get_handle
 .text._close_r
                0x000000000800776c       0xb8 c:/devkitpro/devkitarm/bin/../lib/gcc/arm-none-eabi/9.1.0/../../../../arm-none-eabi/lib/thumb\libsysbase.a(handle_manager.o)
                0x000000000800776c                _close_r
 .text.__getreent
                0x0000000008007824       0x28 c:/devkitpro/devkitarm/bin/../lib/gcc/arm-none-eabi/9.1.0/../../../../arm-none-eabi/lib/thumb\libsysbase.a(getreent.o)
                0x0000000008007824                __getreent
 .text          0x000000000800784c       0x14 c:/devkitpro/devkitarm/bin/../lib/gcc/arm-none-eabi/9.1.0/thumb\libgcc.a(_thumb1_case_uqi.o)
                0x000000000800784c                __gnu_thumb1_case_uqi
 .text          0x0000000008007860       0x14 c:/devkitpro/devkitarm/bin/../lib/gcc/arm-none-eabi/9.1.0/thumb\libgcc.a(_thumb1_case_uhi.o)
                0x0000000008007860                __gnu_thumb1_case_uhi
 .text          0x0000000008007874      0x11c c:/devkitpro/devkitarm/bin/../lib/gcc/arm-none-eabi/9.1.0/thumb\libgcc.a(_udivsi3.o)
                0x0000000008007874                __aeabi_uidiv
                0x0000000008007874                __udivsi3
                0x0000000008007970                __aeabi_uidivmod
 .text          0x0000000008007990      0x150 c:/devkitpro/devkitarm/bin/../lib/gcc/arm-none-eabi/9.1.0/thumb\libgcc.a(_divsi3.o)
                0x0000000008007990                __divsi3
                0x0000000008007990                __aeabi_idiv
                0x0000000008007ac0                __aeabi_idivmod
 .text          0x0000000008007ae0        0x4 c:/devkitpro/devkitarm/bin/../lib/gcc/arm-none-eabi/9.1.0/thumb\libgcc.a(_dvmd_tls.o)
                0x0000000008007ae0                __aeabi_idiv0
                0x0000000008007ae0                __aeabi_ldiv0
 .text          0x0000000008007ae4       0x3c c:/devkitpro/devkitarm/bin/../lib/gcc/arm-none-eabi/9.1.0/thumb\libgcc.a(_aeabi_uldivmod.o)
                0x0000000008007ae4                __aeabi_uldivmod
 .text.__muldi3
                0x0000000008007b20       0x54 c:/devkitpro/devkitarm/bin/../lib/gcc/arm-none-eabi/9.1.0/thumb\libgcc.a(_muldi3.o)
                0x0000000008007b20                __muldi3
                0x0000000008007b20                __aeabi_lmul
 .text.__udivmoddi4
                0x0000000008007b74      0x19c c:/devkitpro/devkitarm/bin/../lib/gcc/arm-none-eabi/9.1.0/thumb\libgcc.a(_udivmoddi4.o)
                0x0000000008007b74                __udivmoddi4
 .text          0x0000000008007d10       0x28 c:/devkitpro/devkitarm/bin/../lib/gcc/arm-none-eabi/9.1.0/thumb\libgcc.a(_clzdi2.o)
                0x0000000008007d10                __clzdi2
 .text          0x0000000008007d38       0x48 c:/devkitpro/devkitarm/bin/../lib/gcc/arm-none-eabi/9.1.0/thumb\libgcc.a(_clzsi2.o)
                0x0000000008007d38                __clzsi2
 .text.__stub   0x0000000008007d80       0x54 linker stubs
 *(.gnu.linkonce.t.*)
 *(.text.*personality*)
 *(.gnu.warning)
 *(.glue_7t)
 .glue_7t       0x0000000008007de0        0x0 linker stubs
 *(.glue_7)
 .glue_7        0x0000000008007de0        0x0 linker stubs
 *(.vfp11_veneer)
 .vfp11_veneer  0x0000000008007de0        0x0 linker stubs
                0x0000000008007de0                . = ALIGN (0x4)
                0x0000000008007de0                __text_end = .

.v4_bx          0x0000000008007de0        0x0
 .v4_bx         0x0000000008007de0        0x0 linker stubs

.iplt           0x0000000008007de0        0x0
 .iplt          0x0000000008007de0        0x0 c:/devkitpro/devkitarm/bin/../lib/gcc/arm-none-eabi/9.1.0/../../../../arm-none-eabi/lib/thumb/gba_crt0.o

.fini           0x0000000008007de0        0xc
 *(.fini)
 .fini          0x0000000008007de0        0x4 c:/devkitpro/devkitarm/bin/../lib/gcc/arm-none-eabi/9.1.0/thumb/crti.o
                0x0000000008007de0                _fini
 .fini          0x0000000008007de4        0x8 c:/devkitpro/devkitarm/bin/../lib/gcc/arm-none-eabi/9.1.0/thumb/crtn.o
                0x0000000008007dec                . = ALIGN (0x4)

.rodata         0x0000000008007dec     0x73dc
 *(.rodata)
 .rodata        0x0000000008007dec      0x1b4 C:/devkitPro/libgba/lib\libgba.a(console.o)
                0x0000000008007ec0                dotab_stdout
                0x0000000008007f30                dotab_stderr
 .rodata        0x0000000008007fa0      0x804 C:/devkitPro/libgba/lib\libgba.a(amiga.fnt.o)
                0x0000000008007fa0                amiga_fnt
                0x00000000080087a0                amiga_fnt_size
                0x00000000080087a0                amiga_fnt_end
 *all.rodata*(*)
 *(.roda)
 *(.rodata.*)
 .rodata.str1.4
                0x00000000080087a4       0x4f tile_design.o
 *fill*         0x00000000080087f3        0x1 ff
 .rodata.str1.4
                0x00000000080087f4       0x2c C:/devkitPro/libgba/lib\libgba.a(console.o)
 .rodata.basefix.6959
                0x0000000008008820       0x22 c:/devkitpro/devkitarm/bin/../lib/gcc/arm-none-eabi/9.1.0/../../../../arm-none-eabi/lib/thumb\libg.a(lib_a-svfiscanf.o)
 .rodata._vfiprintf_r.str1.1
                0x0000000008008842       0x29 c:/devkitpro/devkitarm/bin/../lib/gcc/arm-none-eabi/9.1.0/../../../../arm-none-eabi/lib/thumb\libg.a(lib_a-vfiprintf.o)
 *fill*         0x000000000800886b        0x1 ff
 .rodata.blanks.7396
                0x000000000800886c       0x10 c:/devkitpro/devkitarm/bin/../lib/gcc/arm-none-eabi/9.1.0/../../../../arm-none-eabi/lib/thumb\libg.a(lib_a-vfiprintf.o)
 .rodata.zeroes.7397
                0x000000000800887c       0x10 c:/devkitpro/devkitarm/bin/../lib/gcc/arm-none-eabi/9.1.0/../../../../arm-none-eabi/lib/thumb\libg.a(lib_a-vfiprintf.o)
 .rodata._ctype_
                0x000000000800888c      0x101 c:/devkitpro/devkitarm/bin/../lib/gcc/arm-none-eabi/9.1.0/../../../../arm-none-eabi/lib/thumb\libg.a(lib_a-ctype_.o)
                0x000000000800888c                _ctype_
 *fill*         0x000000000800898d        0x3 ff
 .rodata.str1.4
                0x0000000008008990       0x48 c:/devkitpro/devkitarm/bin/../lib/gcc/arm-none-eabi/9.1.0/../../../../arm-none-eabi/lib/thumb\libg.a(lib_a-locale.o)
                                         0x4c (size before relaxing)
 .rodata._mbrtowc_r.str1.4
                0x00000000080089d8        0x1 c:/devkitpro/devkitarm/bin/../lib/gcc/arm-none-eabi/9.1.0/../../../../arm-none-eabi/lib/thumb\libg.a(lib_a-mbrtowc.o)
 .rodata.__action_table
                0x00000000080089d8       0x6c c:/devkitpro/devkitarm/bin/../lib/gcc/arm-none-eabi/9.1.0/../../../../arm-none-eabi/lib/thumb\libg.a(lib_a-svfiprintf.o)
                0x00000000080089d8                __action_table
 .rodata.__chclass
                0x0000000008008a44      0x100 c:/devkitpro/devkitarm/bin/../lib/gcc/arm-none-eabi/9.1.0/../../../../arm-none-eabi/lib/thumb\libg.a(lib_a-svfiprintf.o)
                0x0000000008008a44                __chclass
 .rodata.__state_table
                0x0000000008008b44       0x6c c:/devkitpro/devkitarm/bin/../lib/gcc/arm-none-eabi/9.1.0/../../../../arm-none-eabi/lib/thumb\libg.a(lib_a-svfiprintf.o)
                0x0000000008008b44                __state_table
 .rodata.__jp2uc
                0x0000000008008bb0       0x20 c:/devkitpro/devkitarm/bin/../lib/gcc/arm-none-eabi/9.1.0/../../../../arm-none-eabi/lib/thumb\libg.a(lib_a-jp2uc.o)
 .rodata._jp2uc_l.str1.4
                0x0000000008008bd0       0x12 c:/devkitpro/devkitarm/bin/../lib/gcc/arm-none-eabi/9.1.0/../../../../arm-none-eabi/lib/thumb\libg.a(lib_a-jp2uc.o)
 *fill*         0x0000000008008be2        0x2 ff
 .rodata.a1     0x0000000008008be4       0xbc c:/devkitpro/devkitarm/bin/../lib/gcc/arm-none-eabi/9.1.0/../../../../arm-none-eabi/lib/thumb\libg.a(lib_a-jp2uc.o)
 .rodata.a2     0x0000000008008ca0       0xbc c:/devkitpro/devkitarm/bin/../lib/gcc/arm-none-eabi/9.1.0/../../../../arm-none-eabi/lib/thumb\libg.a(lib_a-jp2uc.o)
 .rodata.a3     0x0000000008008d5c       0x5b c:/devkitpro/devkitarm/bin/../lib/gcc/arm-none-eabi/9.1.0/../../../../arm-none-eabi/lib/thumb\libg.a(lib_a-jp2uc.o)
 *fill*         0x0000000008008db7        0x1 ff
 .rodata.a6     0x0000000008008db8       0x70 c:/devkitpro/devkitarm/bin/../lib/gcc/arm-none-eabi/9.1.0/../../../../arm-none-eabi/lib/thumb\libg.a(lib_a-jp2uc.o)
 .rodata.a7     0x0000000008008e28       0xa2 c:/devkitpro/devkitarm/bin/../lib/gcc/arm-none-eabi/9.1.0/../../../../arm-none-eabi/lib/thumb\libg.a(lib_a-jp2uc.o)
 *fill*         0x0000000008008eca        0x2 ff
 .rodata.a8     0x0000000008008ecc       0x40 c:/devkitpro/devkitarm/bin/../lib/gcc/arm-none-eabi/9.1.0/../../../../arm-none-eabi/lib/thumb\libg.a(lib_a-jp2uc.o)
 .rodata.b02cf  0x0000000008008f0c     0x172a c:/devkitpro/devkitarm/bin/../lib/gcc/arm-none-eabi/9.1.0/../../../../arm-none-eabi/lib/thumb\libg.a(lib_a-jp2uc.o)
 *fill*         0x000000000800a636        0x2 ff
 .rodata.d02f4  0x000000000800a638     0x1a7c c:/devkitpro/devkitarm/bin/../lib/gcc/arm-none-eabi/9.1.0/../../../../arm-none-eabi/lib/thumb\libg.a(lib_a-jp2uc.o)
 .rodata.categories
                0x000000000800c0b4     0x309c c:/devkitpro/devkitarm/bin/../lib/gcc/arm-none-eabi/9.1.0/../../../../arm-none-eabi/lib/thumb\libg.a(lib_a-categories.o)
 .rodata.AddDevice.str1.4
                0x000000000800f150        0x8 c:/devkitpro/devkitarm/bin/../lib/gcc/arm-none-eabi/9.1.0/../../../../arm-none-eabi/lib/thumb\libsysbase.a(iosupport.o)
 .rodata.dotab_stdnull
                0x000000000800f158       0x70 c:/devkitpro/devkitarm/bin/../lib/gcc/arm-none-eabi/9.1.0/../../../../arm-none-eabi/lib/thumb\libsysbase.a(iosupport.o)
                0x000000000800f158                dotab_stdnull
 *(.gnu.linkonce.r*)
                0x000000000800f1c8                . = ALIGN (0x4)

.ARM.extab
 *(.ARM.extab* .gnu.linkonce.armextab.*)
                0x000000000800f1c8                __exidx_start = .

.ARM.exidx
 *(.ARM.exidx* .gnu.linkonce.armexidx.*)
                0x000000000800f1c8                __exidx_end = .

.ctors          0x000000000800f1c8        0x0
 *crtbegin.o(.ctors)
 *(EXCLUDE_FILE(*crtend.o) .ctors)
 *(SORT_BY_NAME(.ctors.*))
 *(.ctors)
                0x000000000800f1c8                . = ALIGN (0x4)

.dtors          0x000000000800f1c8        0x0
 *crtbegin.o(.dtors)
 *(EXCLUDE_FILE(*crtend.o) .dtors)
 *(SORT_BY_NAME(.dtors.*))
 *(.dtors)
                0x000000000800f1c8                . = ALIGN (0x4)

.eh_frame       0x000000000800f1c8        0x4
 *(.eh_frame)
 .eh_frame      0x000000000800f1c8        0x0 c:/devkitpro/devkitarm/bin/../lib/gcc/arm-none-eabi/9.1.0/thumb/crtbegin.o
 .eh_frame      0x000000000800f1c8        0x4 c:/devkitpro/devkitarm/bin/../lib/gcc/arm-none-eabi/9.1.0/thumb/crtend.o
                0x000000000800f1cc                . = ALIGN (0x4)

.gcc_except_table
                0x000000000800f1cc        0x0
 *(.gcc_except_table)
                0x000000000800f1cc                . = ALIGN (0x4)
                0x000000000800f1cc                __iwram_lma = .

.iwram          0x0000000003000000       0xb8 load address 0x000000000800f1cc
                0x0000000003000000                __iwram_start__ = ABSOLUTE (.)
 *(.iwram .iwram*)
 .iwram         0x0000000003000000       0xb8 C:/devkitPro/libgba/lib\libgba.a(InterruptDispatcher.o)
                0x0000000003000000                IntrMain
 *iwram.*(.text* .data*)
                0x00000000030000b8                . = ALIGN (0x4)
                0x00000000030000b8                __iwram_end__ = ABSOLUTE (.)
                0x000000000800f284                __data_lma = (__iwram_lma + SIZEOF (.iwram))

.rel.dyn        0x00000000030000b8        0x0 load address 0x000000000800f284
 .rel.iplt      0x00000000030000b8        0x0 c:/devkitpro/devkitarm/bin/../lib/gcc/arm-none-eabi/9.1.0/../../../../arm-none-eabi/lib/thumb/gba_crt0.o

.bss            0x00000000030000b8      0x144
                0x00000000030000b8                __bss_start = ABSOLUTE (.)
                0x00000000030000b8                __bss_start__ = ABSOLUTE (.)
 *(.dynbss)
 *(.gnu.linkonce.b*)
 *(.bss*)
 .bss.completed.9071
                0x00000000030000b8        0x1 c:/devkitpro/devkitarm/bin/../lib/gcc/arm-none-eabi/9.1.0/thumb/crtbegin.o
 *fill*         0x00000000030000b9        0x3 
 .bss.object.9076
                0x00000000030000bc       0x18 c:/devkitpro/devkitarm/bin/../lib/gcc/arm-none-eabi/9.1.0/thumb/crtbegin.o
 .bss           0x00000000030000d4       0x1c C:/devkitPro/libgba/lib\libgba.a(console.o)
 .bss           0x00000000030000f0        0xa C:/devkitPro/libgba/lib\libgba.a(input.o)
 *fill*         0x00000000030000fa        0x2 
 .bss.__malloc_current_mallinfo
                0x00000000030000fc       0x28 c:/devkitpro/devkitarm/bin/../lib/gcc/arm-none-eabi/9.1.0/../../../../arm-none-eabi/lib/thumb\libg.a(lib_a-mallocr.o)
                0x00000000030000fc                __malloc_current_mallinfo
 .bss.__malloc_max_sbrked_mem
                0x0000000003000124        0x4 c:/devkitpro/devkitarm/bin/../lib/gcc/arm-none-eabi/9.1.0/../../../../arm-none-eabi/lib/thumb\libg.a(lib_a-mallocr.o)
                0x0000000003000124                __malloc_max_sbrked_mem
 .bss.__malloc_max_total_mem
                0x0000000003000128        0x4 c:/devkitpro/devkitarm/bin/../lib/gcc/arm-none-eabi/9.1.0/../../../../arm-none-eabi/lib/thumb\libg.a(lib_a-mallocr.o)
                0x0000000003000128                __malloc_max_total_mem
 .bss.__malloc_top_pad
                0x000000000300012c        0x4 c:/devkitpro/devkitarm/bin/../lib/gcc/arm-none-eabi/9.1.0/../../../../arm-none-eabi/lib/thumb\libg.a(lib_a-mallocr.o)
                0x000000000300012c                __malloc_top_pad
 .bss.heap_start.6057
                0x0000000003000130        0x4 c:/devkitpro/devkitarm/bin/../lib/gcc/arm-none-eabi/9.1.0/../../../../arm-none-eabi/lib/thumb\libsysbase.a(sbrk.o)
 .bss.fake_heap_end
                0x0000000003000134        0x4 c:/devkitpro/devkitarm/bin/../lib/gcc/arm-none-eabi/9.1.0/../../../../arm-none-eabi/lib/thumb\libsysbase.a(malloc_vars.o)
                0x0000000003000134                fake_heap_end
 .bss.fake_heap_start
                0x0000000003000138        0x4 c:/devkitpro/devkitarm/bin/../lib/gcc/arm-none-eabi/9.1.0/../../../../arm-none-eabi/lib/thumb\libsysbase.a(malloc_vars.o)
                0x0000000003000138                fake_heap_start
 .bss.__syscalls
                0x000000000300013c       0x48 c:/devkitpro/devkitarm/bin/../lib/gcc/arm-none-eabi/9.1.0/../../../../arm-none-eabi/lib/thumb\libsysbase.a(syscall_support.o)
                0x000000000300013c                __syscalls
 *(COMMON)
 COMMON         0x0000000003000184       0x78 C:/devkitPro/libgba/lib\libgba.a(interrupt.o)
                0x0000000003000184                IntrTable
                0x00000000030001fc                . = ALIGN (0x4)
                0x00000000030001fc                __bss_end__ = ABSOLUTE (.)

.data           0x00000000030001fc     0x1ac0 load address 0x000000000800f284
                0x00000000030001fc                __data_start__ = ABSOLUTE (.)
 *(.data*)
 .data          0x00000000030001fc        0x3 C:/devkitPro/libgba/lib\libgba.a(input.o)
 *fill*         0x00000000030001ff        0x1 ff
 .data.__sfp_recursive_mutex
                0x0000000003000200        0xc c:/devkitpro/devkitarm/bin/../lib/gcc/arm-none-eabi/9.1.0/../../../../arm-none-eabi/lib/thumb\libg.a(lib_a-findfp.o)
 .data.__sinit_recursive_mutex
                0x000000000300020c        0xc c:/devkitpro/devkitarm/bin/../lib/gcc/arm-none-eabi/9.1.0/../../../../arm-none-eabi/lib/thumb\libg.a(lib_a-findfp.o)
 .data._impure_ptr
                0x0000000003000218        0x4 c:/devkitpro/devkitarm/bin/../lib/gcc/arm-none-eabi/9.1.0/../../../../arm-none-eabi/lib/thumb\libg.a(lib_a-impure.o)
                0x0000000003000218                _impure_ptr
 *fill*         0x000000000300021c        0x4 ff
 .data.impure_data
                0x0000000003000220      0x460 c:/devkitpro/devkitarm/bin/../lib/gcc/arm-none-eabi/9.1.0/../../../../arm-none-eabi/lib/thumb\libg.a(lib_a-impure.o)
 .data.__global_locale
                0x0000000003000680      0x16c c:/devkitpro/devkitarm/bin/../lib/gcc/arm-none-eabi/9.1.0/../../../../arm-none-eabi/lib/thumb\libg.a(lib_a-locale.o)
                0x0000000003000680                __global_locale
 .data.__malloc_av_
                0x00000000030007ec      0x408 c:/devkitpro/devkitarm/bin/../lib/gcc/arm-none-eabi/9.1.0/../../../../arm-none-eabi/lib/thumb\libg.a(lib_a-mallocr.o)
                0x00000000030007ec                __malloc_av_
 .data.__malloc_sbrk_base
                0x0000000003000bf4        0x4 c:/devkitpro/devkitarm/bin/../lib/gcc/arm-none-eabi/9.1.0/../../../../arm-none-eabi/lib/thumb\libg.a(lib_a-mallocr.o)
                0x0000000003000bf4                __malloc_sbrk_base
 .data.__malloc_trim_threshold
                0x0000000003000bf8        0x4 c:/devkitpro/devkitarm/bin/../lib/gcc/arm-none-eabi/9.1.0/../../../../arm-none-eabi/lib/thumb\libg.a(lib_a-mallocr.o)
                0x0000000003000bf8                __malloc_trim_threshold
 .data.__malloc_recursive_mutex
                0x0000000003000bfc        0xc c:/devkitpro/devkitarm/bin/../lib/gcc/arm-none-eabi/9.1.0/../../../../arm-none-eabi/lib/thumb\libg.a(lib_a-mlock.o)
 .data.devoptab_list
                0x0000000003000c08       0x8c c:/devkitpro/devkitarm/bin/../lib/gcc/arm-none-eabi/9.1.0/../../../../arm-none-eabi/lib/thumb\libsysbase.a(iosupport.o)
                0x0000000003000c08                devoptab_list
 .data.__hndl_lock
                0x0000000003000c94        0x4 c:/devkitpro/devkitarm/bin/../lib/gcc/arm-none-eabi/9.1.0/../../../../arm-none-eabi/lib/thumb\libsysbase.a(handle_manager.o)
 .data.__stderr_handle
                0x0000000003000c98        0xc c:/devkitpro/devkitarm/bin/../lib/gcc/arm-none-eabi/9.1.0/../../../../arm-none-eabi/lib/thumb\libsysbase.a(handle_manager.o)
 .data.__stdin_handle
                0x0000000003000ca4        0xc c:/devkitpro/devkitarm/bin/../lib/gcc/arm-none-eabi/9.1.0/../../../../arm-none-eabi/lib/thumb\libsysbase.a(handle_manager.o)
 .data.__stdout_handle
                0x0000000003000cb0        0xc c:/devkitpro/devkitarm/bin/../lib/gcc/arm-none-eabi/9.1.0/../../../../arm-none-eabi/lib/thumb\libsysbase.a(handle_manager.o)
 .data.handles  0x0000000003000cbc     0x1000 c:/devkitpro/devkitarm/bin/../lib/gcc/arm-none-eabi/9.1.0/../../../../arm-none-eabi/lib/thumb\libsysbase.a(handle_manager.o)
 *(.gnu.linkonce.d*)
                0x0000000003001cbc                . = ALIGN (0x4)
                0x0000000008010d44                __preinit_lma = (__data_lma + SIZEOF (.data))

.igot.plt       0x0000000003001cbc        0x0 load address 0x0000000008010d44
 .igot.plt      0x0000000003001cbc        0x0 c:/devkitpro/devkitarm/bin/../lib/gcc/arm-none-eabi/9.1.0/../../../../arm-none-eabi/lib/thumb/gba_crt0.o

.tm_clone_table
                0x0000000003001cbc        0x0 load address 0x0000000008010d44
 .tm_clone_table
                0x0000000003001cbc        0x0 c:/devkitpro/devkitarm/bin/../lib/gcc/arm-none-eabi/9.1.0/thumb/crtbegin.o
 .tm_clone_table
                0x0000000003001cbc        0x0 c:/devkitpro/devkitarm/bin/../lib/gcc/arm-none-eabi/9.1.0/thumb/crtend.o

.preinit_array  0x0000000003001cbc        0x0 load address 0x0000000008010d44
                0x0000000003001cbc                __preinit_array_start = ABSOLUTE (.)
 *(.preinit_array)
                0x0000000003001cbc                __preinit_array_end = ABSOLUTE (.)
                0x0000000008010d44                __init_lma = (__preinit_lma + SIZEOF (.preinit_array))

.init_array     0x0000000003001cbc        0x4 load address 0x0000000008010d44
                0x0000000003001cbc                __init_array_start = ABSOLUTE (.)
 *(SORT_BY_NAME(.init_array.*))
 *(.init_array)
 .init_array    0x0000000003001cbc        0x4 c:/devkitpro/devkitarm/bin/../lib/gcc/arm-none-eabi/9.1.0/thumb/crtbegin.o
                0x0000000003001cc0                __init_array_end = ABSOLUTE (.)
                0x0000000008010d48                __fini_lma = (__init_lma + SIZEOF (.init_array))

.fini_array     0x0000000003001cc0        0x4 load address 0x0000000008010d48
                0x0000000003001cc0                __fini_array_start = ABSOLUTE (.)
 *(SORT_BY_NAME(.fini_array.*))
 *(.fini_array)
 .fini_array    0x0000000003001cc0        0x4 c:/devkitpro/devkitarm/bin/../lib/gcc/arm-none-eabi/9.1.0/thumb/crtbegin.o
                0x0000000003001cc4                __fini_array_end = ABSOLUTE (.)
                0x0000000008010d4c                __jcr_lma = (__fini_lma + SIZEOF (.fini_array))

.jcr            0x0000000003001cc4        0x0 load address 0x0000000008010d4c
 *(.jcr)
                0x0000000003001cc4                __data_end__ = ABSOLUTE (.)
                0x0000000008010d4c                __iwram_overlay_lma = (__jcr_lma + SIZEOF (.jcr))
                0x0000000003001cc4                __iwram_overlay_start = .

.iwram0         0x0000000003001cc4        0x0 load address 0x0000000008010d4c
 *(.iwram0)
                0x0000000003001cc4                . = ALIGN (0x4)
                0x0000000008010d4c                PROVIDE (__load_start_iwram0 = LOADADDR (.iwram0))
                0x0000000008010d4c                PROVIDE (__load_stop_iwram0 = (LOADADDR (.iwram0) + SIZEOF (.iwram0)))

.iwram1         0x0000000003001cc4        0x0
 *(.iwram1)
                0x0000000003001cc4                . = ALIGN (0x4)
                [!provide]                        PROVIDE (__load_start_iwram1 = LOADADDR (.iwram1))
                [!provide]                        PROVIDE (__load_stop_iwram1 = (LOADADDR (.iwram1) + SIZEOF (.iwram1)))

.iwram2         0x0000000003001cc4        0x0
 *(.iwram2)
                0x0000000003001cc4                . = ALIGN (0x4)
                [!provide]                        PROVIDE (__load_start_iwram2 = LOADADDR (.iwram2))
                [!provide]                        PROVIDE (__load_stop_iwram2 = (LOADADDR (.iwram2) + SIZEOF (.iwram2)))

.iwram3         0x0000000003001cc4        0x0
 *(.iwram3)
                0x0000000003001cc4                . = ALIGN (0x4)
                [!provide]                        PROVIDE (__load_start_iwram3 = LOADADDR (.iwram3))
                [!provide]                        PROVIDE (__load_stop_iwram3 = (LOADADDR (.iwram3) + SIZEOF (.iwram3)))

.iwram4         0x0000000003001cc4        0x0
 *(.iwram4)
                0x0000000003001cc4                . = ALIGN (0x4)
                [!provide]                        PROVIDE (__load_start_iwram4 = LOADADDR (.iwram4))
                [!provide]                        PROVIDE (__load_stop_iwram4 = (LOADADDR (.iwram4) + SIZEOF (.iwram4)))

.iwram5         0x0000000003001cc4        0x0
 *(.iwram5)
                0x0000000003001cc4                . = ALIGN (0x4)
                [!provide]                        PROVIDE (__load_start_iwram5 = LOADADDR (.iwram5))
                [!provide]                        PROVIDE (__load_stop_iwram5 = (LOADADDR (.iwram5) + SIZEOF (.iwram5)))

.iwram6         0x0000000003001cc4        0x0
 *(.iwram6)
                0x0000000003001cc4                . = ALIGN (0x4)
                [!provide]                        PROVIDE (__load_start_iwram6 = LOADADDR (.iwram6))
                [!provide]                        PROVIDE (__load_stop_iwram6 = (LOADADDR (.iwram6) + SIZEOF (.iwram6)))

.iwram7         0x0000000003001cc4        0x0
 *(.iwram7)
                0x0000000003001cc4                . = ALIGN (0x4)
                [!provide]                        PROVIDE (__load_start_iwram7 = LOADADDR (.iwram7))
                [!provide]                        PROVIDE (__load_stop_iwram7 = (LOADADDR (.iwram7) + SIZEOF (.iwram7)))

.iwram8         0x0000000003001cc4        0x0
 *(.iwram8)
                0x0000000003001cc4                . = ALIGN (0x4)
                [!provide]                        PROVIDE (__load_start_iwram8 = LOADADDR (.iwram8))
                [!provide]                        PROVIDE (__load_stop_iwram8 = (LOADADDR (.iwram8) + SIZEOF (.iwram8)))

.iwram9         0x0000000003001cc4        0x0
 *(.iwram9)
                0x0000000003001cc4                . = ALIGN (0x4)
                [!provide]                        PROVIDE (__load_start_iwram9 = LOADADDR (.iwram9))
                [!provide]                        PROVIDE (__load_stop_iwram9 = (LOADADDR (.iwram9) + SIZEOF (.iwram9)))
                0x0000000003001cc4                __iwram_overlay_end = .
                0x0000000008010d4c                __ewram_lma = (__iwram_overlay_lma + (__iwram_overlay_end - __iwram_overlay_start))
                0x0000000003001cc4                __iheap_start = .
                0x0000000002000000                __ewram_start = ORIGIN (ewram)

.ewram          0x0000000002000000        0x0 load address 0x0000000008010d4c
 *(.ewram*)
                0x0000000002000000                . = ALIGN (0x4)
                0x0000000002000000                __ewram_end = ABSOLUTE (.)
                0x0000000008010d4c                __pad_lma = (__ewram_lma + SIZEOF (.ewram))

.sbss           0x0000000002000000        0x0
                0x0000000002000000                __sbss_start__ = ABSOLUTE (.)
 *(.sbss*)
                0x0000000002000000                . = ALIGN (0x4)
                0x0000000002000000                __sbss_end__ = ABSOLUTE (.)
                0x0000000002000000                __end__ = ABSOLUTE (.)
                0x0000000002000000                __eheap_start = ABSOLUTE (.)

.pad            0x0000000002000000        0x8 load address 0x0000000008010d4c
                0x0000000002000000        0x4 LONG 0x52416b64
                0x0000000002000004        0x4 LONG 0x4d
                0x0000000002000008                . = ALIGN (0x4)
                0x0000000008010d54                __rom_end__ = (__pad_lma + SIZEOF (.pad))

.stab
 *(.stab)

.stabstr
 *(.stabstr)

.stab.excl
 *(.stab.excl)

.stab.exclstr
 *(.stab.exclstr)

.stab.index
 *(.stab.index)

.stab.indexstr
 *(.stab.indexstr)

.comment        0x0000000000000000       0x44
 *(.comment)
 .comment       0x0000000000000000       0x22 c:/devkitpro/devkitarm/bin/../lib/gcc/arm-none-eabi/9.1.0/thumb/crtbegin.o
                                         0x23 (size before relaxing)
 .comment       0x0000000000000022       0x23 tile_design.o
 .comment       0x0000000000000022       0x22 C:/devkitPro/libgba/lib\libgba.a(interrupt.o)
                                         0x23 (size before relaxing)
 .comment       0x0000000000000044       0x23 C:/devkitPro/libgba/lib\libgba.a(console.o)
 .comment       0x0000000000000044       0x23 C:/devkitPro/libgba/lib\libgba.a(input.o)
 .comment       0x0000000000000044       0x23 C:/devkitPro/libgba/lib\libgba.a(CpuSet.o)
 .comment       0x0000000000000044       0x23 c:/devkitpro/devkitarm/bin/../lib/gcc/arm-none-eabi/9.1.0/../../../../arm-none-eabi/lib/thumb\libg.a(lib_a-init.o)
 .comment       0x0000000000000044       0x23 c:/devkitpro/devkitarm/bin/../lib/gcc/arm-none-eabi/9.1.0/../../../../arm-none-eabi/lib/thumb\libg.a(lib_a-iprintf.o)
 .comment       0x0000000000000044       0x23 c:/devkitpro/devkitarm/bin/../lib/gcc/arm-none-eabi/9.1.0/../../../../arm-none-eabi/lib/thumb\libg.a(lib_a-setvbuf.o)
 .comment       0x0000000000000044       0x23 c:/devkitpro/devkitarm/bin/../lib/gcc/arm-none-eabi/9.1.0/../../../../arm-none-eabi/lib/thumb\libg.a(lib_a-siscanf.o)
 .comment       0x0000000000000044       0x23 c:/devkitpro/devkitarm/bin/../lib/gcc/arm-none-eabi/9.1.0/../../../../arm-none-eabi/lib/thumb\libg.a(lib_a-stdio.o)
 .comment       0x0000000000000044       0x23 c:/devkitpro/devkitarm/bin/../lib/gcc/arm-none-eabi/9.1.0/../../../../arm-none-eabi/lib/thumb\libg.a(lib_a-strlen-stub.o)
 .comment       0x0000000000000044       0x23 c:/devkitpro/devkitarm/bin/../lib/gcc/arm-none-eabi/9.1.0/../../../../arm-none-eabi/lib/thumb\libg.a(lib_a-svfiscanf.o)
 .comment       0x0000000000000044       0x23 c:/devkitpro/devkitarm/bin/../lib/gcc/arm-none-eabi/9.1.0/../../../../arm-none-eabi/lib/thumb\libg.a(lib_a-ungetc.o)
 .comment       0x0000000000000044       0x23 c:/devkitpro/devkitarm/bin/../lib/gcc/arm-none-eabi/9.1.0/../../../../arm-none-eabi/lib/thumb\libg.a(lib_a-vfiprintf.o)
 .comment       0x0000000000000044       0x23 c:/devkitpro/devkitarm/bin/../lib/gcc/arm-none-eabi/9.1.0/../../../../arm-none-eabi/lib/thumb\libg.a(lib_a-wcrtomb.o)
 .comment       0x0000000000000044       0x23 c:/devkitpro/devkitarm/bin/../lib/gcc/arm-none-eabi/9.1.0/../../../../arm-none-eabi/lib/thumb\libg.a(lib_a-wcsrtombs.o)
 .comment       0x0000000000000044       0x23 c:/devkitpro/devkitarm/bin/../lib/gcc/arm-none-eabi/9.1.0/../../../../arm-none-eabi/lib/thumb\libg.a(lib_a-wsetup.o)
 .comment       0x0000000000000044       0x23 c:/devkitpro/devkitarm/bin/../lib/gcc/arm-none-eabi/9.1.0/../../../../arm-none-eabi/lib/thumb\libg.a(lib_a-ctype_.o)
 .comment       0x0000000000000044       0x23 c:/devkitpro/devkitarm/bin/../lib/gcc/arm-none-eabi/9.1.0/../../../../arm-none-eabi/lib/thumb\libg.a(lib_a-fflush.o)
 .comment       0x0000000000000044       0x23 c:/devkitpro/devkitarm/bin/../lib/gcc/arm-none-eabi/9.1.0/../../../../arm-none-eabi/lib/thumb\libg.a(lib_a-findfp.o)
 .comment       0x0000000000000044       0x23 c:/devkitpro/devkitarm/bin/../lib/gcc/arm-none-eabi/9.1.0/../../../../arm-none-eabi/lib/thumb\libg.a(lib_a-freer.o)
 .comment       0x0000000000000044       0x23 c:/devkitpro/devkitarm/bin/../lib/gcc/arm-none-eabi/9.1.0/../../../../arm-none-eabi/lib/thumb\libg.a(lib_a-fvwrite.o)
 .comment       0x0000000000000044       0x23 c:/devkitpro/devkitarm/bin/../lib/gcc/arm-none-eabi/9.1.0/../../../../arm-none-eabi/lib/thumb\libg.a(lib_a-fwalk.o)
 .comment       0x0000000000000044       0x23 c:/devkitpro/devkitarm/bin/../lib/gcc/arm-none-eabi/9.1.0/../../../../arm-none-eabi/lib/thumb\libg.a(lib_a-impure.o)
 .comment       0x0000000000000044       0x23 c:/devkitpro/devkitarm/bin/../lib/gcc/arm-none-eabi/9.1.0/../../../../arm-none-eabi/lib/thumb\libg.a(lib_a-iswspace.o)
 .comment       0x0000000000000044       0x23 c:/devkitpro/devkitarm/bin/../lib/gcc/arm-none-eabi/9.1.0/../../../../arm-none-eabi/lib/thumb\libg.a(lib_a-localeconv.o)
 .comment       0x0000000000000044       0x23 c:/devkitpro/devkitarm/bin/../lib/gcc/arm-none-eabi/9.1.0/../../../../arm-none-eabi/lib/thumb\libg.a(lib_a-locale.o)
 .comment       0x0000000000000044       0x23 c:/devkitpro/devkitarm/bin/../lib/gcc/arm-none-eabi/9.1.0/../../../../arm-none-eabi/lib/thumb\libg.a(lib_a-makebuf.o)
 .comment       0x0000000000000044       0x23 c:/devkitpro/devkitarm/bin/../lib/gcc/arm-none-eabi/9.1.0/../../../../arm-none-eabi/lib/thumb\libg.a(lib_a-malloc.o)
 .comment       0x0000000000000044       0x23 c:/devkitpro/devkitarm/bin/../lib/gcc/arm-none-eabi/9.1.0/../../../../arm-none-eabi/lib/thumb\libg.a(lib_a-mallocr.o)
 .comment       0x0000000000000044       0x23 c:/devkitpro/devkitarm/bin/../lib/gcc/arm-none-eabi/9.1.0/../../../../arm-none-eabi/lib/thumb\libg.a(lib_a-mbrtowc.o)
 .comment       0x0000000000000044       0x23 c:/devkitpro/devkitarm/bin/../lib/gcc/arm-none-eabi/9.1.0/../../../../arm-none-eabi/lib/thumb\libg.a(lib_a-mbtowc_r.o)
 .comment       0x0000000000000044       0x23 c:/devkitpro/devkitarm/bin/../lib/gcc/arm-none-eabi/9.1.0/../../../../arm-none-eabi/lib/thumb\libg.a(lib_a-memchr-stub.o)
 .comment       0x0000000000000044       0x23 c:/devkitpro/devkitarm/bin/../lib/gcc/arm-none-eabi/9.1.0/../../../../arm-none-eabi/lib/thumb\libg.a(lib_a-memcpy-stub.o)
 .comment       0x0000000000000044       0x23 c:/devkitpro/devkitarm/bin/../lib/gcc/arm-none-eabi/9.1.0/../../../../arm-none-eabi/lib/thumb\libg.a(lib_a-memmove.o)
 .comment       0x0000000000000044       0x23 c:/devkitpro/devkitarm/bin/../lib/gcc/arm-none-eabi/9.1.0/../../../../arm-none-eabi/lib/thumb\libg.a(lib_a-memset.o)
 .comment       0x0000000000000044       0x23 c:/devkitpro/devkitarm/bin/../lib/gcc/arm-none-eabi/9.1.0/../../../../arm-none-eabi/lib/thumb\libg.a(lib_a-mlock.o)
 .comment       0x0000000000000044       0x23 c:/devkitpro/devkitarm/bin/../lib/gcc/arm-none-eabi/9.1.0/../../../../arm-none-eabi/lib/thumb\libg.a(lib_a-realloc.o)
 .comment       0x0000000000000044       0x23 c:/devkitpro/devkitarm/bin/../lib/gcc/arm-none-eabi/9.1.0/../../../../arm-none-eabi/lib/thumb\libg.a(lib_a-reallocr.o)
 .comment       0x0000000000000044       0x23 c:/devkitpro/devkitarm/bin/../lib/gcc/arm-none-eabi/9.1.0/../../../../arm-none-eabi/lib/thumb\libg.a(lib_a-sccl.o)
 .comment       0x0000000000000044       0x23 c:/devkitpro/devkitarm/bin/../lib/gcc/arm-none-eabi/9.1.0/../../../../arm-none-eabi/lib/thumb\libg.a(lib_a-strncpy.o)
 .comment       0x0000000000000044       0x23 c:/devkitpro/devkitarm/bin/../lib/gcc/arm-none-eabi/9.1.0/../../../../arm-none-eabi/lib/thumb\libg.a(lib_a-strtoll.o)
 .comment       0x0000000000000044       0x23 c:/devkitpro/devkitarm/bin/../lib/gcc/arm-none-eabi/9.1.0/../../../../arm-none-eabi/lib/thumb\libg.a(lib_a-strtol.o)
 .comment       0x0000000000000044       0x23 c:/devkitpro/devkitarm/bin/../lib/gcc/arm-none-eabi/9.1.0/../../../../arm-none-eabi/lib/thumb\libg.a(lib_a-strtoull.o)
 .comment       0x0000000000000044       0x23 c:/devkitpro/devkitarm/bin/../lib/gcc/arm-none-eabi/9.1.0/../../../../arm-none-eabi/lib/thumb\libg.a(lib_a-strtoul.o)
 .comment       0x0000000000000044       0x23 c:/devkitpro/devkitarm/bin/../lib/gcc/arm-none-eabi/9.1.0/../../../../arm-none-eabi/lib/thumb\libg.a(lib_a-svfiprintf.o)
 .comment       0x0000000000000044       0x23 c:/devkitpro/devkitarm/bin/../lib/gcc/arm-none-eabi/9.1.0/../../../../arm-none-eabi/lib/thumb\libg.a(lib_a-wcsnrtombs.o)
 .comment       0x0000000000000044       0x23 c:/devkitpro/devkitarm/bin/../lib/gcc/arm-none-eabi/9.1.0/../../../../arm-none-eabi/lib/thumb\libg.a(lib_a-wctomb_r.o)
 .comment       0x0000000000000044       0x23 c:/devkitpro/devkitarm/bin/../lib/gcc/arm-none-eabi/9.1.0/../../../../arm-none-eabi/lib/thumb\libg.a(lib_a-fclose.o)
 .comment       0x0000000000000044       0x23 c:/devkitpro/devkitarm/bin/../lib/gcc/arm-none-eabi/9.1.0/../../../../arm-none-eabi/lib/thumb\libg.a(lib_a-iswspace_l.o)
 .comment       0x0000000000000044       0x23 c:/devkitpro/devkitarm/bin/../lib/gcc/arm-none-eabi/9.1.0/../../../../arm-none-eabi/lib/thumb\libg.a(lib_a-jp2uc.o)
 .comment       0x0000000000000044       0x23 c:/devkitpro/devkitarm/bin/../lib/gcc/arm-none-eabi/9.1.0/../../../../arm-none-eabi/lib/thumb\libg.a(lib_a-categories.o)
 .comment       0x0000000000000044       0x23 c:/devkitpro/devkitarm/bin/../lib/gcc/arm-none-eabi/9.1.0/../../../../arm-none-eabi/lib/thumb\libsysbase.a(iosupport.o)
 .comment       0x0000000000000044       0x23 c:/devkitpro/devkitarm/bin/../lib/gcc/arm-none-eabi/9.1.0/../../../../arm-none-eabi/lib/thumb\libsysbase.a(fstat.o)
 .comment       0x0000000000000044       0x23 c:/devkitpro/devkitarm/bin/../lib/gcc/arm-none-eabi/9.1.0/../../../../arm-none-eabi/lib/thumb\libsysbase.a(isatty.o)
 .comment       0x0000000000000044       0x23 c:/devkitpro/devkitarm/bin/../lib/gcc/arm-none-eabi/9.1.0/../../../../arm-none-eabi/lib/thumb\libsysbase.a(lseek.o)
 .comment       0x0000000000000044       0x23 c:/devkitpro/devkitarm/bin/../lib/gcc/arm-none-eabi/9.1.0/../../../../arm-none-eabi/lib/thumb\libsysbase.a(read.o)
 .comment       0x0000000000000044       0x23 c:/devkitpro/devkitarm/bin/../lib/gcc/arm-none-eabi/9.1.0/../../../../arm-none-eabi/lib/thumb\libsysbase.a(sbrk.o)
 .comment       0x0000000000000044       0x23 c:/devkitpro/devkitarm/bin/../lib/gcc/arm-none-eabi/9.1.0/../../../../arm-none-eabi/lib/thumb\libsysbase.a(write.o)
 .comment       0x0000000000000044       0x23 c:/devkitpro/devkitarm/bin/../lib/gcc/arm-none-eabi/9.1.0/../../../../arm-none-eabi/lib/thumb\libsysbase.a(malloc_vars.o)
 .comment       0x0000000000000044       0x23 c:/devkitpro/devkitarm/bin/../lib/gcc/arm-none-eabi/9.1.0/../../../../arm-none-eabi/lib/thumb\libsysbase.a(flock.o)
 .comment       0x0000000000000044       0x23 c:/devkitpro/devkitarm/bin/../lib/gcc/arm-none-eabi/9.1.0/../../../../arm-none-eabi/lib/thumb\libsysbase.a(syscall_support.o)
 .comment       0x0000000000000044       0x23 c:/devkitpro/devkitarm/bin/../lib/gcc/arm-none-eabi/9.1.0/../../../../arm-none-eabi/lib/thumb\libsysbase.a(handle_manager.o)
 .comment       0x0000000000000044       0x23 c:/devkitpro/devkitarm/bin/../lib/gcc/arm-none-eabi/9.1.0/../../../../arm-none-eabi/lib/thumb\libsysbase.a(getreent.o)
 .comment       0x0000000000000044       0x23 c:/devkitpro/devkitarm/bin/../lib/gcc/arm-none-eabi/9.1.0/thumb\libgcc.a(_muldi3.o)
 .comment       0x0000000000000044       0x23 c:/devkitpro/devkitarm/bin/../lib/gcc/arm-none-eabi/9.1.0/thumb\libgcc.a(_udivmoddi4.o)
 .comment       0x0000000000000044       0x23 c:/devkitpro/devkitarm/bin/../lib/gcc/arm-none-eabi/9.1.0/thumb/crtend.o

.debug
 *(.debug)

.line
 *(.line)

.debug_srcinfo
 *(.debug_srcinfo)

.debug_sfnames
 *(.debug_sfnames)

.debug_aranges  0x0000000000000000       0xc0
 *(.debug_aranges)
 .debug_aranges
                0x0000000000000000       0x20 tile_design.o
 .debug_aranges
                0x0000000000000020       0x20 C:/devkitPro/libgba/lib\libgba.a(interrupt.o)
 .debug_aranges
                0x0000000000000040       0x20 C:/devkitPro/libgba/lib\libgba.a(console.o)
 .debug_aranges
                0x0000000000000060       0x20 C:/devkitPro/libgba/lib\libgba.a(input.o)
 .debug_aranges
                0x0000000000000080       0x20 C:/devkitPro/libgba/lib\libgba.a(InterruptDispatcher.o)
 .debug_aranges
                0x00000000000000a0       0x20 C:/devkitPro/libgba/lib\libgba.a(CpuSet.o)

.debug_pubnames
 *(.debug_pubnames)

.debug_info     0x0000000000000000     0x346e
 *(.debug_info)
 .debug_info    0x0000000000000000      0xb8e tile_design.o
 .debug_info    0x0000000000000b8e      0x41b C:/devkitPro/libgba/lib\libgba.a(interrupt.o)
 .debug_info    0x0000000000000fa9     0x20fd C:/devkitPro/libgba/lib\libgba.a(console.o)
 .debug_info    0x00000000000030a6      0x267 C:/devkitPro/libgba/lib\libgba.a(input.o)
 .debug_info    0x000000000000330d       0x26 C:/devkitPro/libgba/lib\libgba.a(InterruptDispatcher.o)
 .debug_info    0x0000000000003333      0x13b C:/devkitPro/libgba/lib\libgba.a(CpuSet.o)

.debug_abbrev   0x0000000000000000      0xb64
 *(.debug_abbrev)
 .debug_abbrev  0x0000000000000000      0x2aa tile_design.o
 .debug_abbrev  0x00000000000002aa      0x1ee C:/devkitPro/libgba/lib\libgba.a(interrupt.o)
 .debug_abbrev  0x0000000000000498      0x4eb C:/devkitPro/libgba/lib\libgba.a(console.o)
 .debug_abbrev  0x0000000000000983      0x126 C:/devkitPro/libgba/lib\libgba.a(input.o)
 .debug_abbrev  0x0000000000000aa9       0x14 C:/devkitPro/libgba/lib\libgba.a(InterruptDispatcher.o)
 .debug_abbrev  0x0000000000000abd       0xa7 C:/devkitPro/libgba/lib\libgba.a(CpuSet.o)

.debug_line     0x0000000000000000     0x17af
 *(.debug_line)
 .debug_line    0x0000000000000000      0x2e2 tile_design.o
 .debug_line    0x00000000000002e2      0x5ae C:/devkitPro/libgba/lib\libgba.a(interrupt.o)
 .debug_line    0x0000000000000890      0xa72 C:/devkitPro/libgba/lib\libgba.a(console.o)
 .debug_line    0x0000000000001302      0x297 C:/devkitPro/libgba/lib\libgba.a(input.o)
 .debug_line    0x0000000000001599       0xb2 C:/devkitPro/libgba/lib\libgba.a(InterruptDispatcher.o)
 .debug_line    0x000000000000164b      0x164 C:/devkitPro/libgba/lib\libgba.a(CpuSet.o)

.debug_frame    0x0000000000000000      0x28c
 *(.debug_frame)
 .debug_frame   0x0000000000000000       0x2c tile_design.o
 .debug_frame   0x000000000000002c       0xb0 C:/devkitPro/libgba/lib\libgba.a(interrupt.o)
 .debug_frame   0x00000000000000dc      0x100 C:/devkitPro/libgba/lib\libgba.a(console.o)
 .debug_frame   0x00000000000001dc       0x80 C:/devkitPro/libgba/lib\libgba.a(input.o)
 .debug_frame   0x000000000000025c       0x30 C:/devkitPro/libgba/lib\libgba.a(CpuSet.o)

.debug_str      0x0000000000000000     0x1106
 *(.debug_str)
 .debug_str     0x0000000000000000      0x64d tile_design.o
                                        0x6ef (size before relaxing)
 .debug_str     0x000000000000064d      0x19b C:/devkitPro/libgba/lib\libgba.a(interrupt.o)
                                        0x310 (size before relaxing)
 .debug_str     0x00000000000007e8      0x7b6 C:/devkitPro/libgba/lib\libgba.a(console.o)
                                        0xe18 (size before relaxing)
 .debug_str     0x0000000000000f9e       0xae C:/devkitPro/libgba/lib\libgba.a(input.o)
                                        0x21b (size before relaxing)
 .debug_str     0x000000000000104c       0x60 C:/devkitPro/libgba/lib\libgba.a(InterruptDispatcher.o)
                                         0xa0 (size before relaxing)
 .debug_str     0x00000000000010ac       0x5a C:/devkitPro/libgba/lib\libgba.a(CpuSet.o)
                                        0x18e (size before relaxing)

.debug_loc      0x0000000000000000     0x195b
 *(.debug_loc)
 .debug_loc     0x0000000000000000      0x446 C:/devkitPro/libgba/lib\libgba.a(interrupt.o)
 .debug_loc     0x0000000000000446     0x13f8 C:/devkitPro/libgba/lib\libgba.a(console.o)
 .debug_loc     0x000000000000183e       0x3f C:/devkitPro/libgba/lib\libgba.a(input.o)
 .debug_loc     0x000000000000187d       0xde C:/devkitPro/libgba/lib\libgba.a(CpuSet.o)

.debug_macinfo
 *(.debug_macinfo)

.debug_weaknames
 *(.debug_weaknames)

.debug_funcnames
 *(.debug_funcnames)

.debug_typenames
 *(.debug_typenames)

.debug_varnames
 *(.debug_varnames)

.stack          0x0000000000080000        0x0
                0x0000000000080000                _stack = .
 *(.stack)

.note.gnu.arm.ident
 *(.note.gnu.arm.ident)

.ARM.attributes
                0x0000000000000000       0x2c
 *(.ARM.attributes)
 .ARM.attributes
                0x0000000000000000       0x20 c:/devkitpro/devkitarm/bin/../lib/gcc/arm-none-eabi/9.1.0/../../../../arm-none-eabi/lib/thumb/gba_crt0.o
 .ARM.attributes
                0x0000000000000020       0x1c c:/devkitpro/devkitarm/bin/../lib/gcc/arm-none-eabi/9.1.0/thumb/crti.o
 .ARM.attributes
                0x000000000000003c       0x2a c:/devkitpro/devkitarm/bin/../lib/gcc/arm-none-eabi/9.1.0/thumb/crtbegin.o
 .ARM.attributes
                0x0000000000000066       0x26 tile_design.o
 .ARM.attributes
                0x000000000000008c       0x2a C:/devkitPro/libgba/lib\libgba.a(interrupt.o)
 .ARM.attributes
                0x00000000000000b6       0x2a C:/devkitPro/libgba/lib\libgba.a(console.o)
 .ARM.attributes
                0x00000000000000e0       0x2a C:/devkitPro/libgba/lib\libgba.a(input.o)
 .ARM.attributes
                0x000000000000010a       0x1a C:/devkitPro/libgba/lib\libgba.a(InterruptDispatcher.o)
 .ARM.attributes
                0x0000000000000124       0x14 C:/devkitPro/libgba/lib\libgba.a(amiga.fnt.o)
 .ARM.attributes
                0x0000000000000138       0x2a C:/devkitPro/libgba/lib\libgba.a(CpuSet.o)
 .ARM.attributes
                0x0000000000000162       0x2a c:/devkitpro/devkitarm/bin/../lib/gcc/arm-none-eabi/9.1.0/../../../../arm-none-eabi/lib/thumb\libg.a(lib_a-init.o)
 .ARM.attributes
                0x000000000000018c       0x2a c:/devkitpro/devkitarm/bin/../lib/gcc/arm-none-eabi/9.1.0/../../../../arm-none-eabi/lib/thumb\libg.a(lib_a-iprintf.o)
 .ARM.attributes
                0x00000000000001b6       0x2a c:/devkitpro/devkitarm/bin/../lib/gcc/arm-none-eabi/9.1.0/../../../../arm-none-eabi/lib/thumb\libg.a(lib_a-setvbuf.o)
 .ARM.attributes
                0x00000000000001e0       0x2a c:/devkitpro/devkitarm/bin/../lib/gcc/arm-none-eabi/9.1.0/../../../../arm-none-eabi/lib/thumb\libg.a(lib_a-siscanf.o)
 .ARM.attributes
                0x000000000000020a       0x2a c:/devkitpro/devkitarm/bin/../lib/gcc/arm-none-eabi/9.1.0/../../../../arm-none-eabi/lib/thumb\libg.a(lib_a-stdio.o)
 .ARM.attributes
                0x0000000000000234       0x2a c:/devkitpro/devkitarm/bin/../lib/gcc/arm-none-eabi/9.1.0/../../../../arm-none-eabi/lib/thumb\libg.a(lib_a-strlen-stub.o)
 .ARM.attributes
                0x000000000000025e       0x2a c:/devkitpro/devkitarm/bin/../lib/gcc/arm-none-eabi/9.1.0/../../../../arm-none-eabi/lib/thumb\libg.a(lib_a-svfiscanf.o)
 .ARM.attributes
                0x0000000000000288       0x2a c:/devkitpro/devkitarm/bin/../lib/gcc/arm-none-eabi/9.1.0/../../../../arm-none-eabi/lib/thumb\libg.a(lib_a-ungetc.o)
 .ARM.attributes
                0x00000000000002b2       0x2a c:/devkitpro/devkitarm/bin/../lib/gcc/arm-none-eabi/9.1.0/../../../../arm-none-eabi/lib/thumb\libg.a(lib_a-vfiprintf.o)
 .ARM.attributes
                0x00000000000002dc       0x2a c:/devkitpro/devkitarm/bin/../lib/gcc/arm-none-eabi/9.1.0/../../../../arm-none-eabi/lib/thumb\libg.a(lib_a-wcrtomb.o)
 .ARM.attributes
                0x0000000000000306       0x2a c:/devkitpro/devkitarm/bin/../lib/gcc/arm-none-eabi/9.1.0/../../../../arm-none-eabi/lib/thumb\libg.a(lib_a-wcsrtombs.o)
 .ARM.attributes
                0x0000000000000330       0x2a c:/devkitpro/devkitarm/bin/../lib/gcc/arm-none-eabi/9.1.0/../../../../arm-none-eabi/lib/thumb\libg.a(lib_a-wsetup.o)
 .ARM.attributes
                0x000000000000035a       0x2a c:/devkitpro/devkitarm/bin/../lib/gcc/arm-none-eabi/9.1.0/../../../../arm-none-eabi/lib/thumb\libg.a(lib_a-ctype_.o)
 .ARM.attributes
                0x0000000000000384       0x2a c:/devkitpro/devkitarm/bin/../lib/gcc/arm-none-eabi/9.1.0/../../../../arm-none-eabi/lib/thumb\libg.a(lib_a-fflush.o)
 .ARM.attributes
                0x00000000000003ae       0x2a c:/devkitpro/devkitarm/bin/../lib/gcc/arm-none-eabi/9.1.0/../../../../arm-none-eabi/lib/thumb\libg.a(lib_a-findfp.o)
 .ARM.attributes
                0x00000000000003d8       0x2a c:/devkitpro/devkitarm/bin/../lib/gcc/arm-none-eabi/9.1.0/../../../../arm-none-eabi/lib/thumb\libg.a(lib_a-freer.o)
 .ARM.attributes
                0x0000000000000402       0x2a c:/devkitpro/devkitarm/bin/../lib/gcc/arm-none-eabi/9.1.0/../../../../arm-none-eabi/lib/thumb\libg.a(lib_a-fvwrite.o)
 .ARM.attributes
                0x000000000000042c       0x2a c:/devkitpro/devkitarm/bin/../lib/gcc/arm-none-eabi/9.1.0/../../../../arm-none-eabi/lib/thumb\libg.a(lib_a-fwalk.o)
 .ARM.attributes
                0x0000000000000456       0x30 c:/devkitpro/devkitarm/bin/../lib/gcc/arm-none-eabi/9.1.0/../../../../arm-none-eabi/lib/thumb\libg.a(lib_a-impure.o)
 .ARM.attributes
                0x0000000000000486       0x2a c:/devkitpro/devkitarm/bin/../lib/gcc/arm-none-eabi/9.1.0/../../../../arm-none-eabi/lib/thumb\libg.a(lib_a-iswspace.o)
 .ARM.attributes
                0x00000000000004b0       0x2a c:/devkitpro/devkitarm/bin/../lib/gcc/arm-none-eabi/9.1.0/../../../../arm-none-eabi/lib/thumb\libg.a(lib_a-localeconv.o)
 .ARM.attributes
                0x00000000000004da       0x2a c:/devkitpro/devkitarm/bin/../lib/gcc/arm-none-eabi/9.1.0/../../../../arm-none-eabi/lib/thumb\libg.a(lib_a-locale.o)
 .ARM.attributes
                0x0000000000000504       0x2a c:/devkitpro/devkitarm/bin/../lib/gcc/arm-none-eabi/9.1.0/../../../../arm-none-eabi/lib/thumb\libg.a(lib_a-makebuf.o)
 .ARM.attributes
                0x000000000000052e       0x2a c:/devkitpro/devkitarm/bin/../lib/gcc/arm-none-eabi/9.1.0/../../../../arm-none-eabi/lib/thumb\libg.a(lib_a-malloc.o)
 .ARM.attributes
                0x0000000000000558       0x2a c:/devkitpro/devkitarm/bin/../lib/gcc/arm-none-eabi/9.1.0/../../../../arm-none-eabi/lib/thumb\libg.a(lib_a-mallocr.o)
 .ARM.attributes
                0x0000000000000582       0x2a c:/devkitpro/devkitarm/bin/../lib/gcc/arm-none-eabi/9.1.0/../../../../arm-none-eabi/lib/thumb\libg.a(lib_a-mbrtowc.o)
 .ARM.attributes
                0x00000000000005ac       0x2a c:/devkitpro/devkitarm/bin/../lib/gcc/arm-none-eabi/9.1.0/../../../../arm-none-eabi/lib/thumb\libg.a(lib_a-mbtowc_r.o)
 .ARM.attributes
                0x00000000000005d6       0x2a c:/devkitpro/devkitarm/bin/../lib/gcc/arm-none-eabi/9.1.0/../../../../arm-none-eabi/lib/thumb\libg.a(lib_a-memchr-stub.o)
 .ARM.attributes
                0x0000000000000600       0x2a c:/devkitpro/devkitarm/bin/../lib/gcc/arm-none-eabi/9.1.0/../../../../arm-none-eabi/lib/thumb\libg.a(lib_a-memcpy-stub.o)
 .ARM.attributes
                0x000000000000062a       0x2a c:/devkitpro/devkitarm/bin/../lib/gcc/arm-none-eabi/9.1.0/../../../../arm-none-eabi/lib/thumb\libg.a(lib_a-memmove.o)
 .ARM.attributes
                0x0000000000000654       0x2a c:/devkitpro/devkitarm/bin/../lib/gcc/arm-none-eabi/9.1.0/../../../../arm-none-eabi/lib/thumb\libg.a(lib_a-memset.o)
 .ARM.attributes
                0x000000000000067e       0x2a c:/devkitpro/devkitarm/bin/../lib/gcc/arm-none-eabi/9.1.0/../../../../arm-none-eabi/lib/thumb\libg.a(lib_a-mlock.o)
 .ARM.attributes
                0x00000000000006a8       0x2a c:/devkitpro/devkitarm/bin/../lib/gcc/arm-none-eabi/9.1.0/../../../../arm-none-eabi/lib/thumb\libg.a(lib_a-realloc.o)
 .ARM.attributes
                0x00000000000006d2       0x2a c:/devkitpro/devkitarm/bin/../lib/gcc/arm-none-eabi/9.1.0/../../../../arm-none-eabi/lib/thumb\libg.a(lib_a-reallocr.o)
 .ARM.attributes
                0x00000000000006fc       0x2a c:/devkitpro/devkitarm/bin/../lib/gcc/arm-none-eabi/9.1.0/../../../../arm-none-eabi/lib/thumb\libg.a(lib_a-sccl.o)
 .ARM.attributes
                0x0000000000000726       0x2a c:/devkitpro/devkitarm/bin/../lib/gcc/arm-none-eabi/9.1.0/../../../../arm-none-eabi/lib/thumb\libg.a(lib_a-strcasecmp.o)
 .ARM.attributes
                0x0000000000000750       0x2a c:/devkitpro/devkitarm/bin/../lib/gcc/arm-none-eabi/9.1.0/../../../../arm-none-eabi/lib/thumb\libg.a(lib_a-strcat.o)
 .ARM.attributes
                0x000000000000077a       0x2a c:/devkitpro/devkitarm/bin/../lib/gcc/arm-none-eabi/9.1.0/../../../../arm-none-eabi/lib/thumb\libg.a(lib_a-strchr.o)
 .ARM.attributes
                0x00000000000007a4       0x1a c:/devkitpro/devkitarm/bin/../lib/gcc/arm-none-eabi/9.1.0/../../../../arm-none-eabi/lib/thumb\libg.a(lib_a-strcmp.o)
 .ARM.attributes
                0x00000000000007be       0x2a c:/devkitpro/devkitarm/bin/../lib/gcc/arm-none-eabi/9.1.0/../../../../arm-none-eabi/lib/thumb\libg.a(lib_a-strcpy.o)
 .ARM.attributes
                0x00000000000007e8       0x2a c:/devkitpro/devkitarm/bin/../lib/gcc/arm-none-eabi/9.1.0/../../../../arm-none-eabi/lib/thumb\libg.a(lib_a-strlcpy.o)
 .ARM.attributes
                0x0000000000000812       0x2a c:/devkitpro/devkitarm/bin/../lib/gcc/arm-none-eabi/9.1.0/../../../../arm-none-eabi/lib/thumb\libg.a(lib_a-strncasecmp.o)
 .ARM.attributes
                0x000000000000083c       0x2a c:/devkitpro/devkitarm/bin/../lib/gcc/arm-none-eabi/9.1.0/../../../../arm-none-eabi/lib/thumb\libg.a(lib_a-strncmp.o)
 .ARM.attributes
                0x0000000000000866       0x2a c:/devkitpro/devkitarm/bin/../lib/gcc/arm-none-eabi/9.1.0/../../../../arm-none-eabi/lib/thumb\libg.a(lib_a-strncpy.o)
 .ARM.attributes
                0x0000000000000890       0x2a c:/devkitpro/devkitarm/bin/../lib/gcc/arm-none-eabi/9.1.0/../../../../arm-none-eabi/lib/thumb\libg.a(lib_a-strtoll.o)
 .ARM.attributes
                0x00000000000008ba       0x2a c:/devkitpro/devkitarm/bin/../lib/gcc/arm-none-eabi/9.1.0/../../../../arm-none-eabi/lib/thumb\libg.a(lib_a-strtol.o)
 .ARM.attributes
                0x00000000000008e4       0x2a c:/devkitpro/devkitarm/bin/../lib/gcc/arm-none-eabi/9.1.0/../../../../arm-none-eabi/lib/thumb\libg.a(lib_a-strtoull.o)
 .ARM.attributes
                0x000000000000090e       0x2a c:/devkitpro/devkitarm/bin/../lib/gcc/arm-none-eabi/9.1.0/../../../../arm-none-eabi/lib/thumb\libg.a(lib_a-strtoul.o)
 .ARM.attributes
                0x0000000000000938       0x2a c:/devkitpro/devkitarm/bin/../lib/gcc/arm-none-eabi/9.1.0/../../../../arm-none-eabi/lib/thumb\libg.a(lib_a-svfiprintf.o)
 .ARM.attributes
                0x0000000000000962       0x2a c:/devkitpro/devkitarm/bin/../lib/gcc/arm-none-eabi/9.1.0/../../../../arm-none-eabi/lib/thumb\libg.a(lib_a-wcsnrtombs.o)
 .ARM.attributes
                0x000000000000098c       0x2a c:/devkitpro/devkitarm/bin/../lib/gcc/arm-none-eabi/9.1.0/../../../../arm-none-eabi/lib/thumb\libg.a(lib_a-wctomb_r.o)
 .ARM.attributes
                0x00000000000009b6       0x2a c:/devkitpro/devkitarm/bin/../lib/gcc/arm-none-eabi/9.1.0/../../../../arm-none-eabi/lib/thumb\libg.a(lib_a-fclose.o)
 .ARM.attributes
                0x00000000000009e0       0x2a c:/devkitpro/devkitarm/bin/../lib/gcc/arm-none-eabi/9.1.0/../../../../arm-none-eabi/lib/thumb\libg.a(lib_a-getenv_r.o)
 .ARM.attributes
                0x0000000000000a0a       0x2a c:/devkitpro/devkitarm/bin/../lib/gcc/arm-none-eabi/9.1.0/../../../../arm-none-eabi/lib/thumb\libg.a(lib_a-iswspace_l.o)
 .ARM.attributes
                0x0000000000000a34       0x2a c:/devkitpro/devkitarm/bin/../lib/gcc/arm-none-eabi/9.1.0/../../../../arm-none-eabi/lib/thumb\libg.a(lib_a-jp2uc.o)
 .ARM.attributes
                0x0000000000000a5e       0x2a c:/devkitpro/devkitarm/bin/../lib/gcc/arm-none-eabi/9.1.0/../../../../arm-none-eabi/lib/thumb\libg.a(lib_a-categories.o)
 .ARM.attributes
                0x0000000000000a88       0x30 c:/devkitpro/devkitarm/bin/../lib/gcc/arm-none-eabi/9.1.0/../../../../arm-none-eabi/lib/thumb\libg.a(lib_a-environ.o)
 .ARM.attributes
                0x0000000000000ab8       0x2a c:/devkitpro/devkitarm/bin/../lib/gcc/arm-none-eabi/9.1.0/../../../../arm-none-eabi/lib/thumb\libg.a(lib_a-envlock.o)
 .ARM.attributes
                0x0000000000000ae2       0x2a c:/devkitpro/devkitarm/bin/../lib/gcc/arm-none-eabi/9.1.0/../../../../arm-none-eabi/lib/thumb\libsysbase.a(iosupport.o)
 .ARM.attributes
                0x0000000000000b0c       0x2a c:/devkitpro/devkitarm/bin/../lib/gcc/arm-none-eabi/9.1.0/../../../../arm-none-eabi/lib/thumb\libsysbase.a(fstat.o)
 .ARM.attributes
                0x0000000000000b36       0x2a c:/devkitpro/devkitarm/bin/../lib/gcc/arm-none-eabi/9.1.0/../../../../arm-none-eabi/lib/thumb\libsysbase.a(isatty.o)
 .ARM.attributes
                0x0000000000000b60       0x2a c:/devkitpro/devkitarm/bin/../lib/gcc/arm-none-eabi/9.1.0/../../../../arm-none-eabi/lib/thumb\libsysbase.a(lseek.o)
 .ARM.attributes
                0x0000000000000b8a       0x2a c:/devkitpro/devkitarm/bin/../lib/gcc/arm-none-eabi/9.1.0/../../../../arm-none-eabi/lib/thumb\libsysbase.a(read.o)
 .ARM.attributes
                0x0000000000000bb4       0x2a c:/devkitpro/devkitarm/bin/../lib/gcc/arm-none-eabi/9.1.0/../../../../arm-none-eabi/lib/thumb\libsysbase.a(sbrk.o)
 .ARM.attributes
                0x0000000000000bde       0x2a c:/devkitpro/devkitarm/bin/../lib/gcc/arm-none-eabi/9.1.0/../../../../arm-none-eabi/lib/thumb\libsysbase.a(write.o)
 .ARM.attributes
                0x0000000000000c08       0x30 c:/devkitpro/devkitarm/bin/../lib/gcc/arm-none-eabi/9.1.0/../../../../arm-none-eabi/lib/thumb\libsysbase.a(malloc_vars.o)
 .ARM.attributes
                0x0000000000000c38       0x2a c:/devkitpro/devkitarm/bin/../lib/gcc/arm-none-eabi/9.1.0/../../../../arm-none-eabi/lib/thumb\libsysbase.a(flock.o)
 .ARM.attributes
                0x0000000000000c62       0x2a c:/devkitpro/devkitarm/bin/../lib/gcc/arm-none-eabi/9.1.0/../../../../arm-none-eabi/lib/thumb\libsysbase.a(syscall_support.o)
 .ARM.attributes
                0x0000000000000c8c       0x2a c:/devkitpro/devkitarm/bin/../lib/gcc/arm-none-eabi/9.1.0/../../../../arm-none-eabi/lib/thumb\libsysbase.a(handle_manager.o)
 .ARM.attributes
                0x0000000000000cb6       0x2a c:/devkitpro/devkitarm/bin/../lib/gcc/arm-none-eabi/9.1.0/../../../../arm-none-eabi/lib/thumb\libsysbase.a(getreent.o)
 .ARM.attributes
                0x0000000000000ce0       0x1c c:/devkitpro/devkitarm/bin/../lib/gcc/arm-none-eabi/9.1.0/thumb\libgcc.a(_thumb1_case_uqi.o)
 .ARM.attributes
                0x0000000000000cfc       0x1c c:/devkitpro/devkitarm/bin/../lib/gcc/arm-none-eabi/9.1.0/thumb\libgcc.a(_thumb1_case_uhi.o)
 .ARM.attributes
                0x0000000000000d18       0x1c c:/devkitpro/devkitarm/bin/../lib/gcc/arm-none-eabi/9.1.0/thumb\libgcc.a(_udivsi3.o)
 .ARM.attributes
                0x0000000000000d34       0x1c c:/devkitpro/devkitarm/bin/../lib/gcc/arm-none-eabi/9.1.0/thumb\libgcc.a(_divsi3.o)
 .ARM.attributes
                0x0000000000000d50       0x1c c:/devkitpro/devkitarm/bin/../lib/gcc/arm-none-eabi/9.1.0/thumb\libgcc.a(_dvmd_tls.o)
 .ARM.attributes
                0x0000000000000d6c       0x1c c:/devkitpro/devkitarm/bin/../lib/gcc/arm-none-eabi/9.1.0/thumb\libgcc.a(_aeabi_uldivmod.o)
 .ARM.attributes
                0x0000000000000d88       0x2a c:/devkitpro/devkitarm/bin/../lib/gcc/arm-none-eabi/9.1.0/thumb\libgcc.a(_muldi3.o)
 .ARM.attributes
                0x0000000000000db2       0x2a c:/devkitpro/devkitarm/bin/../lib/gcc/arm-none-eabi/9.1.0/thumb\libgcc.a(_udivmoddi4.o)
 .ARM.attributes
                0x0000000000000ddc       0x1c c:/devkitpro/devkitarm/bin/../lib/gcc/arm-none-eabi/9.1.0/thumb\libgcc.a(_clzdi2.o)
 .ARM.attributes
                0x0000000000000df8       0x1c c:/devkitpro/devkitarm/bin/../lib/gcc/arm-none-eabi/9.1.0/thumb\libgcc.a(_clzsi2.o)
 .ARM.attributes
                0x0000000000000e14       0x2a c:/devkitpro/devkitarm/bin/../lib/gcc/arm-none-eabi/9.1.0/../../../../arm-none-eabi/lib/thumb\libg.a(lib_a-errno.o)
 .ARM.attributes
                0x0000000000000e3e       0x30 c:/devkitpro/devkitarm/bin/../lib/gcc/arm-none-eabi/9.1.0/thumb/crtend.o
 .ARM.attributes
                0x0000000000000e6e       0x1c c:/devkitpro/devkitarm/bin/../lib/gcc/arm-none-eabi/9.1.0/thumb/crtn.o

/DISCARD/
 *(.note.GNU-stack)
LOAD c:/devkitpro/devkitarm/bin/../lib/gcc/arm-none-eabi/9.1.0/../../../../arm-none-eabi/lib/thumb/gba_crt0.o
LOAD c:/devkitpro/devkitarm/bin/../lib/gcc/arm-none-eabi/9.1.0/thumb/crti.o
LOAD c:/devkitpro/devkitarm/bin/../lib/gcc/arm-none-eabi/9.1.0/thumb/crtbegin.o
LOAD tile_design.o
LOAD C:/devkitPro/libgba/lib\libgba.a
START GROUP
LOAD c:/devkitpro/devkitarm/bin/../lib/gcc/arm-none-eabi/9.1.0/thumb\libgcc.a
LOAD c:/devkitpro/devkitarm/bin/../lib/gcc/arm-none-eabi/9.1.0/../../../../arm-none-eabi/lib/thumb\libg.a
LOAD c:/devkitpro/devkitarm/bin/../lib/gcc/arm-none-eabi/9.1.0/../../../../arm-none-eabi/lib/thumb\libc.a
LOAD c:/devkitpro/devkitarm/bin/../lib/gcc/arm-none-eabi/9.1.0/../../../../arm-none-eabi/lib/thumb\libsysbase.a
END GROUP
LOAD c:/devkitpro/devkitarm/bin/../lib/gcc/arm-none-eabi/9.1.0/thumb/crtend.o
LOAD c:/devkitpro/devkitarm/bin/../lib/gcc/arm-none-eabi/9.1.0/thumb/crtn.o
OUTPUT(C:/Users/George/Desktop/GBA_Development/tile_design/tile_design.elf elf32-littlearm)

.debug_ranges   0x0000000000000000      0x190
 .debug_ranges  0x0000000000000000       0x10 tile_design.o
 .debug_ranges  0x0000000000000010       0x70 C:/devkitPro/libgba/lib\libgba.a(interrupt.o)
 .debug_ranges  0x0000000000000080      0x100 C:/devkitPro/libgba/lib\libgba.a(console.o)
 .debug_ranges  0x0000000000000180       0x10 C:/devkitPro/libgba/lib\libgba.a(CpuSet.o)
